Archive member included to satisfy reference by file (symbol)

c:/gcc-arm-none-eabi-10.3-2021.10-win32/gcc-arm-none-eabi-10.3-2021.10/bin/../lib/gcc/arm-none-eabi/10.3.1/thumb/v7e-m+fp/hard\libgcc.a(_arm_addsubdf3.o)
                              CMakeFiles/omni-infantry.elf.dir/application/Chassis.c.obj (__aeabi_f2d)
c:/gcc-arm-none-eabi-10.3-2021.10-win32/gcc-arm-none-eabi-10.3-2021.10/bin/../lib/gcc/arm-none-eabi/10.3.1/thumb/v7e-m+fp/hard\libgcc.a(_arm_cmpdf2.o)
                              CMakeFiles/omni-infantry.elf.dir/application/Chassis.c.obj (__aeabi_dcmple)
c:/gcc-arm-none-eabi-10.3-2021.10-win32/gcc-arm-none-eabi-10.3-2021.10/bin/../lib/gcc/arm-none-eabi/10.3.1/thumb/v7e-m+fp/hard\libgcc.a(_arm_truncdfsf2.o)
                              CMakeFiles/omni-infantry.elf.dir/application/Chassis.c.obj (__aeabi_d2f)
c:/gcc-arm-none-eabi-10.3-2021.10-win32/gcc-arm-none-eabi-10.3-2021.10/bin/../lib/gcc/arm-none-eabi/10.3.1/thumb/v7e-m+fp/hard\libgcc.a(_aeabi_uldivmod.o)
                              CMakeFiles/omni-infantry.elf.dir/Drivers/STM32F4xx_HAL_Driver/Src/stm32f4xx_hal_rcc.c.obj (__aeabi_uldivmod)
c:/gcc-arm-none-eabi-10.3-2021.10-win32/gcc-arm-none-eabi-10.3-2021.10/bin/../lib/gcc/arm-none-eabi/10.3.1/thumb/v7e-m+fp/hard\libgcc.a(_udivmoddi4.o)
                              c:/gcc-arm-none-eabi-10.3-2021.10-win32/gcc-arm-none-eabi-10.3-2021.10/bin/../lib/gcc/arm-none-eabi/10.3.1/thumb/v7e-m+fp/hard\libgcc.a(_aeabi_uldivmod.o) (__udivmoddi4)
c:/gcc-arm-none-eabi-10.3-2021.10-win32/gcc-arm-none-eabi-10.3-2021.10/bin/../lib/gcc/arm-none-eabi/10.3.1/thumb/v7e-m+fp/hard\libgcc.a(_dvmd_tls.o)
                              c:/gcc-arm-none-eabi-10.3-2021.10-win32/gcc-arm-none-eabi-10.3-2021.10/bin/../lib/gcc/arm-none-eabi/10.3.1/thumb/v7e-m+fp/hard\libgcc.a(_aeabi_uldivmod.o) (__aeabi_ldiv0)
c:/gcc-arm-none-eabi-10.3-2021.10-win32/gcc-arm-none-eabi-10.3-2021.10/bin/../lib/gcc/arm-none-eabi/10.3.1/../../../../arm-none-eabi/lib/thumb/v7e-m+fp/hard\libg.a(lib_a-errno.o)
                              CMakeFiles/omni-infantry.elf.dir/Core/Src/syscalls.c.obj (__errno)
c:/gcc-arm-none-eabi-10.3-2021.10-win32/gcc-arm-none-eabi-10.3-2021.10/bin/../lib/gcc/arm-none-eabi/10.3.1/../../../../arm-none-eabi/lib/thumb/v7e-m+fp/hard\libg.a(lib_a-exit.o)
                              c:/gcc-arm-none-eabi-10.3-2021.10-win32/gcc-arm-none-eabi-10.3-2021.10/bin/../lib/gcc/arm-none-eabi/10.3.1/../../../../arm-none-eabi/lib/thumb/v7e-m+fp/hard/crt0.o (exit)
c:/gcc-arm-none-eabi-10.3-2021.10-win32/gcc-arm-none-eabi-10.3-2021.10/bin/../lib/gcc/arm-none-eabi/10.3.1/../../../../arm-none-eabi/lib/thumb/v7e-m+fp/hard\libg.a(lib_a-impure.o)
                              c:/gcc-arm-none-eabi-10.3-2021.10-win32/gcc-arm-none-eabi-10.3-2021.10/bin/../lib/gcc/arm-none-eabi/10.3.1/../../../../arm-none-eabi/lib/thumb/v7e-m+fp/hard\libg.a(lib_a-exit.o) (_global_impure_ptr)
c:/gcc-arm-none-eabi-10.3-2021.10-win32/gcc-arm-none-eabi-10.3-2021.10/bin/../lib/gcc/arm-none-eabi/10.3.1/../../../../arm-none-eabi/lib/thumb/v7e-m+fp/hard\libg.a(lib_a-init.o)
                              c:/gcc-arm-none-eabi-10.3-2021.10-win32/gcc-arm-none-eabi-10.3-2021.10/bin/../lib/gcc/arm-none-eabi/10.3.1/../../../../arm-none-eabi/lib/thumb/v7e-m+fp/hard/crt0.o (__libc_init_array)
c:/gcc-arm-none-eabi-10.3-2021.10-win32/gcc-arm-none-eabi-10.3-2021.10/bin/../lib/gcc/arm-none-eabi/10.3.1/../../../../arm-none-eabi/lib/thumb/v7e-m+fp/hard\libg.a(lib_a-malloc.o)
                              CMakeFiles/omni-infantry.elf.dir/component/support/fifo.c.obj (malloc)
c:/gcc-arm-none-eabi-10.3-2021.10-win32/gcc-arm-none-eabi-10.3-2021.10/bin/../lib/gcc/arm-none-eabi/10.3.1/../../../../arm-none-eabi/lib/thumb/v7e-m+fp/hard\libg.a(lib_a-mallocr.o)
                              c:/gcc-arm-none-eabi-10.3-2021.10-win32/gcc-arm-none-eabi-10.3-2021.10/bin/../lib/gcc/arm-none-eabi/10.3.1/../../../../arm-none-eabi/lib/thumb/v7e-m+fp/hard\libg.a(lib_a-malloc.o) (_malloc_r)
c:/gcc-arm-none-eabi-10.3-2021.10-win32/gcc-arm-none-eabi-10.3-2021.10/bin/../lib/gcc/arm-none-eabi/10.3.1/../../../../arm-none-eabi/lib/thumb/v7e-m+fp/hard\libg.a(lib_a-memcpy.o)
                              CMakeFiles/omni-infantry.elf.dir/Middlewares/Third_Party/FreeRTOS/Source/queue.c.obj (memcpy)
c:/gcc-arm-none-eabi-10.3-2021.10-win32/gcc-arm-none-eabi-10.3-2021.10/bin/../lib/gcc/arm-none-eabi/10.3.1/../../../../arm-none-eabi/lib/thumb/v7e-m+fp/hard\libg.a(lib_a-memset.o)
                              c:/gcc-arm-none-eabi-10.3-2021.10-win32/gcc-arm-none-eabi-10.3-2021.10/bin/../lib/gcc/arm-none-eabi/10.3.1/../../../../arm-none-eabi/lib/thumb/v7e-m+fp/hard/crt0.o (memset)
c:/gcc-arm-none-eabi-10.3-2021.10-win32/gcc-arm-none-eabi-10.3-2021.10/bin/../lib/gcc/arm-none-eabi/10.3.1/../../../../arm-none-eabi/lib/thumb/v7e-m+fp/hard\libg.a(lib_a-mlock.o)
[...]
Memory Configuration

Name             Origin             Length             Attributes
CCMRAM           0x10000000         0x00010000         xrw
RAM              0x20000000         0x00020000         xrw
FLASH            0x08000000         0x00100000         xr
*default*        0x00000000         0xffffffff

Linker script and memory map

LOAD c:/gcc-arm-none-eabi-10.3-2021.10-win32/gcc-arm-none-eabi-10.3-2021.10/bin/../lib/gcc/arm-none-eabi/10.3.1/thumb/v7e-m+fp/hard/crti.o
LOAD c:/gcc-arm-none-eabi-10.3-2021.10-win32/gcc-arm-none-eabi-10.3-2021.10/bin/../lib/gcc/arm-none-eabi/10.3.1/thumb/v7e-m+fp/hard/crtbegin.o
LOAD c:/gcc-arm-none-eabi-10.3-2021.10-win32/gcc-arm-none-eabi-10.3-2021.10/bin/../lib/gcc/arm-none-eabi/10.3.1/../../../../arm-none-eabi/lib/thumb/v7e-m+fp/hard/crt0.o
LOAD CMakeFiles/omni-infantry.elf.dir/Core/Src/adc.c.obj
LOAD CMakeFiles/omni-infantry.elf.dir/Core/Src/can.c.obj
LOAD CMakeFiles/omni-infantry.elf.dir/Core/Src/crc.c.obj
LOAD CMakeFiles/omni-infantry.elf.dir/Core/Src/dma.c.obj
LOAD CMakeFiles/omni-infantry.elf.dir/Core/Src/freertos.c.obj
LOAD CMakeFiles/omni-infantry.elf.dir/Core/Src/gpio.c.obj
LOAD CMakeFiles/omni-infantry.elf.dir/Core/Src/main.c.obj
LOAD CMakeFiles/omni-infantry.elf.dir/Core/Src/rng.c.obj
LOAD CMakeFiles/omni-infantry.elf.dir/Core/Src/spi.c.obj
LOAD CMakeFiles/omni-infantry.elf.dir/Core/Src/stm32f4xx_hal_msp.c.obj
LOAD CMakeFiles/omni-infantry.elf.dir/Core/Src/stm32f4xx_it.c.obj
LOAD CMakeFiles/omni-infantry.elf.dir/Core/Src/syscalls.c.obj
LOAD CMakeFiles/omni-infantry.elf.dir/Core/Src/sysmem.c.obj
LOAD CMakeFiles/omni-infantry.elf.dir/Core/Src/system_stm32f4xx.c.obj
LOAD CMakeFiles/omni-infantry.elf.dir/Core/Src/tim.c.obj
LOAD CMakeFiles/omni-infantry.elf.dir/Core/Src/usart.c.obj
LOAD CMakeFiles/omni-infantry.elf.dir/Core/Startup/startup_stm32f407ighx.s.obj
LOAD CMakeFiles/omni-infantry.elf.dir/Drivers/STM32F4xx_HAL_Driver/Src/stm32f4xx_hal.c.obj
LOAD CMakeFiles/omni-infantry.elf.dir/Drivers/STM32F4xx_HAL_Driver/Src/stm32f4xx_hal_adc.c.obj
LOAD CMakeFiles/omni-infantry.elf.dir/Drivers/STM32F4xx_HAL_Driver/Src/stm32f4xx_hal_adc_ex.c.obj
LOAD CMakeFiles/omni-infantry.elf.dir/Drivers/STM32F4xx_HAL_Driver/Src/stm32f4xx_hal_can.c.obj
LOAD CMakeFiles/omni-infantry.elf.dir/Drivers/STM32F4xx_HAL_Driver/Src/stm32f4xx_hal_cortex.c.obj
LOAD CMakeFiles/omni-infantry.elf.dir/Drivers/STM32F4xx_HAL_Driver/Src/stm32f4xx_hal_crc.c.obj
LOAD CMakeFiles/omni-infantry.elf.dir/Drivers/STM32F4xx_HAL_Driver/Src/stm32f4xx_hal_dma.c.obj
LOAD CMakeFiles/omni-infantry.elf.dir/Drivers/STM32F4xx_HAL_Driver/Src/stm32f4xx_hal_dma_ex.c.obj
LOAD CMakeFiles/omni-infantry.elf.dir/Drivers/STM32F4xx_HAL_Driver/Src/stm32f4xx_hal_exti.c.obj
LOAD CMakeFiles/omni-infantry.elf.dir/Drivers/STM32F4xx_HAL_Driver/Src/stm32f4xx_hal_flash.c.obj
LOAD CMakeFiles/omni-infantry.elf.dir/Drivers/STM32F4xx_HAL_Driver/Src/stm32f4xx_hal_flash_ex.c.obj
LOAD CMakeFiles/omni-infantry.elf.dir/Drivers/STM32F4xx_HAL_Driver/Src/stm32f4xx_hal_flash_ramfunc.c.obj
LOAD CMakeFiles/omni-infantry.elf.dir/Drivers/STM32F4xx_HAL_Driver/Src/stm32f4xx_hal_gpio.c.obj
LOAD CMakeFiles/omni-infantry.elf.dir/Drivers/STM32F4xx_HAL_Driver/Src/stm32f4xx_hal_pcd.c.obj
LOAD CMakeFiles/omni-infantry.elf.dir/Drivers/STM32F4xx_HAL_Driver/Src/stm32f4xx_hal_pcd_ex.c.obj
LOAD CMakeFiles/omni-infantry.elf.dir/Drivers/STM32F4xx_HAL_Driver/Src/stm32f4xx_hal_pwr.c.obj
LOAD CMakeFiles/omni-infantry.elf.dir/Drivers/STM32F4xx_HAL_Driver/Src/stm32f4xx_hal_pwr_ex.c.obj
LOAD CMakeFiles/omni-infantry.elf.dir/Drivers/STM32F4xx_HAL_Driver/Src/stm32f4xx_hal_rcc.c.obj
LOAD CMakeFiles/omni-infantry.elf.dir/Drivers/STM32F4xx_HAL_Driver/Src/stm32f4xx_hal_rcc_ex.c.obj
LOAD CMakeFiles/omni-infantry.elf.dir/Drivers/STM32F4xx_HAL_Driver/Src/stm32f4xx_hal_rng.c.obj
LOAD CMakeFiles/omni-infantry.elf.dir/Drivers/STM32F4xx_HAL_Driver/Src/stm32f4xx_hal_spi.c.obj
LOAD CMakeFiles/omni-infantry.elf.dir/Drivers/STM32F4xx_HAL_Driver/Src/stm32f4xx_hal_tim.c.obj
LOAD CMakeFiles/omni-infantry.elf.dir/Drivers/STM32F4xx_HAL_Driver/Src/stm32f4xx_hal_tim_ex.c.obj
LOAD CMakeFiles/omni-infantry.elf.dir/Drivers/STM32F4xx_HAL_Driver/Src/stm32f4xx_hal_uart.c.obj
LOAD CMakeFiles/omni-infantry.elf.dir/Drivers/STM32F4xx_HAL_Driver/Src/stm32f4xx_ll_adc.c.obj
LOAD CMakeFiles/omni-infantry.elf.dir/Drivers/STM32F4xx_HAL_Driver/Src/stm32f4xx_ll_usb.c.obj
LOAD CMakeFiles/omni-infantry.elf.dir/Middlewares/ST/STM32_USB_Device_Library/Class/CDC/Src/usbd_cdc.c.obj
LOAD CMakeFiles/omni-infantry.elf.dir/Middlewares/ST/STM32_USB_Device_Library/Core/Src/usbd_core.c.obj
LOAD CMakeFiles/omni-infantry.elf.dir/Middlewares/ST/STM32_USB_Device_Library/Core/Src/usbd_ctlreq.c.obj
LOAD CMakeFiles/omni-infantry.elf.dir/Middlewares/ST/STM32_USB_Device_Library/Core/Src/usbd_ioreq.c.obj
LOAD CMakeFiles/omni-infantry.elf.dir/Middlewares/Third_Party/FreeRTOS/Source/CMSIS_RTOS/cmsis_os.c.obj
LOAD CMakeFiles/omni-infantry.elf.dir/Middlewares/Third_Party/FreeRTOS/Source/croutine.c.obj
LOAD CMakeFiles/omni-infantry.elf.dir/Middlewares/Third_Party/FreeRTOS/Source/event_groups.c.obj
LOAD CMakeFiles/omni-infantry.elf.dir/Middlewares/Third_Party/FreeRTOS/Source/list.c.obj
LOAD CMakeFiles/omni-infantry.elf.dir/Middlewares/Third_Party/FreeRTOS/Source/portable/GCC/ARM_CM4F/port.c.obj
LOAD CMakeFiles/omni-infantry.elf.dir/Middlewares/Third_Party/FreeRTOS/Source/portable/MemMang/heap_4.c.obj
LOAD CMakeFiles/omni-infantry.elf.dir/Middlewares/Third_Party/FreeRTOS/Source/queue.c.obj
LOAD CMakeFiles/omni-infantry.elf.dir/Middlewares/Third_Party/FreeRTOS/Source/stream_buffer.c.obj
LOAD CMakeFiles/omni-infantry.elf.dir/Middlewares/Third_Party/FreeRTOS/Source/tasks.c.obj
LOAD CMakeFiles/omni-infantry.elf.dir/Middlewares/Third_Party/FreeRTOS/Source/timers.c.obj
LOAD CMakeFiles/omni-infantry.elf.dir/USB_DEVICE/App/usb_device.c.obj
LOAD CMakeFiles/omni-infantry.elf.dir/USB_DEVICE/App/usbd_cdc_if.c.obj
LOAD CMakeFiles/omni-infantry.elf.dir/USB_DEVICE/App/usbd_desc.c.obj
LOAD CMakeFiles/omni-infantry.elf.dir/USB_DEVICE/Target/usbd_conf.c.obj
LOAD CMakeFiles/omni-infantry.elf.dir/application/Atti.c.obj
LOAD CMakeFiles/omni-infantry.elf.dir/application/Auto.c.obj
LOAD CMakeFiles/omni-infantry.elf.dir/application/Calibrate.c.obj
LOAD CMakeFiles/omni-infantry.elf.dir/application/Cap.c.obj
LOAD CMakeFiles/omni-infantry.elf.dir/application/Chassis.c.obj
LOAD CMakeFiles/omni-infantry.elf.dir/application/Detection.c.obj
LOAD CMakeFiles/omni-infantry.elf.dir/application/Gimbal.c.obj
LOAD CMakeFiles/omni-infantry.elf.dir/application/Referee.c.obj
LOAD CMakeFiles/omni-infantry.elf.dir/application/can_receive.c.obj
LOAD CMakeFiles/omni-infantry.elf.dir/application/key_board.c.obj
LOAD CMakeFiles/omni-infantry.elf.dir/application/launcher.c.obj
LOAD CMakeFiles/omni-infantry.elf.dir/application/remote.c.obj
LOAD CMakeFiles/omni-infantry.elf.dir/application/usb_task.c.obj
LOAD CMakeFiles/omni-infantry.elf.dir/bsp/bsp_adc.c.obj
LOAD CMakeFiles/omni-infantry.elf.dir/bsp/bsp_buzzer.c.obj
LOAD CMakeFiles/omni-infantry.elf.dir/bsp/bsp_can.c.obj
LOAD CMakeFiles/omni-infantry.elf.dir/bsp/bsp_crc32.c.obj
LOAD CMakeFiles/omni-infantry.elf.dir/bsp/bsp_delay.c.obj
LOAD CMakeFiles/omni-infantry.elf.dir/bsp/bsp_flash.c.obj
LOAD CMakeFiles/omni-infantry.elf.dir/bsp/bsp_i2c.c.obj
LOAD CMakeFiles/omni-infantry.elf.dir/bsp/bsp_imu_pwm.c.obj
LOAD CMakeFiles/omni-infantry.elf.dir/bsp/bsp_laser.c.obj
LOAD CMakeFiles/omni-infantry.elf.dir/bsp/bsp_led.c.obj
LOAD CMakeFiles/omni-infantry.elf.dir/bsp/bsp_rc.c.obj
LOAD CMakeFiles/omni-infantry.elf.dir/bsp/bsp_servo_pwm.c.obj
LOAD CMakeFiles/omni-infantry.elf.dir/bsp/bsp_spi.c.obj
LOAD CMakeFiles/omni-infantry.elf.dir/bsp/bsp_usart.c.obj
LOAD CMakeFiles/omni-infantry.elf.dir/component/algorithm/AHRS.c.obj
LOAD CMakeFiles/omni-infantry.elf.dir/component/algorithm/AHRS_MiddleWare.c.obj
LOAD CMakeFiles/omni-infantry.elf.dir/component/algorithm/filter.c.obj
LOAD CMakeFiles/omni-infantry.elf.dir/component/algorithm/ramp.c.obj
LOAD CMakeFiles/omni-infantry.elf.dir/component/algorithm/user_lib.c.obj
LOAD CMakeFiles/omni-infantry.elf.dir/component/comunication/decode.c.obj
LOAD CMakeFiles/omni-infantry.elf.dir/component/comunication/packet.c.obj
LOAD CMakeFiles/omni-infantry.elf.dir/component/controller/PID.c.obj
LOAD CMakeFiles/omni-infantry.elf.dir/component/devices/BMI088Middleware.c.obj
LOAD CMakeFiles/omni-infantry.elf.dir/component/devices/BMI088driver.c.obj
LOAD CMakeFiles/omni-infantry.elf.dir/component/devices/test.c.obj
LOAD CMakeFiles/omni-infantry.elf.dir/component/support/CRC8_CRC16.c.obj
LOAD CMakeFiles/omni-infantry.elf.dir/component/support/fifo.c.obj
LOAD CMakeFiles/omni-infantry.elf.dir/component/support/mem_mang4.c.obj
START GROUP
LOAD c:/gcc-arm-none-eabi-10.3-2021.10-win32/gcc-arm-none-eabi-10.3-2021.10/bin/../lib/gcc/arm-none-eabi/10.3.1/thumb/v7e-m+fp/hard\libgcc.a
LOAD c:/gcc-arm-none-eabi-10.3-2021.10-win32/gcc-arm-none-eabi-10.3-2021.10/bin/../lib/gcc/arm-none-eabi/10.3.1/../../../../arm-none-eabi/lib/thumb/v7e-m+fp/hard\libg.a
LOAD c:/gcc-arm-none-eabi-10.3-2021.10-win32/gcc-arm-none-eabi-10.3-2021.10/bin/../lib/gcc/arm-none-eabi/10.3.1/../../../../arm-none-eabi/lib/thumb/v7e-m+fp/hard\libc.a
END GROUP
LOAD c:/gcc-arm-none-eabi-10.3-2021.10-win32/gcc-arm-none-eabi-10.3-2021.10/bin/../lib/gcc/arm-none-eabi/10.3.1/thumb/v7e-m+fp/hard/crtend.o
LOAD c:/gcc-arm-none-eabi-10.3-2021.10-win32/gcc-arm-none-eabi-10.3-2021.10/bin/../lib/gcc/arm-none-eabi/10.3.1/thumb/v7e-m+fp/hard/crtn.o
                0x20020000                _estack = (ORIGIN (RAM) + LENGTH (RAM))
                0x00002000                _Min_Heap_Size = 0x2000
                0x00002000                _Min_Stack_Size = 0x2000

.isr_vector     0x08000000      0x188
                0x08000000                . = ALIGN (0x4)
 *(.isr_vector)
 .isr_vector    0x08000000      0x188 CMakeFiles/omni-infantry.elf.dir/Core/Startup/startup_stm32f407ighx.s.obj
                0x08000000                g_pfnVectors
                0x08000188                . = ALIGN (0x4)

.text           0x080001c0    0x14dbc
                0x080001c0                . = ALIGN (0x4)
 *(.text)
 .text          0x080001c0       0x40 c:/gcc-arm-none-eabi-10.3-2021.10-win32/gcc-arm-none-eabi-10.3-2021.10/bin/../lib/gcc/arm-none-eabi/10.3.1/thumb/v7e-m+fp/hard/crtbegin.o
 .text          0x08000200      0x378 c:/gcc-arm-none-eabi-10.3-2021.10-win32/gcc-arm-none-eabi-10.3-2021.10/bin/../lib/gcc/arm-none-eabi/10.3.1/thumb/v7e-m+fp/hard\libgcc.a(_arm_addsubdf3.o)
                0x08000200                __aeabi_drsub
                0x08000208                __aeabi_dsub
                0x08000208                __subdf3
                0x0800020c                __aeabi_dadd
                0x0800020c                __adddf3
                0x08000484                __floatunsidf
                0x08000484                __aeabi_ui2d
                0x080004a4                __floatsidf
                0x080004a4                __aeabi_i2d
                0x080004c8                __aeabi_f2d
                0x080004c8                __extendsfdf2
                0x0800050c                __floatundidf
                0x0800050c                __aeabi_ul2d
                0x0800051c                __floatdidf
                0x0800051c                __aeabi_l2d
 .text          0x08000578      0x110 c:/gcc-arm-none-eabi-10.3-2021.10-win32/gcc-arm-none-eabi-10.3-2021.10/bin/../lib/gcc/arm-none-eabi/10.3.1/thumb/v7e-m+fp/hard\libgcc.a(_arm_cmpdf2.o)
                0x08000578                __gtdf2
                0x08000578                __gedf2
                0x08000580                __ltdf2
                0x08000580                __ledf2
                0x08000588                __nedf2
                0x08000588                __eqdf2
                0x08000588                __cmpdf2
                0x08000604                __aeabi_cdrcmple
                0x08000614                __aeabi_cdcmpeq
                0x08000614                __aeabi_cdcmple
                0x08000624                __aeabi_dcmpeq
                0x08000638                __aeabi_dcmplt
                0x0800064c                __aeabi_dcmple
                0x08000660                __aeabi_dcmpge
                0x08000674                __aeabi_dcmpgt
 .text          0x08000688       0xa0 c:/gcc-arm-none-eabi-10.3-2021.10-win32/gcc-arm-none-eabi-10.3-2021.10/bin/../lib/gcc/arm-none-eabi/10.3.1/thumb/v7e-m+fp/hard\libgcc.a(_arm_truncdfsf2.o)
                0x08000688                __truncdfsf2
                0x08000688                __aeabi_d2f
 .text          0x08000728       0x30 c:/gcc-arm-none-eabi-10.3-2021.10-win32/gcc-arm-none-eabi-10.3-2021.10/bin/../lib/gcc/arm-none-eabi/10.3.1/thumb/v7e-m+fp/hard\libgcc.a(_aeabi_uldivmod.o)
                0x08000728                __aeabi_uldivmod
 .text          0x08000758      0x2d0 c:/gcc-arm-none-eabi-10.3-2021.10-win32/gcc-arm-none-eabi-10.3-2021.10/bin/../lib/gcc/arm-none-eabi/10.3.1/thumb/v7e-m+fp/hard\libgcc.a(_udivmoddi4.o)
                0x08000758                __udivmoddi4
 .text          0x08000a28        0x4 c:/gcc-arm-none-eabi-10.3-2021.10-win32/gcc-arm-none-eabi-10.3-2021.10/bin/../lib/gcc/arm-none-eabi/10.3.1/thumb/v7e-m+fp/hard\libgcc.a(_dvmd_tls.o)
                0x08000a28                __aeabi_idiv0
                0x08000a28                __aeabi_ldiv0
 .text          0x08000a2c      0x134 c:/gcc-arm-none-eabi-10.3-2021.10-win32/gcc-arm-none-eabi-10.3-2021.10/bin/../lib/gcc/arm-none-eabi/10.3.1/../../../../arm-none-eabi/lib/thumb/v7e-m+fp/hard\libg.a(lib_a-memcpy.o)
                0x08000a2c                memcpy
 *fill*         0x08000b60       0x20 
 .text          0x08000b80       0xdc c:/gcc-arm-none-eabi-10.3-2021.10-win32/gcc-arm-none-eabi-10.3-2021.10/bin/../lib/gcc/arm-none-eabi/10.3.1/../../../../arm-none-eabi/lib/thumb/v7e-m+fp/hard\libg.a(lib_a-strlen.o)
                0x08000b80                strlen
 .text          0x08000c5c      0x424 c:/gcc-arm-none-eabi-10.3-2021.10-win32/gcc-arm-none-eabi-10.3-2021.10/bin/../lib/gcc/arm-none-eabi/10.3.1/thumb/v7e-m+fp/hard\libgcc.a(_arm_muldivdf3.o)
                0x08000c5c                __aeabi_dmul
                0x08000c5c                __muldf3
                0x08000eb0                __divdf3
                0x08000eb0                __aeabi_ddiv
 .text          0x08001080       0x2c c:/gcc-arm-none-eabi-10.3-2021.10-win32/gcc-arm-none-eabi-10.3-2021.10/bin/../lib/gcc/arm-none-eabi/10.3.1/thumb/v7e-m+fp/hard\libgcc.a(_arm_unorddf2.o)
                0x08001080                __unorddf2
                0x08001080                __aeabi_dcmpun
 .text          0x080010ac       0x50 c:/gcc-arm-none-eabi-10.3-2021.10-win32/gcc-arm-none-eabi-10.3-2021.10/bin/../lib/gcc/arm-none-eabi/10.3.1/thumb/v7e-m+fp/hard\libgcc.a(_arm_fixdfsi.o)
                0x080010ac                __aeabi_d2iz
                0x080010ac                __fixdfsi
 *(.text*)
 .text.MX_ADC1_Init
                0x080010fc       0x70 CMakeFiles/omni-infantry.elf.dir/Core/Src/adc.c.obj
                0x080010fc                MX_ADC1_Init
 .text.HAL_ADC_MspInit
                0x0800116c       0x30 CMakeFiles/omni-infantry.elf.dir/Core/Src/adc.c.obj
                0x0800116c                HAL_ADC_MspInit
 .text.MX_CAN1_Init
                0x0800119c       0x44 CMakeFiles/omni-infantry.elf.dir/Core/Src/can.c.obj
                0x0800119c                MX_CAN1_Init
 .text.MX_CAN2_Init
                0x080011e0       0x44 CMakeFiles/omni-infantry.elf.dir/Core/Src/can.c.obj
                0x080011e0                MX_CAN2_Init
 .text.HAL_CAN_MspInit
                0x08001224      0x128 CMakeFiles/omni-infantry.elf.dir/Core/Src/can.c.obj
                0x08001224                HAL_CAN_MspInit
 .text.MX_CRC_Init
                0x0800134c       0x20 CMakeFiles/omni-infantry.elf.dir/Core/Src/crc.c.obj
                0x0800134c                MX_CRC_Init
 .text.HAL_CRC_MspInit
                0x0800136c       0x30 CMakeFiles/omni-infantry.elf.dir/Core/Src/crc.c.obj
                0x0800136c                HAL_CRC_MspInit
 .text.MX_DMA_Init
                0x0800139c       0x88 CMakeFiles/omni-infantry.elf.dir/Core/Src/dma.c.obj
                0x0800139c                MX_DMA_Init
 .text.StartDefaultTask
                0x08001424        0xe CMakeFiles/omni-infantry.elf.dir/Core/Src/freertos.c.obj
                0x08001424                StartDefaultTask
 *fill*         0x08001432        0x2 
 .text.vApplicationGetIdleTaskMemory
                0x08001434       0x18 CMakeFiles/omni-infantry.elf.dir/Core/Src/freertos.c.obj
                0x08001434                vApplicationGetIdleTaskMemory
 .text.MX_FREERTOS_Init
                0x0800144c      0x1a8 CMakeFiles/omni-infantry.elf.dir/Core/Src/freertos.c.obj
                0x0800144c                MX_FREERTOS_Init
 .text.MX_GPIO_Init
                0x080015f4      0x1e8 CMakeFiles/omni-infantry.elf.dir/Core/Src/gpio.c.obj
                0x080015f4                MX_GPIO_Init
 .text.Error_Handler
                0x080017dc        0x4 CMakeFiles/omni-infantry.elf.dir/Core/Src/main.c.obj
                0x080017dc                Error_Handler
 .text.SystemClock_Config
                0x080017e0       0xa8 CMakeFiles/omni-infantry.elf.dir/Core/Src/main.c.obj
                0x080017e0                SystemClock_Config
 .text.main     0x08001888       0xa8 CMakeFiles/omni-infantry.elf.dir/Core/Src/main.c.obj
                0x08001888                main
 .text.MX_RNG_Init
                0x08001930       0x20 CMakeFiles/omni-infantry.elf.dir/Core/Src/rng.c.obj
                0x08001930                MX_RNG_Init
 .text.HAL_RNG_MspInit
                0x08001950       0x30 CMakeFiles/omni-infantry.elf.dir/Core/Src/rng.c.obj
                0x08001950                HAL_RNG_MspInit
 .text.MX_SPI1_Init
                0x08001980       0x48 CMakeFiles/omni-infantry.elf.dir/Core/Src/spi.c.obj
                0x08001980                MX_SPI1_Init
 .text.HAL_SPI_MspInit
                0x080019c8      0x130 CMakeFiles/omni-infantry.elf.dir/Core/Src/spi.c.obj
                0x080019c8                HAL_SPI_MspInit
 .text.HAL_MspInit
                0x08001af8       0x44 CMakeFiles/omni-infantry.elf.dir/Core/Src/stm32f4xx_hal_msp.c.obj
                0x08001af8                HAL_MspInit
 .text.NMI_Handler
                0x08001b3c        0x2 CMakeFiles/omni-infantry.elf.dir/Core/Src/stm32f4xx_it.c.obj
                0x08001b3c                NMI_Handler
 .text.HardFault_Handler
                0x08001b3e        0x2 CMakeFiles/omni-infantry.elf.dir/Core/Src/stm32f4xx_it.c.obj
                0x08001b3e                HardFault_Handler
 .text.MemManage_Handler
                0x08001b40        0x2 CMakeFiles/omni-infantry.elf.dir/Core/Src/stm32f4xx_it.c.obj
                0x08001b40                MemManage_Handler
 .text.BusFault_Handler
                0x08001b42        0x2 CMakeFiles/omni-infantry.elf.dir/Core/Src/stm32f4xx_it.c.obj
                0x08001b42                BusFault_Handler
 .text.UsageFault_Handler
                0x08001b44        0x2 CMakeFiles/omni-infantry.elf.dir/Core/Src/stm32f4xx_it.c.obj
                0x08001b44                UsageFault_Handler
 .text.DebugMon_Handler
                0x08001b46        0x2 CMakeFiles/omni-infantry.elf.dir/Core/Src/stm32f4xx_it.c.obj
                0x08001b46                DebugMon_Handler
 .text.SysTick_Handler
                0x08001b48       0x16 CMakeFiles/omni-infantry.elf.dir/Core/Src/stm32f4xx_it.c.obj
                0x08001b48                SysTick_Handler
 .text.EXTI0_IRQHandler
                0x08001b5e        0xa CMakeFiles/omni-infantry.elf.dir/Core/Src/stm32f4xx_it.c.obj
                0x08001b5e                EXTI0_IRQHandler
 .text.EXTI4_IRQHandler
                0x08001b68        0xa CMakeFiles/omni-infantry.elf.dir/Core/Src/stm32f4xx_it.c.obj
                0x08001b68                EXTI4_IRQHandler
 *fill*         0x08001b72        0x2 
 .text.DMA1_Stream1_IRQHandler
                0x08001b74       0x10 CMakeFiles/omni-infantry.elf.dir/Core/Src/stm32f4xx_it.c.obj
                0x08001b74                DMA1_Stream1_IRQHandler
 .text.CAN1_RX0_IRQHandler
                0x08001b84       0x10 CMakeFiles/omni-infantry.elf.dir/Core/Src/stm32f4xx_it.c.obj
                0x08001b84                CAN1_RX0_IRQHandler
 .text.EXTI9_5_IRQHandler
                0x08001b94        0xa CMakeFiles/omni-infantry.elf.dir/Core/Src/stm32f4xx_it.c.obj
                0x08001b94                EXTI9_5_IRQHandler
 *fill*         0x08001b9e        0x2 
 .text.DMA2_Stream1_IRQHandler
                0x08001ba0       0x10 CMakeFiles/omni-infantry.elf.dir/Core/Src/stm32f4xx_it.c.obj
                0x08001ba0                DMA2_Stream1_IRQHandler
 .text.DMA2_Stream3_IRQHandler
                0x08001bb0       0x10 CMakeFiles/omni-infantry.elf.dir/Core/Src/stm32f4xx_it.c.obj
                0x08001bb0                DMA2_Stream3_IRQHandler
 .text.CAN2_RX0_IRQHandler
                0x08001bc0       0x10 CMakeFiles/omni-infantry.elf.dir/Core/Src/stm32f4xx_it.c.obj
                0x08001bc0                CAN2_RX0_IRQHandler
 .text.OTG_FS_IRQHandler
                0x08001bd0       0x10 CMakeFiles/omni-infantry.elf.dir/Core/Src/stm32f4xx_it.c.obj
                0x08001bd0                OTG_FS_IRQHandler
 .text.DMA2_Stream6_IRQHandler
                0x08001be0       0x10 CMakeFiles/omni-infantry.elf.dir/Core/Src/stm32f4xx_it.c.obj
                0x08001be0                DMA2_Stream6_IRQHandler
 .text.SystemInit
                0x08001bf0       0x14 CMakeFiles/omni-infantry.elf.dir/Core/Src/system_stm32f4xx.c.obj
                0x08001bf0                SystemInit
 .text.HAL_TIM_PWM_MspInit
                0x08001c04       0x78 CMakeFiles/omni-infantry.elf.dir/Core/Src/tim.c.obj
                0x08001c04                HAL_TIM_PWM_MspInit
 .text.HAL_TIM_Base_MspInit
                0x08001c7c       0x78 CMakeFiles/omni-infantry.elf.dir/Core/Src/tim.c.obj
                0x08001c7c                HAL_TIM_Base_MspInit
 .text.HAL_TIM_MspPostInit
                0x08001cf4      0x220 CMakeFiles/omni-infantry.elf.dir/Core/Src/tim.c.obj
                0x08001cf4                HAL_TIM_MspPostInit
 .text.MX_TIM1_Init
                0x08001f14      0x120 CMakeFiles/omni-infantry.elf.dir/Core/Src/tim.c.obj
                0x08001f14                MX_TIM1_Init
 .text.MX_TIM3_Init
                0x08002034       0x80 CMakeFiles/omni-infantry.elf.dir/Core/Src/tim.c.obj
                0x08002034                MX_TIM3_Init
 .text.MX_TIM4_Init
                0x080020b4       0xb0 CMakeFiles/omni-infantry.elf.dir/Core/Src/tim.c.obj
                0x080020b4                MX_TIM4_Init
 .text.MX_TIM5_Init
                0x08002164       0xd4 CMakeFiles/omni-infantry.elf.dir/Core/Src/tim.c.obj
                0x08002164                MX_TIM5_Init
 .text.MX_TIM8_Init
                0x08002238       0xd4 CMakeFiles/omni-infantry.elf.dir/Core/Src/tim.c.obj
                0x08002238                MX_TIM8_Init
 .text.MX_TIM10_Init
                0x0800230c       0x74 CMakeFiles/omni-infantry.elf.dir/Core/Src/tim.c.obj
                0x0800230c                MX_TIM10_Init
 .text.MX_USART3_UART_Init
                0x08002380       0x3c CMakeFiles/omni-infantry.elf.dir/Core/Src/usart.c.obj
                0x08002380                MX_USART3_UART_Init
 .text.MX_USART6_UART_Init
                0x080023bc       0x34 CMakeFiles/omni-infantry.elf.dir/Core/Src/usart.c.obj
                0x080023bc                MX_USART6_UART_Init
 .text.HAL_UART_MspInit
                0x080023f0      0x1b0 CMakeFiles/omni-infantry.elf.dir/Core/Src/usart.c.obj
                0x080023f0                HAL_UART_MspInit
 .text.Reset_Handler
                0x080025a0       0x50 CMakeFiles/omni-infantry.elf.dir/Core/Startup/startup_stm32f407ighx.s.obj
                0x080025a0                Reset_Handler
 .text.Default_Handler
                0x080025f0        0x2 CMakeFiles/omni-infantry.elf.dir/Core/Startup/startup_stm32f407ighx.s.obj
                0x080025f0                RTC_Alarm_IRQHandler
                0x080025f0                HASH_RNG_IRQHandler
                0x080025f0                EXTI2_IRQHandler
                0x080025f0                TIM8_CC_IRQHandler
                0x080025f0                TIM1_CC_IRQHandler
                0x080025f0                DMA2_Stream5_IRQHandler
                0x080025f0                DMA1_Stream5_IRQHandler
                0x080025f0                PVD_IRQHandler
                0x080025f0                SDIO_IRQHandler
                0x080025f0                TAMP_STAMP_IRQHandler
                0x080025f0                CAN2_RX1_IRQHandler
                0x080025f0                EXTI3_IRQHandler
                0x080025f0                TIM8_TRG_COM_TIM14_IRQHandler
                0x080025f0                TIM1_UP_TIM10_IRQHandler
                0x080025f0                TIM8_UP_TIM13_IRQHandler
                0x080025f0                I2C3_ER_IRQHandler
                0x080025f0                I2C2_EV_IRQHandler
                0x080025f0                DMA1_Stream2_IRQHandler
                0x080025f0                FPU_IRQHandler
                0x080025f0                OTG_HS_WKUP_IRQHandler
                0x080025f0                CAN2_SCE_IRQHandler
                0x080025f0                SPI1_IRQHandler
                0x080025f0                TIM6_DAC_IRQHandler
                0x080025f0                TIM1_BRK_TIM9_IRQHandler
                0x080025f0                DCMI_IRQHandler
                0x080025f0                CAN1_RX1_IRQHandler
                0x080025f0                UART5_IRQHandler
                0x080025f0                DMA2_Stream0_IRQHandler
                0x080025f0                TIM4_IRQHandler
                0x080025f0                I2C1_EV_IRQHandler
                0x080025f0                DMA1_Stream6_IRQHandler
                0x080025f0                UART4_IRQHandler
                0x080025f0                TIM3_IRQHandler
                0x080025f0                RCC_IRQHandler
                0x080025f0                TIM8_BRK_TIM12_IRQHandler
                0x080025f0                Default_Handler
                0x080025f0                EXTI15_10_IRQHandler
                0x080025f0                ADC_IRQHandler
                0x080025f0                DMA1_Stream7_IRQHandler
                0x080025f0                TIM7_IRQHandler
                0x080025f0                CAN2_TX_IRQHandler
                0x080025f0                TIM5_IRQHandler
                0x080025f0                DMA2_Stream7_IRQHandler
                0x080025f0                I2C3_EV_IRQHandler
                0x080025f0                RTC_WKUP_IRQHandler
                0x080025f0                ETH_WKUP_IRQHandler
                0x080025f0                SPI2_IRQHandler
                0x080025f0                OTG_HS_EP1_IN_IRQHandler
                0x080025f0                DMA1_Stream0_IRQHandler
                0x080025f0                CAN1_TX_IRQHandler
                0x080025f0                FSMC_IRQHandler
                0x080025f0                ETH_IRQHandler
                0x080025f0                OTG_HS_EP1_OUT_IRQHandler
                0x080025f0                WWDG_IRQHandler
                0x080025f0                TIM2_IRQHandler
                0x080025f0                OTG_FS_WKUP_IRQHandler
                0x080025f0                TIM1_TRG_COM_TIM11_IRQHandler
                0x080025f0                OTG_HS_IRQHandler
                0x080025f0                EXTI1_IRQHandler
                0x080025f0                USART2_IRQHandler
                0x080025f0                I2C2_ER_IRQHandler
                0x080025f0                CAN1_SCE_IRQHandler
                0x080025f0                FLASH_IRQHandler
                0x080025f0                DMA2_Stream4_IRQHandler
                0x080025f0                USART1_IRQHandler
                0x080025f0                SPI3_IRQHandler
                0x080025f0                DMA1_Stream4_IRQHandler
                0x080025f0                I2C1_ER_IRQHandler
                0x080025f0                DMA1_Stream3_IRQHandler
 *fill*         0x080025f2        0x2 
 .text.HAL_InitTick
                0x080025f4       0x4c CMakeFiles/omni-infantry.elf.dir/Drivers/STM32F4xx_HAL_Driver/Src/stm32f4xx_hal.c.obj
                0x080025f4                HAL_InitTick
 .text.HAL_Init
                0x08002640       0x34 CMakeFiles/omni-infantry.elf.dir/Drivers/STM32F4xx_HAL_Driver/Src/stm32f4xx_hal.c.obj
                0x08002640                HAL_Init
 .text.HAL_IncTick
                0x08002674       0x18 CMakeFiles/omni-infantry.elf.dir/Drivers/STM32F4xx_HAL_Driver/Src/stm32f4xx_hal.c.obj
                0x08002674                HAL_IncTick
 .text.HAL_GetTick
                0x0800268c        0xc CMakeFiles/omni-infantry.elf.dir/Drivers/STM32F4xx_HAL_Driver/Src/stm32f4xx_hal.c.obj
                0x0800268c                HAL_GetTick
 .text.HAL_Delay
                0x08002698       0x28 CMakeFiles/omni-infantry.elf.dir/Drivers/STM32F4xx_HAL_Driver/Src/stm32f4xx_hal.c.obj
                0x08002698                HAL_Delay
 .text.ADC_Init
                0x080026c0      0x134 CMakeFiles/omni-infantry.elf.dir/Drivers/STM32F4xx_HAL_Driver/Src/stm32f4xx_hal_adc.c.obj
 .text.HAL_ADC_Init
                0x080027f4       0x56 CMakeFiles/omni-infantry.elf.dir/Drivers/STM32F4xx_HAL_Driver/Src/stm32f4xx_hal_adc.c.obj
                0x080027f4                HAL_ADC_Init
 *fill*         0x0800284a        0x2 
 .text.HAL_ADC_Start
                0x0800284c      0x144 CMakeFiles/omni-infantry.elf.dir/Drivers/STM32F4xx_HAL_Driver/Src/stm32f4xx_hal_adc.c.obj
                0x0800284c                HAL_ADC_Start
 .text.HAL_ADC_PollForConversion
                0x08002990       0xb8 CMakeFiles/omni-infantry.elf.dir/Drivers/STM32F4xx_HAL_Driver/Src/stm32f4xx_hal_adc.c.obj
                0x08002990                HAL_ADC_PollForConversion
 .text.HAL_ADC_GetValue
                0x08002a48        0x6 CMakeFiles/omni-infantry.elf.dir/Drivers/STM32F4xx_HAL_Driver/Src/stm32f4xx_hal_adc.c.obj
                0x08002a48                HAL_ADC_GetValue
 *fill*         0x08002a4e        0x2 
 .text.HAL_ADC_ConfigChannel
                0x08002a50      0x198 CMakeFiles/omni-infantry.elf.dir/Drivers/STM32F4xx_HAL_Driver/Src/stm32f4xx_hal_adc.c.obj
                0x08002a50                HAL_ADC_ConfigChannel
 .text.HAL_CAN_Init
                0x08002be8      0x14c CMakeFiles/omni-infantry.elf.dir/Drivers/STM32F4xx_HAL_Driver/Src/stm32f4xx_hal_can.c.obj
                0x08002be8                HAL_CAN_Init
 .text.HAL_CAN_ConfigFilter
                0x08002d34      0x138 CMakeFiles/omni-infantry.elf.dir/Drivers/STM32F4xx_HAL_Driver/Src/stm32f4xx_hal_can.c.obj
                0x08002d34                HAL_CAN_ConfigFilter
 .text.HAL_CAN_Start
                0x08002e6c       0x5c CMakeFiles/omni-infantry.elf.dir/Drivers/STM32F4xx_HAL_Driver/Src/stm32f4xx_hal_can.c.obj
                0x08002e6c                HAL_CAN_Start
 .text.HAL_CAN_AddTxMessage
                0x08002ec8       0xfc CMakeFiles/omni-infantry.elf.dir/Drivers/STM32F4xx_HAL_Driver/Src/stm32f4xx_hal_can.c.obj
                0x08002ec8                HAL_CAN_AddTxMessage
 .text.HAL_CAN_GetRxMessage
                0x08002fc4      0x14a CMakeFiles/omni-infantry.elf.dir/Drivers/STM32F4xx_HAL_Driver/Src/stm32f4xx_hal_can.c.obj
                0x08002fc4                HAL_CAN_GetRxMessage
 .text.HAL_CAN_ActivateNotification
                0x0800310e       0x24 CMakeFiles/omni-infantry.elf.dir/Drivers/STM32F4xx_HAL_Driver/Src/stm32f4xx_hal_can.c.obj
                0x0800310e                HAL_CAN_ActivateNotification
 .text.HAL_CAN_TxMailbox0CompleteCallback
                0x08003132        0x2 CMakeFiles/omni-infantry.elf.dir/Drivers/STM32F4xx_HAL_Driver/Src/stm32f4xx_hal_can.c.obj
                0x08003132                HAL_CAN_TxMailbox0CompleteCallback
 .text.HAL_CAN_TxMailbox1CompleteCallback
                0x08003134        0x2 CMakeFiles/omni-infantry.elf.dir/Drivers/STM32F4xx_HAL_Driver/Src/stm32f4xx_hal_can.c.obj
                0x08003134                HAL_CAN_TxMailbox1CompleteCallback
 .text.HAL_CAN_TxMailbox2CompleteCallback
                0x08003136        0x2 CMakeFiles/omni-infantry.elf.dir/Drivers/STM32F4xx_HAL_Driver/Src/stm32f4xx_hal_can.c.obj
                0x08003136                HAL_CAN_TxMailbox2CompleteCallback
 .text.HAL_CAN_TxMailbox0AbortCallback
                0x08003138        0x2 CMakeFiles/omni-infantry.elf.dir/Drivers/STM32F4xx_HAL_Driver/Src/stm32f4xx_hal_can.c.obj
                0x08003138                HAL_CAN_TxMailbox0AbortCallback
 .text.HAL_CAN_TxMailbox1AbortCallback
                0x0800313a        0x2 CMakeFiles/omni-infantry.elf.dir/Drivers/STM32F4xx_HAL_Driver/Src/stm32f4xx_hal_can.c.obj
                0x0800313a                HAL_CAN_TxMailbox1AbortCallback
 .text.HAL_CAN_TxMailbox2AbortCallback
                0x0800313c        0x2 CMakeFiles/omni-infantry.elf.dir/Drivers/STM32F4xx_HAL_Driver/Src/stm32f4xx_hal_can.c.obj
                0x0800313c                HAL_CAN_TxMailbox2AbortCallback
 .text.HAL_CAN_RxFifo0FullCallback
                0x0800313e        0x2 CMakeFiles/omni-infantry.elf.dir/Drivers/STM32F4xx_HAL_Driver/Src/stm32f4xx_hal_can.c.obj
                0x0800313e                HAL_CAN_RxFifo0FullCallback
 .text.HAL_CAN_RxFifo1MsgPendingCallback
                0x08003140        0x2 CMakeFiles/omni-infantry.elf.dir/Drivers/STM32F4xx_HAL_Driver/Src/stm32f4xx_hal_can.c.obj
                0x08003140                HAL_CAN_RxFifo1MsgPendingCallback
 .text.HAL_CAN_RxFifo1FullCallback
                0x08003142        0x2 CMakeFiles/omni-infantry.elf.dir/Drivers/STM32F4xx_HAL_Driver/Src/stm32f4xx_hal_can.c.obj
                0x08003142                HAL_CAN_RxFifo1FullCallback
 .text.HAL_CAN_SleepCallback
                0x08003144        0x2 CMakeFiles/omni-infantry.elf.dir/Drivers/STM32F4xx_HAL_Driver/Src/stm32f4xx_hal_can.c.obj
                0x08003144                HAL_CAN_SleepCallback
 .text.HAL_CAN_WakeUpFromRxMsgCallback
                0x08003146        0x2 CMakeFiles/omni-infantry.elf.dir/Drivers/STM32F4xx_HAL_Driver/Src/stm32f4xx_hal_can.c.obj
                0x08003146                HAL_CAN_WakeUpFromRxMsgCallback
 .text.HAL_CAN_ErrorCallback
                0x08003148        0x2 CMakeFiles/omni-infantry.elf.dir/Drivers/STM32F4xx_HAL_Driver/Src/stm32f4xx_hal_can.c.obj
                0x08003148                HAL_CAN_ErrorCallback
 .text.HAL_CAN_IRQHandler
                0x0800314a      0x24a CMakeFiles/omni-infantry.elf.dir/Drivers/STM32F4xx_HAL_Driver/Src/stm32f4xx_hal_can.c.obj
                0x0800314a                HAL_CAN_IRQHandler
 .text.HAL_NVIC_SetPriorityGrouping
                0x08003394       0x24 CMakeFiles/omni-infantry.elf.dir/Drivers/STM32F4xx_HAL_Driver/Src/stm32f4xx_hal_cortex.c.obj
                0x08003394                HAL_NVIC_SetPriorityGrouping
 .text.HAL_NVIC_SetPriority
                0x080033b8       0x70 CMakeFiles/omni-infantry.elf.dir/Drivers/STM32F4xx_HAL_Driver/Src/stm32f4xx_hal_cortex.c.obj
                0x080033b8                HAL_NVIC_SetPriority
 .text.HAL_NVIC_EnableIRQ
                0x08003428       0x1c CMakeFiles/omni-infantry.elf.dir/Drivers/STM32F4xx_HAL_Driver/Src/stm32f4xx_hal_cortex.c.obj
                0x08003428                HAL_NVIC_EnableIRQ
 .text.HAL_SYSTICK_Config
                0x08003444       0x28 CMakeFiles/omni-infantry.elf.dir/Drivers/STM32F4xx_HAL_Driver/Src/stm32f4xx_hal_cortex.c.obj
                0x08003444                HAL_SYSTICK_Config
 .text.HAL_CRC_Init
                0x0800346c       0x1e CMakeFiles/omni-infantry.elf.dir/Drivers/STM32F4xx_HAL_Driver/Src/stm32f4xx_hal_crc.c.obj
                0x0800346c                HAL_CRC_Init
 *fill*         0x0800348a        0x2 
 .text.DMA_CalcBaseAndBitshift
                0x0800348c       0x44 CMakeFiles/omni-infantry.elf.dir/Drivers/STM32F4xx_HAL_Driver/Src/stm32f4xx_hal_dma.c.obj
 .text.DMA_CheckFifoParam
                0x080034d0       0x8e CMakeFiles/omni-infantry.elf.dir/Drivers/STM32F4xx_HAL_Driver/Src/stm32f4xx_hal_dma.c.obj
 *fill*         0x0800355e        0x2 
 .text.HAL_DMA_Init
                0x08003560       0xcc CMakeFiles/omni-infantry.elf.dir/Drivers/STM32F4xx_HAL_Driver/Src/stm32f4xx_hal_dma.c.obj
                0x08003560                HAL_DMA_Init
 .text.HAL_DMA_IRQHandler
                0x0800362c      0x1dc CMakeFiles/omni-infantry.elf.dir/Drivers/STM32F4xx_HAL_Driver/Src/stm32f4xx_hal_dma.c.obj
                0x0800362c                HAL_DMA_IRQHandler
 .text.FLASH_Program_DoubleWord
                0x08003808       0x30 CMakeFiles/omni-infantry.elf.dir/Drivers/STM32F4xx_HAL_Driver/Src/stm32f4xx_hal_flash.c.obj
 .text.FLASH_Program_Word
                0x08003838       0x24 CMakeFiles/omni-infantry.elf.dir/Drivers/STM32F4xx_HAL_Driver/Src/stm32f4xx_hal_flash.c.obj
 .text.FLASH_Program_HalfWord
                0x0800385c       0x24 CMakeFiles/omni-infantry.elf.dir/Drivers/STM32F4xx_HAL_Driver/Src/stm32f4xx_hal_flash.c.obj
 .text.FLASH_Program_Byte
                0x08003880       0x20 CMakeFiles/omni-infantry.elf.dir/Drivers/STM32F4xx_HAL_Driver/Src/stm32f4xx_hal_flash.c.obj
 .text.FLASH_SetErrorCode
                0x080038a0       0x8c CMakeFiles/omni-infantry.elf.dir/Drivers/STM32F4xx_HAL_Driver/Src/stm32f4xx_hal_flash.c.obj
 .text.HAL_FLASH_Unlock
                0x0800392c       0x30 CMakeFiles/omni-infantry.elf.dir/Drivers/STM32F4xx_HAL_Driver/Src/stm32f4xx_hal_flash.c.obj
                0x0800392c                HAL_FLASH_Unlock
 .text.HAL_FLASH_Lock
                0x0800395c       0x14 CMakeFiles/omni-infantry.elf.dir/Drivers/STM32F4xx_HAL_Driver/Src/stm32f4xx_hal_flash.c.obj
                0x0800395c                HAL_FLASH_Lock
 .text.FLASH_WaitForLastOperation
                0x08003970       0x60 CMakeFiles/omni-infantry.elf.dir/Drivers/STM32F4xx_HAL_Driver/Src/stm32f4xx_hal_flash.c.obj
                0x08003970                FLASH_WaitForLastOperation
 .text.HAL_FLASH_Program
                0x080039d0       0x7c CMakeFiles/omni-infantry.elf.dir/Drivers/STM32F4xx_HAL_Driver/Src/stm32f4xx_hal_flash.c.obj
                0x080039d0                HAL_FLASH_Program
 .text.FLASH_MassErase
                0x08003a4c       0x24 CMakeFiles/omni-infantry.elf.dir/Drivers/STM32F4xx_HAL_Driver/Src/stm32f4xx_hal_flash_ex.c.obj
 .text.FLASH_Erase_Sector
                0x08003a70       0x54 CMakeFiles/omni-infantry.elf.dir/Drivers/STM32F4xx_HAL_Driver/Src/stm32f4xx_hal_flash_ex.c.obj
                0x08003a70                FLASH_Erase_Sector
 .text.FLASH_FlushCaches
                0x08003ac4       0x60 CMakeFiles/omni-infantry.elf.dir/Drivers/STM32F4xx_HAL_Driver/Src/stm32f4xx_hal_flash_ex.c.obj
                0x08003ac4                FLASH_FlushCaches
 .text.HAL_FLASHEx_Erase
                0x08003b24       0x94 CMakeFiles/omni-infantry.elf.dir/Drivers/STM32F4xx_HAL_Driver/Src/stm32f4xx_hal_flash_ex.c.obj
                0x08003b24                HAL_FLASHEx_Erase
 .text.HAL_GPIO_Init
                0x08003bb8      0x1e4 CMakeFiles/omni-infantry.elf.dir/Drivers/STM32F4xx_HAL_Driver/Src/stm32f4xx_hal_gpio.c.obj
                0x08003bb8                HAL_GPIO_Init
 .text.HAL_GPIO_WritePin
                0x08003d9c        0xc CMakeFiles/omni-infantry.elf.dir/Drivers/STM32F4xx_HAL_Driver/Src/stm32f4xx_hal_gpio.c.obj
                0x08003d9c                HAL_GPIO_WritePin
 .text.HAL_GPIO_EXTI_IRQHandler
                0x08003da8       0x1c CMakeFiles/omni-infantry.elf.dir/Drivers/STM32F4xx_HAL_Driver/Src/stm32f4xx_hal_gpio.c.obj
                0x08003da8                HAL_GPIO_EXTI_IRQHandler
 .text.PCD_WriteEmptyTxFifo
                0x08003dc4       0xd0 CMakeFiles/omni-infantry.elf.dir/Drivers/STM32F4xx_HAL_Driver/Src/stm32f4xx_hal_pcd.c.obj
 .text.HAL_PCD_Init
                0x08003e94      0x12e CMakeFiles/omni-infantry.elf.dir/Drivers/STM32F4xx_HAL_Driver/Src/stm32f4xx_hal_pcd.c.obj
                0x08003e94                HAL_PCD_Init
 .text.HAL_PCD_Start
                0x08003fc2       0x42 CMakeFiles/omni-infantry.elf.dir/Drivers/STM32F4xx_HAL_Driver/Src/stm32f4xx_hal_pcd.c.obj
                0x08003fc2                HAL_PCD_Start
 .text.PCD_EP_OutXfrComplete_int
                0x08004004      0x104 CMakeFiles/omni-infantry.elf.dir/Drivers/STM32F4xx_HAL_Driver/Src/stm32f4xx_hal_pcd.c.obj
 .text.PCD_EP_OutSetupPacket_int
                0x08004108       0x50 CMakeFiles/omni-infantry.elf.dir/Drivers/STM32F4xx_HAL_Driver/Src/stm32f4xx_hal_pcd.c.obj
 .text.HAL_PCD_SetAddress
                0x08004158       0x28 CMakeFiles/omni-infantry.elf.dir/Drivers/STM32F4xx_HAL_Driver/Src/stm32f4xx_hal_pcd.c.obj
                0x08004158                HAL_PCD_SetAddress
 .text.HAL_PCD_EP_Open
                0x08004180       0x8a CMakeFiles/omni-infantry.elf.dir/Drivers/STM32F4xx_HAL_Driver/Src/stm32f4xx_hal_pcd.c.obj
                0x08004180                HAL_PCD_EP_Open
 .text.HAL_PCD_EP_Close
                0x0800420a       0x72 CMakeFiles/omni-infantry.elf.dir/Drivers/STM32F4xx_HAL_Driver/Src/stm32f4xx_hal_pcd.c.obj
                0x0800420a                HAL_PCD_EP_Close
 .text.HAL_PCD_EP_Receive
                0x0800427c       0x5e CMakeFiles/omni-infantry.elf.dir/Drivers/STM32F4xx_HAL_Driver/Src/stm32f4xx_hal_pcd.c.obj
                0x0800427c                HAL_PCD_EP_Receive
 .text.HAL_PCD_EP_GetRxCount
                0x080042da       0x12 CMakeFiles/omni-infantry.elf.dir/Drivers/STM32F4xx_HAL_Driver/Src/stm32f4xx_hal_pcd.c.obj
                0x080042da                HAL_PCD_EP_GetRxCount
 .text.HAL_PCD_EP_Transmit
                0x080042ec       0x5e CMakeFiles/omni-infantry.elf.dir/Drivers/STM32F4xx_HAL_Driver/Src/stm32f4xx_hal_pcd.c.obj
                0x080042ec                HAL_PCD_EP_Transmit
 .text.HAL_PCD_EP_SetStall
                0x0800434a       0x88 CMakeFiles/omni-infantry.elf.dir/Drivers/STM32F4xx_HAL_Driver/Src/stm32f4xx_hal_pcd.c.obj
                0x0800434a                HAL_PCD_EP_SetStall
 .text.HAL_PCD_EP_ClrStall
                0x080043d2       0x76 CMakeFiles/omni-infantry.elf.dir/Drivers/STM32F4xx_HAL_Driver/Src/stm32f4xx_hal_pcd.c.obj
                0x080043d2                HAL_PCD_EP_ClrStall
 .text.HAL_PCD_EP_Abort
                0x08004448       0x34 CMakeFiles/omni-infantry.elf.dir/Drivers/STM32F4xx_HAL_Driver/Src/stm32f4xx_hal_pcd.c.obj
                0x08004448                HAL_PCD_EP_Abort
 .text.HAL_PCD_IRQHandler
                0x0800447c      0x5c4 CMakeFiles/omni-infantry.elf.dir/Drivers/STM32F4xx_HAL_Driver/Src/stm32f4xx_hal_pcd.c.obj
                0x0800447c                HAL_PCD_IRQHandler
 .text.HAL_PCDEx_SetTxFiFo
                0x08004a40       0x4c CMakeFiles/omni-infantry.elf.dir/Drivers/STM32F4xx_HAL_Driver/Src/stm32f4xx_hal_pcd_ex.c.obj
                0x08004a40                HAL_PCDEx_SetTxFiFo
 .text.HAL_PCDEx_SetRxFiFo
                0x08004a8c        0x8 CMakeFiles/omni-infantry.elf.dir/Drivers/STM32F4xx_HAL_Driver/Src/stm32f4xx_hal_pcd_ex.c.obj
                0x08004a8c                HAL_PCDEx_SetRxFiFo
 .text.HAL_PCDEx_LPM_Callback
                0x08004a94        0x2 CMakeFiles/omni-infantry.elf.dir/Drivers/STM32F4xx_HAL_Driver/Src/stm32f4xx_hal_pcd_ex.c.obj
                0x08004a94                HAL_PCDEx_LPM_Callback
 *fill*         0x08004a96        0x2 
 .text.HAL_RCC_OscConfig
                0x08004a98      0x3f8 CMakeFiles/omni-infantry.elf.dir/Drivers/STM32F4xx_HAL_Driver/Src/stm32f4xx_hal_rcc.c.obj
                0x08004a98                HAL_RCC_OscConfig
 .text.HAL_RCC_GetSysClockFreq
                0x08004e90       0xa4 CMakeFiles/omni-infantry.elf.dir/Drivers/STM32F4xx_HAL_Driver/Src/stm32f4xx_hal_rcc.c.obj
                0x08004e90                HAL_RCC_GetSysClockFreq
 .text.HAL_RCC_ClockConfig
                0x08004f34      0x160 CMakeFiles/omni-infantry.elf.dir/Drivers/STM32F4xx_HAL_Driver/Src/stm32f4xx_hal_rcc.c.obj
                0x08004f34                HAL_RCC_ClockConfig
 .text.HAL_RCC_GetHCLKFreq
                0x08005094        0xc CMakeFiles/omni-infantry.elf.dir/Drivers/STM32F4xx_HAL_Driver/Src/stm32f4xx_hal_rcc.c.obj
                0x08005094                HAL_RCC_GetHCLKFreq
 .text.HAL_RCC_GetPCLK1Freq
                0x080050a0       0x20 CMakeFiles/omni-infantry.elf.dir/Drivers/STM32F4xx_HAL_Driver/Src/stm32f4xx_hal_rcc.c.obj
                0x080050a0                HAL_RCC_GetPCLK1Freq
 .text.HAL_RCC_GetPCLK2Freq
                0x080050c0       0x20 CMakeFiles/omni-infantry.elf.dir/Drivers/STM32F4xx_HAL_Driver/Src/stm32f4xx_hal_rcc.c.obj
                0x080050c0                HAL_RCC_GetPCLK2Freq
 .text.HAL_RNG_Init
                0x080050e0       0x2e CMakeFiles/omni-infantry.elf.dir/Drivers/STM32F4xx_HAL_Driver/Src/stm32f4xx_hal_rng.c.obj
                0x080050e0                HAL_RNG_Init
 *fill*         0x0800510e        0x2 
 .text.SPI_WaitFlagStateUntilTimeout
                0x08005110       0xd4 CMakeFiles/omni-infantry.elf.dir/Drivers/STM32F4xx_HAL_Driver/Src/stm32f4xx_hal_spi.c.obj
 .text.SPI_EndRxTxTransaction
                0x080051e4       0x68 CMakeFiles/omni-infantry.elf.dir/Drivers/STM32F4xx_HAL_Driver/Src/stm32f4xx_hal_spi.c.obj
 .text.HAL_SPI_Init
                0x0800524c       0xbe CMakeFiles/omni-infantry.elf.dir/Drivers/STM32F4xx_HAL_Driver/Src/stm32f4xx_hal_spi.c.obj
                0x0800524c                HAL_SPI_Init
 .text.HAL_SPI_TransmitReceive
                0x0800530a      0x238 CMakeFiles/omni-infantry.elf.dir/Drivers/STM32F4xx_HAL_Driver/Src/stm32f4xx_hal_spi.c.obj
                0x0800530a                HAL_SPI_TransmitReceive
 *fill*         0x08005542        0x2 
 .text.TIM_OC1_SetConfig
                0x08005544       0x68 CMakeFiles/omni-infantry.elf.dir/Drivers/STM32F4xx_HAL_Driver/Src/stm32f4xx_hal_tim.c.obj
 .text.TIM_OC3_SetConfig
                0x080055ac       0x70 CMakeFiles/omni-infantry.elf.dir/Drivers/STM32F4xx_HAL_Driver/Src/stm32f4xx_hal_tim.c.obj
 .text.TIM_OC4_SetConfig
                0x0800561c       0x50 CMakeFiles/omni-infantry.elf.dir/Drivers/STM32F4xx_HAL_Driver/Src/stm32f4xx_hal_tim.c.obj
 .text.TIM_TI1_ConfigInputStage
                0x0800566c       0x26 CMakeFiles/omni-infantry.elf.dir/Drivers/STM32F4xx_HAL_Driver/Src/stm32f4xx_hal_tim.c.obj
 .text.TIM_TI2_ConfigInputStage
                0x08005692       0x28 CMakeFiles/omni-infantry.elf.dir/Drivers/STM32F4xx_HAL_Driver/Src/stm32f4xx_hal_tim.c.obj
 .text.TIM_ITRx_SetConfig
                0x080056ba       0x10 CMakeFiles/omni-infantry.elf.dir/Drivers/STM32F4xx_HAL_Driver/Src/stm32f4xx_hal_tim.c.obj
 *fill*         0x080056ca        0x2 
 .text.HAL_TIM_Base_Start
                0x080056cc       0x7c CMakeFiles/omni-infantry.elf.dir/Drivers/STM32F4xx_HAL_Driver/Src/stm32f4xx_hal_tim.c.obj
                0x080056cc                HAL_TIM_Base_Start
 .text.TIM_Base_SetConfig
                0x08005748       0xc8 CMakeFiles/omni-infantry.elf.dir/Drivers/STM32F4xx_HAL_Driver/Src/stm32f4xx_hal_tim.c.obj
                0x08005748                TIM_Base_SetConfig
 .text.HAL_TIM_Base_Init
                0x08005810       0x58 CMakeFiles/omni-infantry.elf.dir/Drivers/STM32F4xx_HAL_Driver/Src/stm32f4xx_hal_tim.c.obj
                0x08005810                HAL_TIM_Base_Init
 .text.HAL_TIM_PWM_Init
                0x08005868       0x58 CMakeFiles/omni-infantry.elf.dir/Drivers/STM32F4xx_HAL_Driver/Src/stm32f4xx_hal_tim.c.obj
                0x08005868                HAL_TIM_PWM_Init
 .text.TIM_OC2_SetConfig
                0x080058c0       0x70 CMakeFiles/omni-infantry.elf.dir/Drivers/STM32F4xx_HAL_Driver/Src/stm32f4xx_hal_tim.c.obj
                0x080058c0                TIM_OC2_SetConfig
 .text.HAL_TIM_PWM_ConfigChannel
                0x08005930       0xdc CMakeFiles/omni-infantry.elf.dir/Drivers/STM32F4xx_HAL_Driver/Src/stm32f4xx_hal_tim.c.obj
                0x08005930                HAL_TIM_PWM_ConfigChannel
 .text.TIM_ETR_SetConfig
                0x08005a0c       0x1a CMakeFiles/omni-infantry.elf.dir/Drivers/STM32F4xx_HAL_Driver/Src/stm32f4xx_hal_tim.c.obj
                0x08005a0c                TIM_ETR_SetConfig
 .text.HAL_TIM_ConfigClockSource
                0x08005a26       0xfe CMakeFiles/omni-infantry.elf.dir/Drivers/STM32F4xx_HAL_Driver/Src/stm32f4xx_hal_tim.c.obj
                0x08005a26                HAL_TIM_ConfigClockSource
 .text.TIM_CCxChannelCmd
                0x08005b24       0x1e CMakeFiles/omni-infantry.elf.dir/Drivers/STM32F4xx_HAL_Driver/Src/stm32f4xx_hal_tim.c.obj
                0x08005b24                TIM_CCxChannelCmd
 *fill*         0x08005b42        0x2 
 .text.HAL_TIM_PWM_Start
                0x08005b44      0x104 CMakeFiles/omni-infantry.elf.dir/Drivers/STM32F4xx_HAL_Driver/Src/stm32f4xx_hal_tim.c.obj
                0x08005b44                HAL_TIM_PWM_Start
 .text.HAL_TIMEx_MasterConfigSynchronization
                0x08005c48       0x8c CMakeFiles/omni-infantry.elf.dir/Drivers/STM32F4xx_HAL_Driver/Src/stm32f4xx_hal_tim_ex.c.obj
                0x08005c48                HAL_TIMEx_MasterConfigSynchronization
 .text.HAL_TIMEx_ConfigBreakDeadTime
                0x08005cd4       0x52 CMakeFiles/omni-infantry.elf.dir/Drivers/STM32F4xx_HAL_Driver/Src/stm32f4xx_hal_tim_ex.c.obj
                0x08005cd4                HAL_TIMEx_ConfigBreakDeadTime
 *fill*         0x08005d26        0x2 
 .text.UART_SetConfig
                0x08005d28      0x110 CMakeFiles/omni-infantry.elf.dir/Drivers/STM32F4xx_HAL_Driver/Src/stm32f4xx_hal_uart.c.obj
 .text.HAL_UART_Init
                0x08005e38       0x5e CMakeFiles/omni-infantry.elf.dir/Drivers/STM32F4xx_HAL_Driver/Src/stm32f4xx_hal_uart.c.obj
                0x08005e38                HAL_UART_Init
 *fill*         0x08005e96        0x2 
 .text.USB_CoreReset
                0x08005e98       0x50 CMakeFiles/omni-infantry.elf.dir/Drivers/STM32F4xx_HAL_Driver/Src/stm32f4xx_ll_usb.c.obj
 .text.USB_CoreInit
                0x08005ee8       0x8a CMakeFiles/omni-infantry.elf.dir/Drivers/STM32F4xx_HAL_Driver/Src/stm32f4xx_ll_usb.c.obj
                0x08005ee8                USB_CoreInit
 *fill*         0x08005f72        0x2 
 .text.USB_SetTurnaroundTime
                0x08005f74       0xe4 CMakeFiles/omni-infantry.elf.dir/Drivers/STM32F4xx_HAL_Driver/Src/stm32f4xx_ll_usb.c.obj
                0x08005f74                USB_SetTurnaroundTime
 .text.USB_EnableGlobalInt
                0x08006058        0xc CMakeFiles/omni-infantry.elf.dir/Drivers/STM32F4xx_HAL_Driver/Src/stm32f4xx_ll_usb.c.obj
                0x08006058                USB_EnableGlobalInt
 .text.USB_DisableGlobalInt
                0x08006064        0xc CMakeFiles/omni-infantry.elf.dir/Drivers/STM32F4xx_HAL_Driver/Src/stm32f4xx_ll_usb.c.obj
                0x08006064                USB_DisableGlobalInt
 .text.USB_FlushTxFifo
                0x08006070       0x50 CMakeFiles/omni-infantry.elf.dir/Drivers/STM32F4xx_HAL_Driver/Src/stm32f4xx_ll_usb.c.obj
                0x08006070                USB_FlushTxFifo
 .text.USB_FlushRxFifo
                0x080060c0       0x4c CMakeFiles/omni-infantry.elf.dir/Drivers/STM32F4xx_HAL_Driver/Src/stm32f4xx_ll_usb.c.obj
                0x080060c0                USB_FlushRxFifo
 .text.USB_SetDevSpeed
                0x0800610c        0xe CMakeFiles/omni-infantry.elf.dir/Drivers/STM32F4xx_HAL_Driver/Src/stm32f4xx_ll_usb.c.obj
                0x0800610c                USB_SetDevSpeed
 *fill*         0x0800611a        0x2 
 .text.USB_DevInit
                0x0800611c      0x190 CMakeFiles/omni-infantry.elf.dir/Drivers/STM32F4xx_HAL_Driver/Src/stm32f4xx_ll_usb.c.obj
                0x0800611c                USB_DevInit
 .text.USB_GetDevSpeed
                0x080062ac       0x22 CMakeFiles/omni-infantry.elf.dir/Drivers/STM32F4xx_HAL_Driver/Src/stm32f4xx_ll_usb.c.obj
                0x080062ac                USB_GetDevSpeed
 .text.USB_ActivateEndpoint
                0x080062ce       0x9c CMakeFiles/omni-infantry.elf.dir/Drivers/STM32F4xx_HAL_Driver/Src/stm32f4xx_ll_usb.c.obj
                0x080062ce                USB_ActivateEndpoint
 *fill*         0x0800636a        0x2 
 .text.USB_DeactivateEndpoint
                0x0800636c       0xe0 CMakeFiles/omni-infantry.elf.dir/Drivers/STM32F4xx_HAL_Driver/Src/stm32f4xx_ll_usb.c.obj
                0x0800636c                USB_DeactivateEndpoint
 .text.USB_EP0StartXfer
                0x0800644c      0x124 CMakeFiles/omni-infantry.elf.dir/Drivers/STM32F4xx_HAL_Driver/Src/stm32f4xx_ll_usb.c.obj
                0x0800644c                USB_EP0StartXfer
 .text.USB_EPStopXfer
                0x08006570       0xbe CMakeFiles/omni-infantry.elf.dir/Drivers/STM32F4xx_HAL_Driver/Src/stm32f4xx_ll_usb.c.obj
                0x08006570                USB_EPStopXfer
 .text.USB_WritePacket
                0x0800662e       0x2e CMakeFiles/omni-infantry.elf.dir/Drivers/STM32F4xx_HAL_Driver/Src/stm32f4xx_ll_usb.c.obj
                0x0800662e                USB_WritePacket
 .text.USB_EPStartXfer
                0x0800665c      0x234 CMakeFiles/omni-infantry.elf.dir/Drivers/STM32F4xx_HAL_Driver/Src/stm32f4xx_ll_usb.c.obj
                0x0800665c                USB_EPStartXfer
 .text.USB_ReadPacket
                0x08006890       0x54 CMakeFiles/omni-infantry.elf.dir/Drivers/STM32F4xx_HAL_Driver/Src/stm32f4xx_ll_usb.c.obj
                0x08006890                USB_ReadPacket
 .text.USB_EPSetStall
                0x080068e4       0x5a CMakeFiles/omni-infantry.elf.dir/Drivers/STM32F4xx_HAL_Driver/Src/stm32f4xx_ll_usb.c.obj
                0x080068e4                USB_EPSetStall
 .text.USB_EPClearStall
                0x0800693e       0x5c CMakeFiles/omni-infantry.elf.dir/Drivers/STM32F4xx_HAL_Driver/Src/stm32f4xx_ll_usb.c.obj
                0x0800693e                USB_EPClearStall
 .text.USB_SetDevAddress
                0x0800699a       0x20 CMakeFiles/omni-infantry.elf.dir/Drivers/STM32F4xx_HAL_Driver/Src/stm32f4xx_ll_usb.c.obj
                0x0800699a                USB_SetDevAddress
 .text.USB_DevConnect
                0x080069ba       0x1c CMakeFiles/omni-infantry.elf.dir/Drivers/STM32F4xx_HAL_Driver/Src/stm32f4xx_ll_usb.c.obj
                0x080069ba                USB_DevConnect
 .text.USB_DevDisconnect
                0x080069d6       0x1c CMakeFiles/omni-infantry.elf.dir/Drivers/STM32F4xx_HAL_Driver/Src/stm32f4xx_ll_usb.c.obj
                0x080069d6                USB_DevDisconnect
 .text.USB_ReadInterrupts
                0x080069f2        0x8 CMakeFiles/omni-infantry.elf.dir/Drivers/STM32F4xx_HAL_Driver/Src/stm32f4xx_ll_usb.c.obj
                0x080069f2                USB_ReadInterrupts
 .text.USB_ReadDevAllOutEpInterrupt
                0x080069fa       0x10 CMakeFiles/omni-infantry.elf.dir/Drivers/STM32F4xx_HAL_Driver/Src/stm32f4xx_ll_usb.c.obj
                0x080069fa                USB_ReadDevAllOutEpInterrupt
 .text.USB_ReadDevAllInEpInterrupt
                0x08006a0a       0x10 CMakeFiles/omni-infantry.elf.dir/Drivers/STM32F4xx_HAL_Driver/Src/stm32f4xx_ll_usb.c.obj
                0x08006a0a                USB_ReadDevAllInEpInterrupt
 .text.USB_ReadDevOutEPInterrupt
                0x08006a1a       0x12 CMakeFiles/omni-infantry.elf.dir/Drivers/STM32F4xx_HAL_Driver/Src/stm32f4xx_ll_usb.c.obj
                0x08006a1a                USB_ReadDevOutEPInterrupt
 .text.USB_ReadDevInEPInterrupt
                0x08006a2c       0x28 CMakeFiles/omni-infantry.elf.dir/Drivers/STM32F4xx_HAL_Driver/Src/stm32f4xx_ll_usb.c.obj
                0x08006a2c                USB_ReadDevInEPInterrupt
 .text.USB_GetMode
                0x08006a54        0x8 CMakeFiles/omni-infantry.elf.dir/Drivers/STM32F4xx_HAL_Driver/Src/stm32f4xx_ll_usb.c.obj
                0x08006a54                USB_GetMode
 .text.USB_SetCurrentMode
                0x08006a5c       0x62 CMakeFiles/omni-infantry.elf.dir/Drivers/STM32F4xx_HAL_Driver/Src/stm32f4xx_ll_usb.c.obj
                0x08006a5c                USB_SetCurrentMode
 .text.USB_ActivateSetup
                0x08006abe       0x20 CMakeFiles/omni-infantry.elf.dir/Drivers/STM32F4xx_HAL_Driver/Src/stm32f4xx_ll_usb.c.obj
                0x08006abe                USB_ActivateSetup
 *fill*         0x08006ade        0x2 
 .text.USB_EP0_OutStart
                0x08006ae0       0x60 CMakeFiles/omni-infantry.elf.dir/Drivers/STM32F4xx_HAL_Driver/Src/stm32f4xx_ll_usb.c.obj
                0x08006ae0                USB_EP0_OutStart
 .text.USBD_CDC_EP0_RxReady
                0x08006b40       0x40 CMakeFiles/omni-infantry.elf.dir/Middlewares/ST/STM32_USB_Device_Library/Class/CDC/Src/usbd_cdc.c.obj
 .text.USBD_CDC_GetDeviceQualifierDescriptor
                0x08006b80        0xc CMakeFiles/omni-infantry.elf.dir/Middlewares/ST/STM32_USB_Device_Library/Class/CDC/Src/usbd_cdc.c.obj
                0x08006b80                USBD_CDC_GetDeviceQualifierDescriptor
 .text.USBD_CDC_GetOtherSpeedCfgDesc
                0x08006b8c       0x48 CMakeFiles/omni-infantry.elf.dir/Middlewares/ST/STM32_USB_Device_Library/Class/CDC/Src/usbd_cdc.c.obj
 .text.USBD_CDC_GetFSCfgDesc
                0x08006bd4       0x48 CMakeFiles/omni-infantry.elf.dir/Middlewares/ST/STM32_USB_Device_Library/Class/CDC/Src/usbd_cdc.c.obj
 .text.USBD_CDC_GetHSCfgDesc
                0x08006c1c       0x48 CMakeFiles/omni-infantry.elf.dir/Middlewares/ST/STM32_USB_Device_Library/Class/CDC/Src/usbd_cdc.c.obj
 .text.USBD_CDC_DataOut
                0x08006c64       0x38 CMakeFiles/omni-infantry.elf.dir/Middlewares/ST/STM32_USB_Device_Library/Class/CDC/Src/usbd_cdc.c.obj
 .text.USBD_CDC_DataIn
                0x08006c9c       0x7c CMakeFiles/omni-infantry.elf.dir/Middlewares/ST/STM32_USB_Device_Library/Class/CDC/Src/usbd_cdc.c.obj
 .text.USBD_CDC_Setup
                0x08006d18      0x11a CMakeFiles/omni-infantry.elf.dir/Middlewares/ST/STM32_USB_Device_Library/Class/CDC/Src/usbd_cdc.c.obj
 .text.USBD_CDC_DeInit
                0x08006e32       0x64 CMakeFiles/omni-infantry.elf.dir/Middlewares/ST/STM32_USB_Device_Library/Class/CDC/Src/usbd_cdc.c.obj
 .text.USBD_CDC_Init
                0x08006e96       0xee CMakeFiles/omni-infantry.elf.dir/Middlewares/ST/STM32_USB_Device_Library/Class/CDC/Src/usbd_cdc.c.obj
 .text.USBD_CDC_RegisterInterface
                0x08006f84       0x16 CMakeFiles/omni-infantry.elf.dir/Middlewares/ST/STM32_USB_Device_Library/Class/CDC/Src/usbd_cdc.c.obj
                0x08006f84                USBD_CDC_RegisterInterface
 .text.USBD_CDC_SetTxBuffer
                0x08006f9a       0x1c CMakeFiles/omni-infantry.elf.dir/Middlewares/ST/STM32_USB_Device_Library/Class/CDC/Src/usbd_cdc.c.obj
                0x08006f9a                USBD_CDC_SetTxBuffer
 .text.USBD_CDC_SetRxBuffer
                0x08006fb6       0x18 CMakeFiles/omni-infantry.elf.dir/Middlewares/ST/STM32_USB_Device_Library/Class/CDC/Src/usbd_cdc.c.obj
                0x08006fb6                USBD_CDC_SetRxBuffer
 .text.USBD_CDC_TransmitPacket
                0x08006fce       0x3a CMakeFiles/omni-infantry.elf.dir/Middlewares/ST/STM32_USB_Device_Library/Class/CDC/Src/usbd_cdc.c.obj
                0x08006fce                USBD_CDC_TransmitPacket
 .text.USBD_CDC_ReceivePacket
                0x08007008       0x38 CMakeFiles/omni-infantry.elf.dir/Middlewares/ST/STM32_USB_Device_Library/Class/CDC/Src/usbd_cdc.c.obj
                0x08007008                USBD_CDC_ReceivePacket
 .text.USBD_Init
                0x08007040       0x2e CMakeFiles/omni-infantry.elf.dir/Middlewares/ST/STM32_USB_Device_Library/Core/Src/usbd_core.c.obj
                0x08007040                USBD_Init
 .text.USBD_RegisterClass
                0x0800706e       0x34 CMakeFiles/omni-infantry.elf.dir/Middlewares/ST/STM32_USB_Device_Library/Core/Src/usbd_core.c.obj
                0x0800706e                USBD_RegisterClass
 .text.USBD_Start
                0x080070a2        0x8 CMakeFiles/omni-infantry.elf.dir/Middlewares/ST/STM32_USB_Device_Library/Core/Src/usbd_core.c.obj
                0x080070a2                USBD_Start
 .text.USBD_SetClassConfig
                0x080070aa       0x12 CMakeFiles/omni-infantry.elf.dir/Middlewares/ST/STM32_USB_Device_Library/Core/Src/usbd_core.c.obj
                0x080070aa                USBD_SetClassConfig
 .text.USBD_ClrClassConfig
                0x080070bc       0x12 CMakeFiles/omni-infantry.elf.dir/Middlewares/ST/STM32_USB_Device_Library/Core/Src/usbd_core.c.obj
                0x080070bc                USBD_ClrClassConfig
 .text.USBD_LL_SetupStage
                0x080070ce       0x58 CMakeFiles/omni-infantry.elf.dir/Middlewares/ST/STM32_USB_Device_Library/Core/Src/usbd_core.c.obj
                0x080070ce                USBD_LL_SetupStage
 .text.USBD_LL_Reset
                0x08007126       0x64 CMakeFiles/omni-infantry.elf.dir/Middlewares/ST/STM32_USB_Device_Library/Core/Src/usbd_core.c.obj
                0x08007126                USBD_LL_Reset
 .text.USBD_LL_SetSpeed
                0x0800718a        0x6 CMakeFiles/omni-infantry.elf.dir/Middlewares/ST/STM32_USB_Device_Library/Core/Src/usbd_core.c.obj
                0x0800718a                USBD_LL_SetSpeed
 .text.USBD_LL_Suspend
                0x08007190       0x14 CMakeFiles/omni-infantry.elf.dir/Middlewares/ST/STM32_USB_Device_Library/Core/Src/usbd_core.c.obj
                0x08007190                USBD_LL_Suspend
 .text.USBD_LL_Resume
                0x080071a4       0x1a CMakeFiles/omni-infantry.elf.dir/Middlewares/ST/STM32_USB_Device_Library/Core/Src/usbd_core.c.obj
                0x080071a4                USBD_LL_Resume
 .text.USBD_LL_SOF
                0x080071be       0x22 CMakeFiles/omni-infantry.elf.dir/Middlewares/ST/STM32_USB_Device_Library/Core/Src/usbd_core.c.obj
                0x080071be                USBD_LL_SOF
 .text.USBD_LL_IsoINIncomplete
                0x080071e0       0x2e CMakeFiles/omni-infantry.elf.dir/Middlewares/ST/STM32_USB_Device_Library/Core/Src/usbd_core.c.obj
                0x080071e0                USBD_LL_IsoINIncomplete
 .text.USBD_LL_IsoOUTIncomplete
                0x0800720e       0x2e CMakeFiles/omni-infantry.elf.dir/Middlewares/ST/STM32_USB_Device_Library/Core/Src/usbd_core.c.obj
                0x0800720e                USBD_LL_IsoOUTIncomplete
 .text.USBD_LL_DevConnected
                0x0800723c        0x4 CMakeFiles/omni-infantry.elf.dir/Middlewares/ST/STM32_USB_Device_Library/Core/Src/usbd_core.c.obj
                0x0800723c                USBD_LL_DevConnected
 .text.USBD_LL_DevDisconnected
                0x08007240       0x20 CMakeFiles/omni-infantry.elf.dir/Middlewares/ST/STM32_USB_Device_Library/Core/Src/usbd_core.c.obj
                0x08007240                USBD_LL_DevDisconnected
 .text.USBD_CoreFindIF
                0x08007260        0x4 CMakeFiles/omni-infantry.elf.dir/Middlewares/ST/STM32_USB_Device_Library/Core/Src/usbd_core.c.obj
                0x08007260                USBD_CoreFindIF
 .text.USBD_CoreFindEP
                0x08007264        0x4 CMakeFiles/omni-infantry.elf.dir/Middlewares/ST/STM32_USB_Device_Library/Core/Src/usbd_core.c.obj
                0x08007264                USBD_CoreFindEP
 .text.USBD_LL_DataOutStage
                0x08007268       0xc6 CMakeFiles/omni-infantry.elf.dir/Middlewares/ST/STM32_USB_Device_Library/Core/Src/usbd_core.c.obj
                0x08007268                USBD_LL_DataOutStage
 .text.USBD_LL_DataInStage
                0x0800732e       0xd6 CMakeFiles/omni-infantry.elf.dir/Middlewares/ST/STM32_USB_Device_Library/Core/Src/usbd_core.c.obj
                0x0800732e                USBD_LL_DataInStage
 .text.USBD_GetNextDesc
                0x08007404        0xe CMakeFiles/omni-infantry.elf.dir/Middlewares/ST/STM32_USB_Device_Library/Core/Src/usbd_core.c.obj
                0x08007404                USBD_GetNextDesc
 .text.USBD_GetEpDesc
                0x08007412       0x3e CMakeFiles/omni-infantry.elf.dir/Middlewares/ST/STM32_USB_Device_Library/Core/Src/usbd_core.c.obj
                0x08007412                USBD_GetEpDesc
 .text.USBD_GetLen
                0x08007450       0x14 CMakeFiles/omni-infantry.elf.dir/Middlewares/ST/STM32_USB_Device_Library/Core/Src/usbd_ctlreq.c.obj
 .text.USBD_ParseSetupRequest
                0x08007464       0x28 CMakeFiles/omni-infantry.elf.dir/Middlewares/ST/STM32_USB_Device_Library/Core/Src/usbd_ctlreq.c.obj
                0x08007464                USBD_ParseSetupRequest
 .text.USBD_CtlError
                0x0800748c       0x14 CMakeFiles/omni-infantry.elf.dir/Middlewares/ST/STM32_USB_Device_Library/Core/Src/usbd_ctlreq.c.obj
                0x0800748c                USBD_CtlError
 .text.USBD_GetDescriptor
                0x080074a0      0x18a CMakeFiles/omni-infantry.elf.dir/Middlewares/ST/STM32_USB_Device_Library/Core/Src/usbd_ctlreq.c.obj
 .text.USBD_SetAddress
                0x0800762a       0x50 CMakeFiles/omni-infantry.elf.dir/Middlewares/ST/STM32_USB_Device_Library/Core/Src/usbd_ctlreq.c.obj
 *fill*         0x0800767a        0x2 
 .text.USBD_SetConfig
                0x0800767c       0xcc CMakeFiles/omni-infantry.elf.dir/Middlewares/ST/STM32_USB_Device_Library/Core/Src/usbd_ctlreq.c.obj
 .text.USBD_GetConfig
                0x08007748       0x40 CMakeFiles/omni-infantry.elf.dir/Middlewares/ST/STM32_USB_Device_Library/Core/Src/usbd_ctlreq.c.obj
 .text.USBD_GetStatus
                0x08007788       0x38 CMakeFiles/omni-infantry.elf.dir/Middlewares/ST/STM32_USB_Device_Library/Core/Src/usbd_ctlreq.c.obj
 .text.USBD_SetFeature
                0x080077c0       0x2a CMakeFiles/omni-infantry.elf.dir/Middlewares/ST/STM32_USB_Device_Library/Core/Src/usbd_ctlreq.c.obj
 .text.USBD_ClrFeature
                0x080077ea       0x26 CMakeFiles/omni-infantry.elf.dir/Middlewares/ST/STM32_USB_Device_Library/Core/Src/usbd_ctlreq.c.obj
 .text.USBD_StdDevReq
                0x08007810       0x76 CMakeFiles/omni-infantry.elf.dir/Middlewares/ST/STM32_USB_Device_Library/Core/Src/usbd_ctlreq.c.obj
                0x08007810                USBD_StdDevReq
 .text.USBD_StdItfReq
                0x08007886       0x84 CMakeFiles/omni-infantry.elf.dir/Middlewares/ST/STM32_USB_Device_Library/Core/Src/usbd_ctlreq.c.obj
                0x08007886                USBD_StdItfReq
 .text.USBD_StdEPReq
                0x0800790a      0x230 CMakeFiles/omni-infantry.elf.dir/Middlewares/ST/STM32_USB_Device_Library/Core/Src/usbd_ctlreq.c.obj
                0x0800790a                USBD_StdEPReq
 .text.USBD_GetString
                0x08007b3a       0x3a CMakeFiles/omni-infantry.elf.dir/Middlewares/ST/STM32_USB_Device_Library/Core/Src/usbd_ctlreq.c.obj
                0x08007b3a                USBD_GetString
 .text.USBD_CtlSendData
                0x08007b74       0x1a CMakeFiles/omni-infantry.elf.dir/Middlewares/ST/STM32_USB_Device_Library/Core/Src/usbd_ioreq.c.obj
                0x08007b74                USBD_CtlSendData
 .text.USBD_CtlContinueSendData
                0x08007b8e       0x10 CMakeFiles/omni-infantry.elf.dir/Middlewares/ST/STM32_USB_Device_Library/Core/Src/usbd_ioreq.c.obj
                0x08007b8e                USBD_CtlContinueSendData
 .text.USBD_CtlPrepareRx
                0x08007b9e       0x1e CMakeFiles/omni-infantry.elf.dir/Middlewares/ST/STM32_USB_Device_Library/Core/Src/usbd_ioreq.c.obj
                0x08007b9e                USBD_CtlPrepareRx
 .text.USBD_CtlContinueRx
                0x08007bbc       0x10 CMakeFiles/omni-infantry.elf.dir/Middlewares/ST/STM32_USB_Device_Library/Core/Src/usbd_ioreq.c.obj
                0x08007bbc                USBD_CtlContinueRx
 .text.USBD_CtlSendStatus
                0x08007bcc       0x16 CMakeFiles/omni-infantry.elf.dir/Middlewares/ST/STM32_USB_Device_Library/Core/Src/usbd_ioreq.c.obj
                0x08007bcc                USBD_CtlSendStatus
 .text.USBD_CtlReceiveStatus
                0x08007be2       0x16 CMakeFiles/omni-infantry.elf.dir/Middlewares/ST/STM32_USB_Device_Library/Core/Src/usbd_ioreq.c.obj
                0x08007be2                USBD_CtlReceiveStatus
 .text.makeFreeRtosPriority
                0x08007bf8        0xc CMakeFiles/omni-infantry.elf.dir/Middlewares/Third_Party/FreeRTOS/Source/CMSIS_RTOS/cmsis_os.c.obj
 .text.osKernelStart
                0x08007c04        0xa CMakeFiles/omni-infantry.elf.dir/Middlewares/Third_Party/FreeRTOS/Source/CMSIS_RTOS/cmsis_os.c.obj
                0x08007c04                osKernelStart
 .text.osThreadCreate
                0x08007c0e       0x6a CMakeFiles/omni-infantry.elf.dir/Middlewares/Third_Party/FreeRTOS/Source/CMSIS_RTOS/cmsis_os.c.obj
                0x08007c0e                osThreadCreate
 .text.osDelay  0x08007c78        0xe CMakeFiles/omni-infantry.elf.dir/Middlewares/Third_Party/FreeRTOS/Source/CMSIS_RTOS/cmsis_os.c.obj
                0x08007c78                osDelay
 .text.vListInitialise
                0x08007c86       0x16 CMakeFiles/omni-infantry.elf.dir/Middlewares/Third_Party/FreeRTOS/Source/list.c.obj
                0x08007c86                vListInitialise
 .text.vListInitialiseItem
                0x08007c9c        0x6 CMakeFiles/omni-infantry.elf.dir/Middlewares/Third_Party/FreeRTOS/Source/list.c.obj
                0x08007c9c                vListInitialiseItem
 .text.vListInsertEnd
                0x08007ca2       0x16 CMakeFiles/omni-infantry.elf.dir/Middlewares/Third_Party/FreeRTOS/Source/list.c.obj
                0x08007ca2                vListInsertEnd
 .text.vListInsert
                0x08007cb8       0x32 CMakeFiles/omni-infantry.elf.dir/Middlewares/Third_Party/FreeRTOS/Source/list.c.obj
                0x08007cb8                vListInsert
 .text.uxListRemove
                0x08007cea       0x26 CMakeFiles/omni-infantry.elf.dir/Middlewares/Third_Party/FreeRTOS/Source/list.c.obj
                0x08007cea                uxListRemove
 .text.prvTaskExitError
                0x08007d10       0x40 CMakeFiles/omni-infantry.elf.dir/Middlewares/Third_Party/FreeRTOS/Source/portable/GCC/ARM_CM4F/port.c.obj
 .text.prvPortStartFirstTask
                0x08007d50       0x28 CMakeFiles/omni-infantry.elf.dir/Middlewares/Third_Party/FreeRTOS/Source/portable/GCC/ARM_CM4F/port.c.obj
 .text.vPortEnableVFP
                0x08007d78       0x14 CMakeFiles/omni-infantry.elf.dir/Middlewares/Third_Party/FreeRTOS/Source/portable/GCC/ARM_CM4F/port.c.obj
 .text.pxPortInitialiseStack
                0x08007d8c       0x2c CMakeFiles/omni-infantry.elf.dir/Middlewares/Third_Party/FreeRTOS/Source/portable/GCC/ARM_CM4F/port.c.obj
                0x08007d8c                pxPortInitialiseStack
 *fill*         0x08007db8        0x8 
 .text.SVC_Handler
                0x08007dc0       0x24 CMakeFiles/omni-infantry.elf.dir/Middlewares/Third_Party/FreeRTOS/Source/portable/GCC/ARM_CM4F/port.c.obj
                0x08007dc0                SVC_Handler
 .text.vPortEnterCritical
                0x08007de4       0x44 CMakeFiles/omni-infantry.elf.dir/Middlewares/Third_Party/FreeRTOS/Source/portable/GCC/ARM_CM4F/port.c.obj
                0x08007de4                vPortEnterCritical
 .text.vPortExitCritical
                0x08007e28       0x2c CMakeFiles/omni-infantry.elf.dir/Middlewares/Third_Party/FreeRTOS/Source/portable/GCC/ARM_CM4F/port.c.obj
                0x08007e28                vPortExitCritical
 *fill*         0x08007e54        0xc 
 .text.PendSV_Handler
                0x08007e60       0x64 CMakeFiles/omni-infantry.elf.dir/Middlewares/Third_Party/FreeRTOS/Source/portable/GCC/ARM_CM4F/port.c.obj
                0x08007e60                PendSV_Handler
 .text.xPortSysTickHandler
                0x08007ec4       0x2c CMakeFiles/omni-infantry.elf.dir/Middlewares/Third_Party/FreeRTOS/Source/portable/GCC/ARM_CM4F/port.c.obj
                0x08007ec4                xPortSysTickHandler
 .text.vPortSetupTimerInterrupt
                0x08007ef0       0x28 CMakeFiles/omni-infantry.elf.dir/Middlewares/Third_Party/FreeRTOS/Source/portable/GCC/ARM_CM4F/port.c.obj
                0x08007ef0                vPortSetupTimerInterrupt
 .text.xPortStartScheduler
                0x08007f18      0x118 CMakeFiles/omni-infantry.elf.dir/Middlewares/Third_Party/FreeRTOS/Source/portable/GCC/ARM_CM4F/port.c.obj
                0x08007f18                xPortStartScheduler
 .text.vPortValidateInterruptPriority
                0x08008030       0x5c CMakeFiles/omni-infantry.elf.dir/Middlewares/Third_Party/FreeRTOS/Source/portable/GCC/ARM_CM4F/port.c.obj
                0x08008030                vPortValidateInterruptPriority
 .text.prvHeapInit
                0x0800808c       0x64 CMakeFiles/omni-infantry.elf.dir/Middlewares/Third_Party/FreeRTOS/Source/portable/MemMang/heap_4.c.obj
 .text.prvInsertBlockIntoFreeList
                0x080080f0       0x64 CMakeFiles/omni-infantry.elf.dir/Middlewares/Third_Party/FreeRTOS/Source/portable/MemMang/heap_4.c.obj
 .text.pvPortMalloc
                0x08008154       0xfc CMakeFiles/omni-infantry.elf.dir/Middlewares/Third_Party/FreeRTOS/Source/portable/MemMang/heap_4.c.obj
                0x08008154                pvPortMalloc
 .text.vPortFree
                0x08008250       0x7c CMakeFiles/omni-infantry.elf.dir/Middlewares/Third_Party/FreeRTOS/Source/portable/MemMang/heap_4.c.obj
                0x08008250                vPortFree
 .text.prvIsQueueFull
                0x080082cc       0x1e CMakeFiles/omni-infantry.elf.dir/Middlewares/Third_Party/FreeRTOS/Source/queue.c.obj
 .text.prvIsQueueEmpty
                0x080082ea       0x1a CMakeFiles/omni-infantry.elf.dir/Middlewares/Third_Party/FreeRTOS/Source/queue.c.obj
 .text.prvCopyDataToQueue
                0x08008304       0x76 CMakeFiles/omni-infantry.elf.dir/Middlewares/Third_Party/FreeRTOS/Source/queue.c.obj
 .text.prvCopyDataFromQueue
                0x0800837a       0x24 CMakeFiles/omni-infantry.elf.dir/Middlewares/Third_Party/FreeRTOS/Source/queue.c.obj
 .text.prvUnlockQueue
                0x0800839e       0x6e CMakeFiles/omni-infantry.elf.dir/Middlewares/Third_Party/FreeRTOS/Source/queue.c.obj
 .text.xQueueGenericReset
                0x0800840c       0x84 CMakeFiles/omni-infantry.elf.dir/Middlewares/Third_Party/FreeRTOS/Source/queue.c.obj
                0x0800840c                xQueueGenericReset
 .text.prvInitialiseNewQueue
                0x08008490       0x1c CMakeFiles/omni-infantry.elf.dir/Middlewares/Third_Party/FreeRTOS/Source/queue.c.obj
 .text.xQueueGenericCreate
                0x080084ac       0x48 CMakeFiles/omni-infantry.elf.dir/Middlewares/Third_Party/FreeRTOS/Source/queue.c.obj
                0x080084ac                xQueueGenericCreate
 .text.xQueueGenericSend
                0x080084f4      0x188 CMakeFiles/omni-infantry.elf.dir/Middlewares/Third_Party/FreeRTOS/Source/queue.c.obj
                0x080084f4                xQueueGenericSend
 .text.xQueueReceive
                0x0800867c      0x15e CMakeFiles/omni-infantry.elf.dir/Middlewares/Third_Party/FreeRTOS/Source/queue.c.obj
                0x0800867c                xQueueReceive
 *fill*         0x080087da        0x2 
 .text.prvTaskIsTaskSuspended
                0x080087dc       0x40 CMakeFiles/omni-infantry.elf.dir/Middlewares/Third_Party/FreeRTOS/Source/tasks.c.obj
 .text.prvSearchForNameWithinSingleList
                0x0800881c       0x64 CMakeFiles/omni-infantry.elf.dir/Middlewares/Third_Party/FreeRTOS/Source/tasks.c.obj
 .text.prvResetNextTaskUnblockTime
                0x08008880       0x2c CMakeFiles/omni-infantry.elf.dir/Middlewares/Third_Party/FreeRTOS/Source/tasks.c.obj
 .text.prvInitialiseNewTask
                0x080088ac       0xa6 CMakeFiles/omni-infantry.elf.dir/Middlewares/Third_Party/FreeRTOS/Source/tasks.c.obj
 *fill*         0x08008952        0x2 
 .text.prvInitialiseTaskLists
                0x08008954       0x68 CMakeFiles/omni-infantry.elf.dir/Middlewares/Third_Party/FreeRTOS/Source/tasks.c.obj
 .text.prvAddNewTaskToReadyList
                0x080089bc       0xa8 CMakeFiles/omni-infantry.elf.dir/Middlewares/Third_Party/FreeRTOS/Source/tasks.c.obj
 .text.prvDeleteTCB
                0x08008a64       0x38 CMakeFiles/omni-infantry.elf.dir/Middlewares/Third_Party/FreeRTOS/Source/tasks.c.obj
 .text.prvCheckTasksWaitingTermination
                0x08008a9c       0x4c CMakeFiles/omni-infantry.elf.dir/Middlewares/Third_Party/FreeRTOS/Source/tasks.c.obj
 .text.prvIdleTask
                0x08008ae8       0x28 CMakeFiles/omni-infantry.elf.dir/Middlewares/Third_Party/FreeRTOS/Source/tasks.c.obj
 .text.prvAddCurrentTaskToDelayedList
                0x08008b10       0xa0 CMakeFiles/omni-infantry.elf.dir/Middlewares/Third_Party/FreeRTOS/Source/tasks.c.obj
 .text.xTaskCreateStatic
                0x08008bb0       0x76 CMakeFiles/omni-infantry.elf.dir/Middlewares/Third_Party/FreeRTOS/Source/tasks.c.obj
                0x08008bb0                xTaskCreateStatic
 .text.xTaskCreate
                0x08008c26       0x68 CMakeFiles/omni-infantry.elf.dir/Middlewares/Third_Party/FreeRTOS/Source/tasks.c.obj
                0x08008c26                xTaskCreate
 *fill*         0x08008c8e        0x2 
 .text.vTaskResume
                0x08008c90       0x88 CMakeFiles/omni-infantry.elf.dir/Middlewares/Third_Party/FreeRTOS/Source/tasks.c.obj
                0x08008c90                vTaskResume
 .text.vTaskStartScheduler
                0x08008d18       0x74 CMakeFiles/omni-infantry.elf.dir/Middlewares/Third_Party/FreeRTOS/Source/tasks.c.obj
                0x08008d18                vTaskStartScheduler
 .text.vTaskSuspendAll
                0x08008d8c       0x10 CMakeFiles/omni-infantry.elf.dir/Middlewares/Third_Party/FreeRTOS/Source/tasks.c.obj
                0x08008d8c                vTaskSuspendAll
 .text.xTaskGetTickCount
                0x08008d9c        0xc CMakeFiles/omni-infantry.elf.dir/Middlewares/Third_Party/FreeRTOS/Source/tasks.c.obj
                0x08008d9c                xTaskGetTickCount
 .text.pcTaskGetName
                0x08008da8       0x28 CMakeFiles/omni-infantry.elf.dir/Middlewares/Third_Party/FreeRTOS/Source/tasks.c.obj
                0x08008da8                pcTaskGetName
 .text.xTaskIncrementTick
                0x08008dd0      0x118 CMakeFiles/omni-infantry.elf.dir/Middlewares/Third_Party/FreeRTOS/Source/tasks.c.obj
                0x08008dd0                xTaskIncrementTick
 .text.xTaskResumeAll
                0x08008ee8       0xf8 CMakeFiles/omni-infantry.elf.dir/Middlewares/Third_Party/FreeRTOS/Source/tasks.c.obj
                0x08008ee8                xTaskResumeAll
 .text.vTaskDelay
                0x08008fe0       0x4c CMakeFiles/omni-infantry.elf.dir/Middlewares/Third_Party/FreeRTOS/Source/tasks.c.obj
                0x08008fe0                vTaskDelay
 .text.xTaskGetHandle
                0x0800902c       0x98 CMakeFiles/omni-infantry.elf.dir/Middlewares/Third_Party/FreeRTOS/Source/tasks.c.obj
                0x0800902c                xTaskGetHandle
 .text.vTaskSwitchContext
                0x080090c4       0x98 CMakeFiles/omni-infantry.elf.dir/Middlewares/Third_Party/FreeRTOS/Source/tasks.c.obj
                0x080090c4                vTaskSwitchContext
 .text.vTaskPlaceOnEventList
                0x0800915c       0x30 CMakeFiles/omni-infantry.elf.dir/Middlewares/Third_Party/FreeRTOS/Source/tasks.c.obj
                0x0800915c                vTaskPlaceOnEventList
 .text.xTaskRemoveFromEventList
                0x0800918c       0x8c CMakeFiles/omni-infantry.elf.dir/Middlewares/Third_Party/FreeRTOS/Source/tasks.c.obj
                0x0800918c                xTaskRemoveFromEventList
 .text.vTaskInternalSetTimeOutState
                0x08009218       0x18 CMakeFiles/omni-infantry.elf.dir/Middlewares/Third_Party/FreeRTOS/Source/tasks.c.obj
                0x08009218                vTaskInternalSetTimeOutState
 .text.xTaskCheckForTimeOut
                0x08009230       0xa0 CMakeFiles/omni-infantry.elf.dir/Middlewares/Third_Party/FreeRTOS/Source/tasks.c.obj
                0x08009230                xTaskCheckForTimeOut
 .text.vTaskMissedYield
                0x080092d0        0xc CMakeFiles/omni-infantry.elf.dir/Middlewares/Third_Party/FreeRTOS/Source/tasks.c.obj
                0x080092d0                vTaskMissedYield
 .text.xTaskGetSchedulerState
                0x080092dc       0x20 CMakeFiles/omni-infantry.elf.dir/Middlewares/Third_Party/FreeRTOS/Source/tasks.c.obj
                0x080092dc                xTaskGetSchedulerState
 .text.xTaskPriorityDisinherit
                0x080092fc       0xb4 CMakeFiles/omni-infantry.elf.dir/Middlewares/Third_Party/FreeRTOS/Source/tasks.c.obj
                0x080092fc                xTaskPriorityDisinherit
 .text.ulTaskNotifyTake
                0x080093b0       0x78 CMakeFiles/omni-infantry.elf.dir/Middlewares/Third_Party/FreeRTOS/Source/tasks.c.obj
                0x080093b0                ulTaskNotifyTake
 .text.vTaskNotifyGiveFromISR
                0x08009428       0xd0 CMakeFiles/omni-infantry.elf.dir/Middlewares/Third_Party/FreeRTOS/Source/tasks.c.obj
                0x08009428                vTaskNotifyGiveFromISR
 .text.MX_USB_DEVICE_Init
                0x080094f8       0x54 CMakeFiles/omni-infantry.elf.dir/USB_DEVICE/App/usb_device.c.obj
                0x080094f8                MX_USB_DEVICE_Init
 .text.CDC_DeInit_FS
                0x0800954c        0x4 CMakeFiles/omni-infantry.elf.dir/USB_DEVICE/App/usbd_cdc_if.c.obj
 .text.CDC_Control_FS
                0x08009550        0x4 CMakeFiles/omni-infantry.elf.dir/USB_DEVICE/App/usbd_cdc_if.c.obj
 .text.CDC_TransmitCplt_FS
                0x08009554        0x4 CMakeFiles/omni-infantry.elf.dir/USB_DEVICE/App/usbd_cdc_if.c.obj
 .text.CDC_Receive_FS
                0x08009558       0x24 CMakeFiles/omni-infantry.elf.dir/USB_DEVICE/App/usbd_cdc_if.c.obj
 .text.CDC_Init_FS
                0x0800957c       0x28 CMakeFiles/omni-infantry.elf.dir/USB_DEVICE/App/usbd_cdc_if.c.obj
 .text.CDC_Transmit_FS
                0x080095a4       0x2c CMakeFiles/omni-infantry.elf.dir/USB_DEVICE/App/usbd_cdc_if.c.obj
                0x080095a4                CDC_Transmit_FS
 .text.USBD_FS_DeviceDescriptor
                0x080095d0        0xc CMakeFiles/omni-infantry.elf.dir/USB_DEVICE/App/usbd_desc.c.obj
                0x080095d0                USBD_FS_DeviceDescriptor
 .text.USBD_FS_LangIDStrDescriptor
                0x080095dc        0xc CMakeFiles/omni-infantry.elf.dir/USB_DEVICE/App/usbd_desc.c.obj
                0x080095dc                USBD_FS_LangIDStrDescriptor
 .text.IntToUnicode
                0x080095e8       0x46 CMakeFiles/omni-infantry.elf.dir/USB_DEVICE/App/usbd_desc.c.obj
 *fill*         0x0800962e        0x2 
 .text.Get_SerialNum
                0x08009630       0x38 CMakeFiles/omni-infantry.elf.dir/USB_DEVICE/App/usbd_desc.c.obj
 .text.USBD_FS_SerialStrDescriptor
                0x08009668       0x14 CMakeFiles/omni-infantry.elf.dir/USB_DEVICE/App/usbd_desc.c.obj
                0x08009668                USBD_FS_SerialStrDescriptor
 .text.USBD_FS_ProductStrDescriptor
                0x0800967c       0x24 CMakeFiles/omni-infantry.elf.dir/USB_DEVICE/App/usbd_desc.c.obj
                0x0800967c                USBD_FS_ProductStrDescriptor
 .text.USBD_FS_ManufacturerStrDescriptor
                0x080096a0       0x1c CMakeFiles/omni-infantry.elf.dir/USB_DEVICE/App/usbd_desc.c.obj
                0x080096a0                USBD_FS_ManufacturerStrDescriptor
 .text.USBD_FS_ConfigStrDescriptor
                0x080096bc       0x24 CMakeFiles/omni-infantry.elf.dir/USB_DEVICE/App/usbd_desc.c.obj
                0x080096bc                USBD_FS_ConfigStrDescriptor
 .text.USBD_FS_InterfaceStrDescriptor
                0x080096e0       0x24 CMakeFiles/omni-infantry.elf.dir/USB_DEVICE/App/usbd_desc.c.obj
                0x080096e0                USBD_FS_InterfaceStrDescriptor
 .text.HAL_PCD_MspInit
                0x08009704       0x84 CMakeFiles/omni-infantry.elf.dir/USB_DEVICE/Target/usbd_conf.c.obj
                0x08009704                HAL_PCD_MspInit
 .text.HAL_PCD_SetupStageCallback
                0x08009788       0x10 CMakeFiles/omni-infantry.elf.dir/USB_DEVICE/Target/usbd_conf.c.obj
                0x08009788                HAL_PCD_SetupStageCallback
 .text.HAL_PCD_DataOutStageCallback
                0x08009798       0x18 CMakeFiles/omni-infantry.elf.dir/USB_DEVICE/Target/usbd_conf.c.obj
                0x08009798                HAL_PCD_DataOutStageCallback
 .text.HAL_PCD_DataInStageCallback
                0x080097b0       0x16 CMakeFiles/omni-infantry.elf.dir/USB_DEVICE/Target/usbd_conf.c.obj
                0x080097b0                HAL_PCD_DataInStageCallback
 .text.HAL_PCD_SOFCallback
                0x080097c6        0xc CMakeFiles/omni-infantry.elf.dir/USB_DEVICE/Target/usbd_conf.c.obj
                0x080097c6                HAL_PCD_SOFCallback
 .text.HAL_PCD_ResetCallback
                0x080097d2       0x2c CMakeFiles/omni-infantry.elf.dir/USB_DEVICE/Target/usbd_conf.c.obj
                0x080097d2                HAL_PCD_ResetCallback
 *fill*         0x080097fe        0x2 
 .text.HAL_PCD_SuspendCallback
                0x08009800       0x30 CMakeFiles/omni-infantry.elf.dir/USB_DEVICE/Target/usbd_conf.c.obj
                0x08009800                HAL_PCD_SuspendCallback
 .text.HAL_PCD_ResumeCallback
                0x08009830        0xc CMakeFiles/omni-infantry.elf.dir/USB_DEVICE/Target/usbd_conf.c.obj
                0x08009830                HAL_PCD_ResumeCallback
 .text.HAL_PCD_ISOOUTIncompleteCallback
                0x0800983c        0xc CMakeFiles/omni-infantry.elf.dir/USB_DEVICE/Target/usbd_conf.c.obj
                0x0800983c                HAL_PCD_ISOOUTIncompleteCallback
 .text.HAL_PCD_ISOINIncompleteCallback
                0x08009848        0xc CMakeFiles/omni-infantry.elf.dir/USB_DEVICE/Target/usbd_conf.c.obj
                0x08009848                HAL_PCD_ISOINIncompleteCallback
 .text.HAL_PCD_ConnectCallback
                0x08009854        0xc CMakeFiles/omni-infantry.elf.dir/USB_DEVICE/Target/usbd_conf.c.obj
                0x08009854                HAL_PCD_ConnectCallback
 .text.HAL_PCD_DisconnectCallback
                0x08009860        0xc CMakeFiles/omni-infantry.elf.dir/USB_DEVICE/Target/usbd_conf.c.obj
                0x08009860                HAL_PCD_DisconnectCallback
 .text.USBD_LL_Init
                0x0800986c       0x68 CMakeFiles/omni-infantry.elf.dir/USB_DEVICE/Target/usbd_conf.c.obj
                0x0800986c                USBD_LL_Init
 .text.USBD_LL_IsStallEP
                0x080098d4       0x2e CMakeFiles/omni-infantry.elf.dir/USB_DEVICE/Target/usbd_conf.c.obj
                0x080098d4                USBD_LL_IsStallEP
 .text.USBD_LL_GetRxDataSize
                0x08009902        0xc CMakeFiles/omni-infantry.elf.dir/USB_DEVICE/Target/usbd_conf.c.obj
                0x08009902                USBD_LL_GetRxDataSize
 *fill*         0x0800990e        0x2 
 .text.USBD_static_malloc
                0x08009910        0x8 CMakeFiles/omni-infantry.elf.dir/USB_DEVICE/Target/usbd_conf.c.obj
                0x08009910                USBD_static_malloc
 .text.USBD_static_free
                0x08009918        0x2 CMakeFiles/omni-infantry.elf.dir/USB_DEVICE/Target/usbd_conf.c.obj
                0x08009918                USBD_static_free
 .text.USBD_Get_USB_Status
                0x0800991a       0x14 CMakeFiles/omni-infantry.elf.dir/USB_DEVICE/Target/usbd_conf.c.obj
                0x0800991a                USBD_Get_USB_Status
 .text.USBD_LL_Start
                0x0800992e       0x10 CMakeFiles/omni-infantry.elf.dir/USB_DEVICE/Target/usbd_conf.c.obj
                0x0800992e                USBD_LL_Start
 .text.USBD_LL_OpenEP
                0x0800993e       0x16 CMakeFiles/omni-infantry.elf.dir/USB_DEVICE/Target/usbd_conf.c.obj
                0x0800993e                USBD_LL_OpenEP
 .text.USBD_LL_CloseEP
                0x08009954       0x10 CMakeFiles/omni-infantry.elf.dir/USB_DEVICE/Target/usbd_conf.c.obj
                0x08009954                USBD_LL_CloseEP
 .text.USBD_LL_StallEP
                0x08009964       0x10 CMakeFiles/omni-infantry.elf.dir/USB_DEVICE/Target/usbd_conf.c.obj
                0x08009964                USBD_LL_StallEP
 .text.USBD_LL_ClearStallEP
                0x08009974       0x10 CMakeFiles/omni-infantry.elf.dir/USB_DEVICE/Target/usbd_conf.c.obj
                0x08009974                USBD_LL_ClearStallEP
 .text.USBD_LL_SetUSBAddress
                0x08009984       0x10 CMakeFiles/omni-infantry.elf.dir/USB_DEVICE/Target/usbd_conf.c.obj
                0x08009984                USBD_LL_SetUSBAddress
 .text.USBD_LL_Transmit
                0x08009994       0x10 CMakeFiles/omni-infantry.elf.dir/USB_DEVICE/Target/usbd_conf.c.obj
                0x08009994                USBD_LL_Transmit
 .text.USBD_LL_PrepareReceive
                0x080099a4       0x10 CMakeFiles/omni-infantry.elf.dir/USB_DEVICE/Target/usbd_conf.c.obj
                0x080099a4                USBD_LL_PrepareReceive
 .text.imu_cali_slove
                0x080099b4       0xbc CMakeFiles/omni-infantry.elf.dir/application/Atti.c.obj
 .text.imu_temp_control
                0x08009a70       0xa0 CMakeFiles/omni-infantry.elf.dir/application/Atti.c.obj
 .text.imu_cmd_spi_dma
                0x08009b10      0x180 CMakeFiles/omni-infantry.elf.dir/application/Atti.c.obj
 .text.INS_task
                0x08009c90      0x264 CMakeFiles/omni-infantry.elf.dir/application/Atti.c.obj
                0x08009c90                INS_task
 .text.gyro_offset_calc
                0x08009ef4       0x54 CMakeFiles/omni-infantry.elf.dir/application/Atti.c.obj
                0x08009ef4                gyro_offset_calc
 .text.INS_cali_gyro
                0x08009f48       0x48 CMakeFiles/omni-infantry.elf.dir/application/Atti.c.obj
                0x08009f48                INS_cali_gyro
 .text.INS_set_cali_gyro
                0x08009f90       0x28 CMakeFiles/omni-infantry.elf.dir/application/Atti.c.obj
                0x08009f90                INS_set_cali_gyro
 .text.HAL_GPIO_EXTI_Callback
                0x08009fb8       0x94 CMakeFiles/omni-infantry.elf.dir/application/Atti.c.obj
                0x08009fb8                HAL_GPIO_EXTI_Callback
 .text.DMA2_Stream2_IRQHandler
                0x0800a04c      0x6b0 CMakeFiles/omni-infantry.elf.dir/application/Atti.c.obj
                0x0800a04c                DMA2_Stream2_IRQHandler
 .text.cali_gimbal_hook
                0x0800a6fc       0x1a CMakeFiles/omni-infantry.elf.dir/application/Calibrate.c.obj
 *fill*         0x0800a716        0x2 
 .text.cali_gyro_hook
                0x0800a718       0x58 CMakeFiles/omni-infantry.elf.dir/application/Calibrate.c.obj
 .text.cali_head_hook
                0x0800a770       0x44 CMakeFiles/omni-infantry.elf.dir/application/Calibrate.c.obj
 .text.RC_cmd_to_calibrate
                0x0800a7b4      0x304 CMakeFiles/omni-infantry.elf.dir/application/Calibrate.c.obj
 .text.cali_data_write
                0x0800aab8       0x70 CMakeFiles/omni-infantry.elf.dir/application/Calibrate.c.obj
 .text.cali_data_read
                0x0800ab28       0x90 CMakeFiles/omni-infantry.elf.dir/application/Calibrate.c.obj
 .text.calibrate_task
                0x0800abb8       0xa0 CMakeFiles/omni-infantry.elf.dir/application/Calibrate.c.obj
                0x0800abb8                calibrate_task
 .text.get_control_temperature
                0x0800ac58        0xc CMakeFiles/omni-infantry.elf.dir/application/Calibrate.c.obj
                0x0800ac58                get_control_temperature
 .text.cali_param_init
                0x0800ac64       0x78 CMakeFiles/omni-infantry.elf.dir/application/Calibrate.c.obj
                0x0800ac64                cali_param_init
 .text.cap_info_update
                0x0800acdc       0x90 CMakeFiles/omni-infantry.elf.dir/application/Cap.c.obj
                0x0800acdc                cap_info_update
 .text.cap_task
                0x0800ad6c       0x20 CMakeFiles/omni-infantry.elf.dir/application/Cap.c.obj
                0x0800ad6c                cap_task
 .text.chassis_set_mode
                0x0800ad8c       0x7c CMakeFiles/omni-infantry.elf.dir/application/Chassis.c.obj
 .text.chassis_speed_change
                0x0800ae08       0xc0 CMakeFiles/omni-infantry.elf.dir/application/Chassis.c.obj
 .text.chassis_pc_ctrl
                0x0800aec8       0x9c CMakeFiles/omni-infantry.elf.dir/application/Chassis.c.obj
 .text.chassis_ctrl_info_get
                0x0800af64       0x70 CMakeFiles/omni-infantry.elf.dir/application/Chassis.c.obj
 .text.chassis_init
                0x0800afd4      0x150 CMakeFiles/omni-infantry.elf.dir/application/Chassis.c.obj
 .text.chassis_spin_handle
                0x0800b124      0x140 CMakeFiles/omni-infantry.elf.dir/application/Chassis.c.obj
 .text.chassis_relax_handle
                0x0800b264       0x1c CMakeFiles/omni-infantry.elf.dir/application/Chassis.c.obj
 .text.chassis_vector_powerControl
                0x0800b280      0xa24 CMakeFiles/omni-infantry.elf.dir/application/Chassis.c.obj
 .text.chassis_wheel_cal
                0x0800bca4      0x100 CMakeFiles/omni-infantry.elf.dir/application/Chassis.c.obj
 .text.chassis_wheel_loop_cal
                0x0800bda4       0xdc CMakeFiles/omni-infantry.elf.dir/application/Chassis.c.obj
 .text.send_robot_id
                0x0800be80       0x24 CMakeFiles/omni-infantry.elf.dir/application/Chassis.c.obj
                0x0800be80                send_robot_id
 .text.chassis_can_send_back_mapping
                0x0800bea4       0x48 CMakeFiles/omni-infantry.elf.dir/application/Chassis.c.obj
                0x0800bea4                chassis_can_send_back_mapping
 .text.chassis_device_offline_handle
                0x0800beec       0x18 CMakeFiles/omni-infantry.elf.dir/application/Chassis.c.obj
                0x0800beec                chassis_device_offline_handle
 .text.chassis_follow_gimbal_handle
                0x0800bf04       0xcc CMakeFiles/omni-infantry.elf.dir/application/Chassis.c.obj
                0x0800bf04                chassis_follow_gimbal_handle
 .text.chassis_task
                0x0800bfd0      0x114 CMakeFiles/omni-infantry.elf.dir/application/Chassis.c.obj
                0x0800bfd0                chassis_task
 .text.detect_init
                0x0800c0e4       0x30 CMakeFiles/omni-infantry.elf.dir/application/Detection.c.obj
 .text.detect_handle