Archive member included to satisfy reference by file (symbol)

c:/progra~2/armgnu~1/12977f~1.2mp/bin/../lib/gcc/arm-none-eabi/12.2.1/thumb/v7e-m+fp/hard\libgcc.a(_arm_addsubdf3.o)
                              CMakeFiles/omni-infantry.elf.dir/application/Chassis.c.obj (__aeabi_f2d)
c:/progra~2/armgnu~1/12977f~1.2mp/bin/../lib/gcc/arm-none-eabi/12.2.1/thumb/v7e-m+fp/hard\libgcc.a(_arm_truncdfsf2.o)
                              CMakeFiles/omni-infantry.elf.dir/application/Chassis.c.obj (__aeabi_d2f)
c:/progra~2/armgnu~1/12977f~1.2mp/bin/../lib/gcc/arm-none-eabi/12.2.1/thumb/v7e-m+fp/hard\libgcc.a(_aeabi_uldivmod.o)
                              CMakeFiles/omni-infantry.elf.dir/Drivers/STM32F4xx_HAL_Driver/Src/stm32f4xx_hal_rcc.c.obj (__aeabi_uldivmod)
c:/progra~2/armgnu~1/12977f~1.2mp/bin/../lib/gcc/arm-none-eabi/12.2.1/thumb/v7e-m+fp/hard\libgcc.a(_udivmoddi4.o)
                              c:/progra~2/armgnu~1/12977f~1.2mp/bin/../lib/gcc/arm-none-eabi/12.2.1/thumb/v7e-m+fp/hard\libgcc.a(_aeabi_uldivmod.o) (__udivmoddi4)
c:/progra~2/armgnu~1/12977f~1.2mp/bin/../lib/gcc/arm-none-eabi/12.2.1/thumb/v7e-m+fp/hard\libgcc.a(_dvmd_tls.o)
                              c:/progra~2/armgnu~1/12977f~1.2mp/bin/../lib/gcc/arm-none-eabi/12.2.1/thumb/v7e-m+fp/hard\libgcc.a(_aeabi_uldivmod.o) (__aeabi_ldiv0)
c:/progra~2/armgnu~1/12977f~1.2mp/bin/../lib/gcc/arm-none-eabi/12.2.1/thumb/v7e-m+fp/hard\libg.a(libc_a-exit.o)
                              c:/progra~2/armgnu~1/12977f~1.2mp/bin/../lib/gcc/arm-none-eabi/12.2.1/thumb/v7e-m+fp/hard/crt0.o (exit)
c:/progra~2/armgnu~1/12977f~1.2mp/bin/../lib/gcc/arm-none-eabi/12.2.1/thumb/v7e-m+fp/hard\libg.a(libc_a-malloc.o)
                              CMakeFiles/omni-infantry.elf.dir/component/support/fifo.c.obj (malloc)
c:/progra~2/armgnu~1/12977f~1.2mp/bin/../lib/gcc/arm-none-eabi/12.2.1/thumb/v7e-m+fp/hard\libg.a(libc_a-mallocr.o)
                              c:/progra~2/armgnu~1/12977f~1.2mp/bin/../lib/gcc/arm-none-eabi/12.2.1/thumb/v7e-m+fp/hard\libg.a(libc_a-malloc.o) (_malloc_r)
c:/progra~2/armgnu~1/12977f~1.2mp/bin/../lib/gcc/arm-none-eabi/12.2.1/thumb/v7e-m+fp/hard\libg.a(libc_a-mlock.o)
                              c:/progra~2/armgnu~1/12977f~1.2mp/bin/../lib/gcc/arm-none-eabi/12.2.1/thumb/v7e-m+fp/hard\libg.a(libc_a-mallocr.o) (__malloc_lock)
c:/progra~2/armgnu~1/12977f~1.2mp/bin/../lib/gcc/arm-none-eabi/12.2.1/thumb/v7e-m+fp/hard\libg.a(libc_a-findfp.o)
                              c:/progra~2/armgnu~1/12977f~1.2mp/bin/../lib/gcc/arm-none-eabi/12.2.1/thumb/v7e-m+fp/hard\libg.a(libc_a-exit.o) (__stdio_exit_handler)
c:/progra~2/armgnu~1/12977f~1.2mp/bin/../lib/gcc/arm-none-eabi/12.2.1/thumb/v7e-m+fp/hard\libg.a(libc_a-fwalk.o)
                              c:/progra~2/armgnu~1/12977f~1.2mp/bin/../lib/gcc/arm-none-eabi/12.2.1/thumb/v7e-m+fp/hard\libg.a(libc_a-findfp.o) (_fwalk_sglue)
c:/progra~2/armgnu~1/12977f~1.2mp/bin/../lib/gcc/arm-none-eabi/12.2.1/thumb/v7e-m+fp/hard\libg.a(libc_a-stdio.o)
                              c:/progra~2/armgnu~1/12977f~1.2mp/bin/../lib/gcc/arm-none-eabi/12.2.1/thumb/v7e-m+fp/hard\libg.a(libc_a-findfp.o) (__sread)
c:/progra~2/armgnu~1/12977f~1.2mp/bin/../lib/gcc/arm-none-eabi/12.2.1/thumb/v7e-m+fp/hard\libg.a(libc_a-memset.o)
                              c:/progra~2/armgnu~1/12977f~1.2mp/bin/../lib/gcc/arm-none-eabi/12.2.1/thumb/v7e-m+fp/hard/crt0.o (memset)
c:/progra~2/armgnu~1/12977f~1.2mp/bin/../lib/gcc/arm-none-eabi/12.2.1/thumb/v7e-m+fp/hard\libg.a(libc_a-closer.o)
                              c:/progra~2/armgnu~1/12977f~1.2mp/bin/../lib/gcc/arm-none-eabi/12.2.1/thumb/v7e-m+fp/hard\libg.a(libc_a-stdio.o) (_close_r)
c:/progra~2/armgnu~1/12977f~1.2mp/bin/../lib/gcc/arm-none-eabi/12.2.1/thumb/v7e-m+fp/hard\libg.a(libc_a-reent.o)
                              c:/progra~2/armgnu~1/12977f~1.2mp/bin/../lib/gcc/arm-none-eabi/12.2.1/thumb/v7e-m+fp/hard\libg.a(libc_a-closer.o) (errno)
c:/progra~2/armgnu~1/12977f~1.2mp/bin/../lib/gcc/arm-none-eabi/12.2.1/thumb/v7e-m+fp/hard\libg.a(libc_a-impure.o)
                              c:/progra~2/armgnu~1/12977f~1.2mp/bin/../lib/gcc/arm-none-eabi/12.2.1/thumb/v7e-m+fp/hard\libg.a(libc_a-malloc.o) (_impure_ptr)
c:/progra~2/armgnu~1/12977f~1.2mp/bin/../lib/gcc/arm-none-eabi/12.2.1/thumb/v7e-m+fp/hard\libg.a(libc_a-lseekr.o)
                              c:/progra~2/armgnu~1/12977f~1.2mp/bin/../lib/gcc/arm-none-eabi/12.2.1/thumb/v7e-m+fp/hard\libg.a(libc_a-stdio.o) (_lseek_r)
c:/progra~2/armgnu~1/12977f~1.2mp/bin/../lib/gcc/arm-none-eabi/12.2.1/thumb/v7e-m+fp/hard\libg.a(libc_a-readr.o)
                              c:/progra~2/armgnu~1/12977f~1.2mp/bin/../lib/gcc/arm-none-eabi/12.2.1/thumb/v7e-m+fp/hard\libg.a(libc_a-stdio.o) (_read_r)
c:/progra~2/armgnu~1/12977f~1.2mp/bin/../lib/gcc/arm-none-eabi/12.2.1/thumb/v7e-m+fp/hard\libg.a(libc_a-sbrkr.o)
                              c:/progra~2/armgnu~1/12977f~1.2mp/bin/../lib/gcc/arm-none-eabi/12.2.1/thumb/v7e-m+fp/hard\libg.a(libc_a-mallocr.o) (_sbrk_r)
[...]
Memory Configuration

Name             Origin             Length             Attributes
CCMRAM           0x10000000         0x00010000         xrw
RAM              0x20000000         0x00020000         xrw
FLASH            0x08000000         0x00100000         xr
*default*        0x00000000         0xffffffff

Linker script and memory map

LOAD c:/progra~2/armgnu~1/12977f~1.2mp/bin/../lib/gcc/arm-none-eabi/12.2.1/thumb/v7e-m+fp/hard/crti.o
LOAD c:/progra~2/armgnu~1/12977f~1.2mp/bin/../lib/gcc/arm-none-eabi/12.2.1/thumb/v7e-m+fp/hard/crtbegin.o
LOAD c:/progra~2/armgnu~1/12977f~1.2mp/bin/../lib/gcc/arm-none-eabi/12.2.1/thumb/v7e-m+fp/hard/crt0.o
LOAD CMakeFiles/omni-infantry.elf.dir/Core/Src/adc.c.obj
LOAD CMakeFiles/omni-infantry.elf.dir/Core/Src/can.c.obj
LOAD CMakeFiles/omni-infantry.elf.dir/Core/Src/crc.c.obj
LOAD CMakeFiles/omni-infantry.elf.dir/Core/Src/dma.c.obj
LOAD CMakeFiles/omni-infantry.elf.dir/Core/Src/freertos.c.obj
LOAD CMakeFiles/omni-infantry.elf.dir/Core/Src/gpio.c.obj
LOAD CMakeFiles/omni-infantry.elf.dir/Core/Src/main.c.obj
LOAD CMakeFiles/omni-infantry.elf.dir/Core/Src/rng.c.obj
LOAD CMakeFiles/omni-infantry.elf.dir/Core/Src/spi.c.obj
LOAD CMakeFiles/omni-infantry.elf.dir/Core/Src/stm32f4xx_hal_msp.c.obj
LOAD CMakeFiles/omni-infantry.elf.dir/Core/Src/stm32f4xx_it.c.obj
LOAD CMakeFiles/omni-infantry.elf.dir/Core/Src/syscalls.c.obj
LOAD CMakeFiles/omni-infantry.elf.dir/Core/Src/sysmem.c.obj
LOAD CMakeFiles/omni-infantry.elf.dir/Core/Src/system_stm32f4xx.c.obj
LOAD CMakeFiles/omni-infantry.elf.dir/Core/Src/tim.c.obj
LOAD CMakeFiles/omni-infantry.elf.dir/Core/Src/usart.c.obj
LOAD CMakeFiles/omni-infantry.elf.dir/Core/Startup/startup_stm32f407ighx.s.obj
LOAD CMakeFiles/omni-infantry.elf.dir/Drivers/STM32F4xx_HAL_Driver/Src/stm32f4xx_hal.c.obj
LOAD CMakeFiles/omni-infantry.elf.dir/Drivers/STM32F4xx_HAL_Driver/Src/stm32f4xx_hal_adc.c.obj
LOAD CMakeFiles/omni-infantry.elf.dir/Drivers/STM32F4xx_HAL_Driver/Src/stm32f4xx_hal_adc_ex.c.obj
LOAD CMakeFiles/omni-infantry.elf.dir/Drivers/STM32F4xx_HAL_Driver/Src/stm32f4xx_hal_can.c.obj
LOAD CMakeFiles/omni-infantry.elf.dir/Drivers/STM32F4xx_HAL_Driver/Src/stm32f4xx_hal_cortex.c.obj
LOAD CMakeFiles/omni-infantry.elf.dir/Drivers/STM32F4xx_HAL_Driver/Src/stm32f4xx_hal_crc.c.obj
LOAD CMakeFiles/omni-infantry.elf.dir/Drivers/STM32F4xx_HAL_Driver/Src/stm32f4xx_hal_dma.c.obj
LOAD CMakeFiles/omni-infantry.elf.dir/Drivers/STM32F4xx_HAL_Driver/Src/stm32f4xx_hal_dma_ex.c.obj
LOAD CMakeFiles/omni-infantry.elf.dir/Drivers/STM32F4xx_HAL_Driver/Src/stm32f4xx_hal_exti.c.obj
LOAD CMakeFiles/omni-infantry.elf.dir/Drivers/STM32F4xx_HAL_Driver/Src/stm32f4xx_hal_flash.c.obj
LOAD CMakeFiles/omni-infantry.elf.dir/Drivers/STM32F4xx_HAL_Driver/Src/stm32f4xx_hal_flash_ex.c.obj
LOAD CMakeFiles/omni-infantry.elf.dir/Drivers/STM32F4xx_HAL_Driver/Src/stm32f4xx_hal_flash_ramfunc.c.obj
LOAD CMakeFiles/omni-infantry.elf.dir/Drivers/STM32F4xx_HAL_Driver/Src/stm32f4xx_hal_gpio.c.obj
LOAD CMakeFiles/omni-infantry.elf.dir/Drivers/STM32F4xx_HAL_Driver/Src/stm32f4xx_hal_pcd.c.obj
LOAD CMakeFiles/omni-infantry.elf.dir/Drivers/STM32F4xx_HAL_Driver/Src/stm32f4xx_hal_pcd_ex.c.obj
LOAD CMakeFiles/omni-infantry.elf.dir/Drivers/STM32F4xx_HAL_Driver/Src/stm32f4xx_hal_pwr.c.obj
LOAD CMakeFiles/omni-infantry.elf.dir/Drivers/STM32F4xx_HAL_Driver/Src/stm32f4xx_hal_pwr_ex.c.obj
LOAD CMakeFiles/omni-infantry.elf.dir/Drivers/STM32F4xx_HAL_Driver/Src/stm32f4xx_hal_rcc.c.obj
LOAD CMakeFiles/omni-infantry.elf.dir/Drivers/STM32F4xx_HAL_Driver/Src/stm32f4xx_hal_rcc_ex.c.obj
LOAD CMakeFiles/omni-infantry.elf.dir/Drivers/STM32F4xx_HAL_Driver/Src/stm32f4xx_hal_rng.c.obj
LOAD CMakeFiles/omni-infantry.elf.dir/Drivers/STM32F4xx_HAL_Driver/Src/stm32f4xx_hal_spi.c.obj
LOAD CMakeFiles/omni-infantry.elf.dir/Drivers/STM32F4xx_HAL_Driver/Src/stm32f4xx_hal_tim.c.obj
LOAD CMakeFiles/omni-infantry.elf.dir/Drivers/STM32F4xx_HAL_Driver/Src/stm32f4xx_hal_tim_ex.c.obj
LOAD CMakeFiles/omni-infantry.elf.dir/Drivers/STM32F4xx_HAL_Driver/Src/stm32f4xx_hal_uart.c.obj
LOAD CMakeFiles/omni-infantry.elf.dir/Drivers/STM32F4xx_HAL_Driver/Src/stm32f4xx_ll_adc.c.obj
LOAD CMakeFiles/omni-infantry.elf.dir/Drivers/STM32F4xx_HAL_Driver/Src/stm32f4xx_ll_usb.c.obj
LOAD CMakeFiles/omni-infantry.elf.dir/Middlewares/ST/STM32_USB_Device_Library/Class/CDC/Src/usbd_cdc.c.obj
LOAD CMakeFiles/omni-infantry.elf.dir/Middlewares/ST/STM32_USB_Device_Library/Core/Src/usbd_core.c.obj
LOAD CMakeFiles/omni-infantry.elf.dir/Middlewares/ST/STM32_USB_Device_Library/Core/Src/usbd_ctlreq.c.obj
LOAD CMakeFiles/omni-infantry.elf.dir/Middlewares/ST/STM32_USB_Device_Library/Core/Src/usbd_ioreq.c.obj
LOAD CMakeFiles/omni-infantry.elf.dir/Middlewares/Third_Party/FreeRTOS/Source/CMSIS_RTOS/cmsis_os.c.obj
LOAD CMakeFiles/omni-infantry.elf.dir/Middlewares/Third_Party/FreeRTOS/Source/croutine.c.obj
LOAD CMakeFiles/omni-infantry.elf.dir/Middlewares/Third_Party/FreeRTOS/Source/event_groups.c.obj
LOAD CMakeFiles/omni-infantry.elf.dir/Middlewares/Third_Party/FreeRTOS/Source/list.c.obj
LOAD CMakeFiles/omni-infantry.elf.dir/Middlewares/Third_Party/FreeRTOS/Source/portable/GCC/ARM_CM4F/port.c.obj
LOAD CMakeFiles/omni-infantry.elf.dir/Middlewares/Third_Party/FreeRTOS/Source/portable/MemMang/heap_4.c.obj
LOAD CMakeFiles/omni-infantry.elf.dir/Middlewares/Third_Party/FreeRTOS/Source/queue.c.obj
LOAD CMakeFiles/omni-infantry.elf.dir/Middlewares/Third_Party/FreeRTOS/Source/stream_buffer.c.obj
LOAD CMakeFiles/omni-infantry.elf.dir/Middlewares/Third_Party/FreeRTOS/Source/tasks.c.obj
LOAD CMakeFiles/omni-infantry.elf.dir/Middlewares/Third_Party/FreeRTOS/Source/timers.c.obj
LOAD CMakeFiles/omni-infantry.elf.dir/USB_DEVICE/App/usb_device.c.obj
LOAD CMakeFiles/omni-infantry.elf.dir/USB_DEVICE/App/usbd_cdc_if.c.obj
LOAD CMakeFiles/omni-infantry.elf.dir/USB_DEVICE/App/usbd_desc.c.obj
LOAD CMakeFiles/omni-infantry.elf.dir/USB_DEVICE/Target/usbd_conf.c.obj
LOAD CMakeFiles/omni-infantry.elf.dir/application/Atti.c.obj
LOAD CMakeFiles/omni-infantry.elf.dir/application/Auto.c.obj
LOAD CMakeFiles/omni-infantry.elf.dir/application/Calibrate.c.obj
LOAD CMakeFiles/omni-infantry.elf.dir/application/Cap.c.obj
LOAD CMakeFiles/omni-infantry.elf.dir/application/Chassis.c.obj
LOAD CMakeFiles/omni-infantry.elf.dir/application/Detection.c.obj
LOAD CMakeFiles/omni-infantry.elf.dir/application/Gimbal.c.obj
LOAD CMakeFiles/omni-infantry.elf.dir/application/Referee.c.obj
LOAD CMakeFiles/omni-infantry.elf.dir/application/can_receive.c.obj
LOAD CMakeFiles/omni-infantry.elf.dir/application/key_board.c.obj
LOAD CMakeFiles/omni-infantry.elf.dir/application/launcher.c.obj
LOAD CMakeFiles/omni-infantry.elf.dir/application/remote.c.obj
LOAD CMakeFiles/omni-infantry.elf.dir/application/usb_task.c.obj
LOAD CMakeFiles/omni-infantry.elf.dir/bsp/bsp_adc.c.obj
LOAD CMakeFiles/omni-infantry.elf.dir/bsp/bsp_buzzer.c.obj
LOAD CMakeFiles/omni-infantry.elf.dir/bsp/bsp_can.c.obj
LOAD CMakeFiles/omni-infantry.elf.dir/bsp/bsp_crc32.c.obj
LOAD CMakeFiles/omni-infantry.elf.dir/bsp/bsp_delay.c.obj
LOAD CMakeFiles/omni-infantry.elf.dir/bsp/bsp_flash.c.obj
LOAD CMakeFiles/omni-infantry.elf.dir/bsp/bsp_i2c.c.obj
LOAD CMakeFiles/omni-infantry.elf.dir/bsp/bsp_imu_pwm.c.obj
LOAD CMakeFiles/omni-infantry.elf.dir/bsp/bsp_laser.c.obj
LOAD CMakeFiles/omni-infantry.elf.dir/bsp/bsp_led.c.obj
LOAD CMakeFiles/omni-infantry.elf.dir/bsp/bsp_rc.c.obj
LOAD CMakeFiles/omni-infantry.elf.dir/bsp/bsp_servo_pwm.c.obj
LOAD CMakeFiles/omni-infantry.elf.dir/bsp/bsp_spi.c.obj
LOAD CMakeFiles/omni-infantry.elf.dir/bsp/bsp_usart.c.obj
LOAD CMakeFiles/omni-infantry.elf.dir/component/algorithm/AHRS.c.obj
LOAD CMakeFiles/omni-infantry.elf.dir/component/algorithm/AHRS_MiddleWare.c.obj
LOAD CMakeFiles/omni-infantry.elf.dir/component/algorithm/filter.c.obj
LOAD CMakeFiles/omni-infantry.elf.dir/component/algorithm/ramp.c.obj
LOAD CMakeFiles/omni-infantry.elf.dir/component/algorithm/user_lib.c.obj
LOAD CMakeFiles/omni-infantry.elf.dir/component/comunication/decode.c.obj
LOAD CMakeFiles/omni-infantry.elf.dir/component/comunication/packet.c.obj
LOAD CMakeFiles/omni-infantry.elf.dir/component/controller/PID.c.obj
LOAD CMakeFiles/omni-infantry.elf.dir/component/devices/BMI088Middleware.c.obj
LOAD CMakeFiles/omni-infantry.elf.dir/component/devices/BMI088driver.c.obj
LOAD CMakeFiles/omni-infantry.elf.dir/component/devices/test.c.obj
LOAD CMakeFiles/omni-infantry.elf.dir/component/support/CRC8_CRC16.c.obj
LOAD CMakeFiles/omni-infantry.elf.dir/component/support/fifo.c.obj
LOAD CMakeFiles/omni-infantry.elf.dir/component/support/mem_mang4.c.obj
START GROUP
LOAD c:/progra~2/armgnu~1/12977f~1.2mp/bin/../lib/gcc/arm-none-eabi/12.2.1/thumb/v7e-m+fp/hard\libgcc.a
LOAD c:/progra~2/armgnu~1/12977f~1.2mp/bin/../lib/gcc/arm-none-eabi/12.2.1/thumb/v7e-m+fp/hard\libg.a
LOAD c:/progra~2/armgnu~1/12977f~1.2mp/bin/../lib/gcc/arm-none-eabi/12.2.1/thumb/v7e-m+fp/hard\libc.a
END GROUP
LOAD c:/progra~2/armgnu~1/12977f~1.2mp/bin/../lib/gcc/arm-none-eabi/12.2.1/thumb/v7e-m+fp/hard/crtend.o
LOAD c:/progra~2/armgnu~1/12977f~1.2mp/bin/../lib/gcc/arm-none-eabi/12.2.1/thumb/v7e-m+fp/hard/crtn.o
                0x20020000                        _estack = (ORIGIN (RAM) + LENGTH (RAM))
                0x00002000                        _Min_Heap_Size = 0x2000
                0x00002000                        _Min_Stack_Size = 0x2000

.isr_vector     0x08000000      0x188
                0x08000000                        . = ALIGN (0x4)
 *(.isr_vector)
 .isr_vector    0x08000000      0x188 CMakeFiles/omni-infantry.elf.dir/Core/Startup/startup_stm32f407ighx.s.obj
                0x08000000                g_pfnVectors
                0x08000188                        . = ALIGN (0x4)

.text           0x080001c0     0xeebc
                0x080001c0                        . = ALIGN (0x4)
 *(.text)
 .text          0x080001c0      0x378 c:/progra~2/armgnu~1/12977f~1.2mp/bin/../lib/gcc/arm-none-eabi/12.2.1/thumb/v7e-m+fp/hard\libgcc.a(_arm_addsubdf3.o)
                0x080001c0                __aeabi_drsub
                0x080001c8                __aeabi_dsub
                0x080001c8                __subdf3
                0x080001cc                __aeabi_dadd
                0x080001cc                __adddf3
                0x08000444                __floatunsidf
                0x08000444                __aeabi_ui2d
                0x08000464                __floatsidf
                0x08000464                __aeabi_i2d
                0x08000488                __aeabi_f2d
                0x08000488                __extendsfdf2
                0x080004cc                __floatundidf
                0x080004cc                __aeabi_ul2d
                0x080004dc                __floatdidf
                0x080004dc                __aeabi_l2d
 .text          0x08000538       0xa0 c:/progra~2/armgnu~1/12977f~1.2mp/bin/../lib/gcc/arm-none-eabi/12.2.1/thumb/v7e-m+fp/hard\libgcc.a(_arm_truncdfsf2.o)
                0x08000538                __truncdfsf2
                0x08000538                __aeabi_d2f
 .text          0x080005d8       0x30 c:/progra~2/armgnu~1/12977f~1.2mp/bin/../lib/gcc/arm-none-eabi/12.2.1/thumb/v7e-m+fp/hard\libgcc.a(_aeabi_uldivmod.o)
                0x080005d8                __aeabi_uldivmod
 .text          0x08000608        0x4 c:/progra~2/armgnu~1/12977f~1.2mp/bin/../lib/gcc/arm-none-eabi/12.2.1/thumb/v7e-m+fp/hard\libgcc.a(_dvmd_tls.o)
                0x08000608                __aeabi_idiv0
                0x08000608                __aeabi_ldiv0
 .text          0x0800060c      0x134 c:/progra~2/armgnu~1/12977f~1.2mp/bin/../lib/gcc/arm-none-eabi/12.2.1/thumb/v7e-m+fp/hard\libg.a(libc_a-memcpy.o)
                0x0800060c                memcpy
 .text          0x08000740       0xd8 c:/progra~2/armgnu~1/12977f~1.2mp/bin/../lib/gcc/arm-none-eabi/12.2.1/thumb/v7e-m+fp/hard\libg.a(libc_a-strlen.o)
                0x08000740                strlen
 .text          0x08000818      0x424 c:/progra~2/armgnu~1/12977f~1.2mp/bin/../lib/gcc/arm-none-eabi/12.2.1/thumb/v7e-m+fp/hard\libgcc.a(_arm_muldivdf3.o)
                0x08000818                __aeabi_dmul
                0x08000818                __muldf3
                0x08000a6c                __divdf3
                0x08000a6c                __aeabi_ddiv
 .text          0x08000c3c      0x110 c:/progra~2/armgnu~1/12977f~1.2mp/bin/../lib/gcc/arm-none-eabi/12.2.1/thumb/v7e-m+fp/hard\libgcc.a(_arm_cmpdf2.o)
                0x08000c3c                __gtdf2
                0x08000c3c                __gedf2
                0x08000c44                __ltdf2
                0x08000c44                __ledf2
                0x08000c4c                __nedf2
                0x08000c4c                __eqdf2
                0x08000c4c                __cmpdf2
                0x08000cc8                __aeabi_cdrcmple
                0x08000cd8                __aeabi_cdcmpeq
                0x08000cd8                __aeabi_cdcmple
                0x08000ce8                __aeabi_dcmpeq
                0x08000cfc                __aeabi_dcmplt
                0x08000d10                __aeabi_dcmple
                0x08000d24                __aeabi_dcmpge
                0x08000d38                __aeabi_dcmpgt
 .text          0x08000d4c       0x2c c:/progra~2/armgnu~1/12977f~1.2mp/bin/../lib/gcc/arm-none-eabi/12.2.1/thumb/v7e-m+fp/hard\libgcc.a(_arm_unorddf2.o)
                0x08000d4c                __unorddf2
                0x08000d4c                __aeabi_dcmpun
 *(.text*)
 .text.deregister_tm_clones
                0x08000d78       0x1c c:/progra~2/armgnu~1/12977f~1.2mp/bin/../lib/gcc/arm-none-eabi/12.2.1/thumb/v7e-m+fp/hard/crtbegin.o
 .text.register_tm_clones
                0x08000d94       0x24 c:/progra~2/armgnu~1/12977f~1.2mp/bin/../lib/gcc/arm-none-eabi/12.2.1/thumb/v7e-m+fp/hard/crtbegin.o
 .text.__do_global_dtors_aux
                0x08000db8       0x28 c:/progra~2/armgnu~1/12977f~1.2mp/bin/../lib/gcc/arm-none-eabi/12.2.1/thumb/v7e-m+fp/hard/crtbegin.o
 .text.frame_dummy
                0x08000de0       0x24 c:/progra~2/armgnu~1/12977f~1.2mp/bin/../lib/gcc/arm-none-eabi/12.2.1/thumb/v7e-m+fp/hard/crtbegin.o
 .text.MX_ADC1_Init
                0x08000e04       0x70 CMakeFiles/omni-infantry.elf.dir/Core/Src/adc.c.obj
                0x08000e04                MX_ADC1_Init
 .text.HAL_ADC_MspInit
                0x08000e74       0x30 CMakeFiles/omni-infantry.elf.dir/Core/Src/adc.c.obj
                0x08000e74                HAL_ADC_MspInit
 .text.MX_CAN1_Init
                0x08000ea4       0x44 CMakeFiles/omni-infantry.elf.dir/Core/Src/can.c.obj
                0x08000ea4                MX_CAN1_Init
 .text.MX_CAN2_Init
                0x08000ee8       0x44 CMakeFiles/omni-infantry.elf.dir/Core/Src/can.c.obj
                0x08000ee8                MX_CAN2_Init
 .text.HAL_CAN_MspInit
                0x08000f2c      0x128 CMakeFiles/omni-infantry.elf.dir/Core/Src/can.c.obj
                0x08000f2c                HAL_CAN_MspInit
 .text.MX_CRC_Init
                0x08001054       0x20 CMakeFiles/omni-infantry.elf.dir/Core/Src/crc.c.obj
                0x08001054                MX_CRC_Init
 .text.HAL_CRC_MspInit
                0x08001074       0x30 CMakeFiles/omni-infantry.elf.dir/Core/Src/crc.c.obj
                0x08001074                HAL_CRC_MspInit
 .text.MX_DMA_Init
                0x080010a4       0x88 CMakeFiles/omni-infantry.elf.dir/Core/Src/dma.c.obj
                0x080010a4                MX_DMA_Init
 .text.StartDefaultTask
                0x0800112c        0xe CMakeFiles/omni-infantry.elf.dir/Core/Src/freertos.c.obj
                0x0800112c                StartDefaultTask
 *fill*         0x0800113a        0x2 
 .text.vApplicationGetIdleTaskMemory
                0x0800113c       0x18 CMakeFiles/omni-infantry.elf.dir/Core/Src/freertos.c.obj
                0x0800113c                vApplicationGetIdleTaskMemory
 .text.MX_FREERTOS_Init
                0x08001154       0xac CMakeFiles/omni-infantry.elf.dir/Core/Src/freertos.c.obj
                0x08001154                MX_FREERTOS_Init
 .text.MX_GPIO_Init
                0x08001200      0x1e8 CMakeFiles/omni-infantry.elf.dir/Core/Src/gpio.c.obj
                0x08001200                MX_GPIO_Init
 .text.Error_Handler
                0x080013e8        0x4 CMakeFiles/omni-infantry.elf.dir/Core/Src/main.c.obj
                0x080013e8                Error_Handler
 .text.SystemClock_Config
                0x080013ec       0xd4 CMakeFiles/omni-infantry.elf.dir/Core/Src/main.c.obj
                0x080013ec                SystemClock_Config
 .text.main     0x080014c0       0xa8 CMakeFiles/omni-infantry.elf.dir/Core/Src/main.c.obj
                0x080014c0                main
 .text.MX_RNG_Init
                0x08001568       0x20 CMakeFiles/omni-infantry.elf.dir/Core/Src/rng.c.obj
                0x08001568                MX_RNG_Init
 .text.HAL_RNG_MspInit
                0x08001588       0x30 CMakeFiles/omni-infantry.elf.dir/Core/Src/rng.c.obj
                0x08001588                HAL_RNG_MspInit
 .text.MX_SPI1_Init
                0x080015b8       0x48 CMakeFiles/omni-infantry.elf.dir/Core/Src/spi.c.obj
                0x080015b8                MX_SPI1_Init
 .text.HAL_SPI_MspInit
                0x08001600      0x130 CMakeFiles/omni-infantry.elf.dir/Core/Src/spi.c.obj
                0x08001600                HAL_SPI_MspInit
 .text.HAL_MspInit
                0x08001730       0x44 CMakeFiles/omni-infantry.elf.dir/Core/Src/stm32f4xx_hal_msp.c.obj
                0x08001730                HAL_MspInit
 .text.NMI_Handler
                0x08001774        0x2 CMakeFiles/omni-infantry.elf.dir/Core/Src/stm32f4xx_it.c.obj
                0x08001774                NMI_Handler
 .text.HardFault_Handler
                0x08001776        0x2 CMakeFiles/omni-infantry.elf.dir/Core/Src/stm32f4xx_it.c.obj
                0x08001776                HardFault_Handler
 .text.MemManage_Handler
                0x08001778        0x2 CMakeFiles/omni-infantry.elf.dir/Core/Src/stm32f4xx_it.c.obj
                0x08001778                MemManage_Handler
 .text.BusFault_Handler
                0x0800177a        0x2 CMakeFiles/omni-infantry.elf.dir/Core/Src/stm32f4xx_it.c.obj
                0x0800177a                BusFault_Handler
 .text.UsageFault_Handler
                0x0800177c        0x2 CMakeFiles/omni-infantry.elf.dir/Core/Src/stm32f4xx_it.c.obj
                0x0800177c                UsageFault_Handler
 .text.DebugMon_Handler
                0x0800177e        0x2 CMakeFiles/omni-infantry.elf.dir/Core/Src/stm32f4xx_it.c.obj
                0x0800177e                DebugMon_Handler
 .text.SysTick_Handler
                0x08001780       0x16 CMakeFiles/omni-infantry.elf.dir/Core/Src/stm32f4xx_it.c.obj
                0x08001780                SysTick_Handler
 .text.EXTI0_IRQHandler
                0x08001796        0xa CMakeFiles/omni-infantry.elf.dir/Core/Src/stm32f4xx_it.c.obj
                0x08001796                EXTI0_IRQHandler
 .text.EXTI4_IRQHandler
                0x080017a0        0xa CMakeFiles/omni-infantry.elf.dir/Core/Src/stm32f4xx_it.c.obj
                0x080017a0                EXTI4_IRQHandler
 *fill*         0x080017aa        0x2 
 .text.DMA1_Stream1_IRQHandler
                0x080017ac       0x10 CMakeFiles/omni-infantry.elf.dir/Core/Src/stm32f4xx_it.c.obj
                0x080017ac                DMA1_Stream1_IRQHandler
 .text.CAN1_RX0_IRQHandler
                0x080017bc       0x10 CMakeFiles/omni-infantry.elf.dir/Core/Src/stm32f4xx_it.c.obj
                0x080017bc                CAN1_RX0_IRQHandler
 .text.EXTI9_5_IRQHandler
                0x080017cc        0xa CMakeFiles/omni-infantry.elf.dir/Core/Src/stm32f4xx_it.c.obj
                0x080017cc                EXTI9_5_IRQHandler
 *fill*         0x080017d6        0x2 
 .text.DMA2_Stream1_IRQHandler
                0x080017d8       0x10 CMakeFiles/omni-infantry.elf.dir/Core/Src/stm32f4xx_it.c.obj
                0x080017d8                DMA2_Stream1_IRQHandler
 .text.DMA2_Stream3_IRQHandler
                0x080017e8       0x10 CMakeFiles/omni-infantry.elf.dir/Core/Src/stm32f4xx_it.c.obj
                0x080017e8                DMA2_Stream3_IRQHandler
 .text.CAN2_RX0_IRQHandler
                0x080017f8       0x10 CMakeFiles/omni-infantry.elf.dir/Core/Src/stm32f4xx_it.c.obj
                0x080017f8                CAN2_RX0_IRQHandler
 .text.OTG_FS_IRQHandler
                0x08001808       0x10 CMakeFiles/omni-infantry.elf.dir/Core/Src/stm32f4xx_it.c.obj
                0x08001808                OTG_FS_IRQHandler
 .text.DMA2_Stream6_IRQHandler
                0x08001818       0x10 CMakeFiles/omni-infantry.elf.dir/Core/Src/stm32f4xx_it.c.obj
                0x08001818                DMA2_Stream6_IRQHandler
 .text.SystemInit
                0x08001828       0x14 CMakeFiles/omni-infantry.elf.dir/Core/Src/system_stm32f4xx.c.obj
                0x08001828                SystemInit
 .text.HAL_TIM_PWM_MspInit
                0x0800183c       0x78 CMakeFiles/omni-infantry.elf.dir/Core/Src/tim.c.obj
                0x0800183c                HAL_TIM_PWM_MspInit
 .text.HAL_TIM_Base_MspInit
                0x080018b4       0x78 CMakeFiles/omni-infantry.elf.dir/Core/Src/tim.c.obj
                0x080018b4                HAL_TIM_Base_MspInit
 .text.HAL_TIM_MspPostInit
                0x0800192c      0x220 CMakeFiles/omni-infantry.elf.dir/Core/Src/tim.c.obj
                0x0800192c                HAL_TIM_MspPostInit
 .text.MX_TIM1_Init
                0x08001b4c      0x120 CMakeFiles/omni-infantry.elf.dir/Core/Src/tim.c.obj
                0x08001b4c                MX_TIM1_Init
 .text.MX_TIM3_Init
                0x08001c6c       0x80 CMakeFiles/omni-infantry.elf.dir/Core/Src/tim.c.obj
                0x08001c6c                MX_TIM3_Init
 .text.MX_TIM4_Init
                0x08001cec       0xb0 CMakeFiles/omni-infantry.elf.dir/Core/Src/tim.c.obj
                0x08001cec                MX_TIM4_Init
 .text.MX_TIM5_Init
                0x08001d9c       0xd4 CMakeFiles/omni-infantry.elf.dir/Core/Src/tim.c.obj
                0x08001d9c                MX_TIM5_Init
 .text.MX_TIM8_Init
                0x08001e70       0xd4 CMakeFiles/omni-infantry.elf.dir/Core/Src/tim.c.obj
                0x08001e70                MX_TIM8_Init
 .text.MX_TIM10_Init
                0x08001f44       0x74 CMakeFiles/omni-infantry.elf.dir/Core/Src/tim.c.obj
                0x08001f44                MX_TIM10_Init
 .text.MX_USART3_UART_Init
                0x08001fb8       0x3c CMakeFiles/omni-infantry.elf.dir/Core/Src/usart.c.obj
                0x08001fb8                MX_USART3_UART_Init
 .text.MX_USART6_UART_Init
                0x08001ff4       0x34 CMakeFiles/omni-infantry.elf.dir/Core/Src/usart.c.obj
                0x08001ff4                MX_USART6_UART_Init
 .text.HAL_UART_MspInit
                0x08002028      0x1b0 CMakeFiles/omni-infantry.elf.dir/Core/Src/usart.c.obj
                0x08002028                HAL_UART_MspInit
 .text.Reset_Handler
                0x080021d8       0x50 CMakeFiles/omni-infantry.elf.dir/Core/Startup/startup_stm32f407ighx.s.obj
                0x080021d8                Reset_Handler
 .text.Default_Handler
                0x08002228        0x2 CMakeFiles/omni-infantry.elf.dir/Core/Startup/startup_stm32f407ighx.s.obj
                0x08002228                RTC_Alarm_IRQHandler
                0x08002228                HASH_RNG_IRQHandler
                0x08002228                EXTI2_IRQHandler
                0x08002228                TIM8_CC_IRQHandler
                0x08002228                TIM1_CC_IRQHandler
                0x08002228                DMA2_Stream5_IRQHandler
                0x08002228                DMA1_Stream5_IRQHandler
                0x08002228                PVD_IRQHandler
                0x08002228                SDIO_IRQHandler
                0x08002228                TAMP_STAMP_IRQHandler
                0x08002228                CAN2_RX1_IRQHandler
                0x08002228                EXTI3_IRQHandler
                0x08002228                TIM8_TRG_COM_TIM14_IRQHandler
                0x08002228                TIM1_UP_TIM10_IRQHandler
                0x08002228                TIM8_UP_TIM13_IRQHandler
                0x08002228                I2C3_ER_IRQHandler
                0x08002228                I2C2_EV_IRQHandler
                0x08002228                DMA1_Stream2_IRQHandler
                0x08002228                FPU_IRQHandler
                0x08002228                OTG_HS_WKUP_IRQHandler
                0x08002228                CAN2_SCE_IRQHandler
                0x08002228                SPI1_IRQHandler
                0x08002228                TIM6_DAC_IRQHandler
                0x08002228                TIM1_BRK_TIM9_IRQHandler
                0x08002228                DCMI_IRQHandler
                0x08002228                CAN1_RX1_IRQHandler
                0x08002228                UART5_IRQHandler
                0x08002228                DMA2_Stream0_IRQHandler
                0x08002228                TIM4_IRQHandler
                0x08002228                I2C1_EV_IRQHandler
                0x08002228                DMA1_Stream6_IRQHandler
                0x08002228                UART4_IRQHandler
                0x08002228                TIM3_IRQHandler
                0x08002228                RCC_IRQHandler
                0x08002228                TIM8_BRK_TIM12_IRQHandler
                0x08002228                Default_Handler
                0x08002228                EXTI15_10_IRQHandler
                0x08002228                ADC_IRQHandler
                0x08002228                DMA1_Stream7_IRQHandler
                0x08002228                TIM7_IRQHandler
                0x08002228                CAN2_TX_IRQHandler
                0x08002228                TIM5_IRQHandler
                0x08002228                DMA2_Stream7_IRQHandler
                0x08002228                I2C3_EV_IRQHandler
                0x08002228                RTC_WKUP_IRQHandler
                0x08002228                ETH_WKUP_IRQHandler
                0x08002228                SPI2_IRQHandler
                0x08002228                OTG_HS_EP1_IN_IRQHandler
                0x08002228                DMA1_Stream0_IRQHandler
                0x08002228                CAN1_TX_IRQHandler
                0x08002228                FSMC_IRQHandler
                0x08002228                ETH_IRQHandler
                0x08002228                OTG_HS_EP1_OUT_IRQHandler
                0x08002228                WWDG_IRQHandler
                0x08002228                TIM2_IRQHandler
                0x08002228                OTG_FS_WKUP_IRQHandler
                0x08002228                TIM1_TRG_COM_TIM11_IRQHandler
                0x08002228                OTG_HS_IRQHandler
                0x08002228                EXTI1_IRQHandler
                0x08002228                USART2_IRQHandler
                0x08002228                I2C2_ER_IRQHandler
                0x08002228                CAN1_SCE_IRQHandler
                0x08002228                FLASH_IRQHandler
                0x08002228                DMA2_Stream4_IRQHandler
                0x08002228                USART1_IRQHandler
                0x08002228                SPI3_IRQHandler
                0x08002228                DMA1_Stream4_IRQHandler
                0x08002228                I2C1_ER_IRQHandler
                0x08002228                DMA1_Stream3_IRQHandler
 *fill*         0x0800222a        0x2 
 .text.HAL_InitTick
                0x0800222c       0x4c CMakeFiles/omni-infantry.elf.dir/Drivers/STM32F4xx_HAL_Driver/Src/stm32f4xx_hal.c.obj
                0x0800222c                HAL_InitTick
 .text.HAL_Init
                0x08002278       0x34 CMakeFiles/omni-infantry.elf.dir/Drivers/STM32F4xx_HAL_Driver/Src/stm32f4xx_hal.c.obj
                0x08002278                HAL_Init
 .text.HAL_IncTick
                0x080022ac       0x18 CMakeFiles/omni-infantry.elf.dir/Drivers/STM32F4xx_HAL_Driver/Src/stm32f4xx_hal.c.obj
                0x080022ac                HAL_IncTick
 .text.HAL_GetTick
                0x080022c4        0xc CMakeFiles/omni-infantry.elf.dir/Drivers/STM32F4xx_HAL_Driver/Src/stm32f4xx_hal.c.obj
                0x080022c4                HAL_GetTick
 .text.HAL_Delay
                0x080022d0       0x28 CMakeFiles/omni-infantry.elf.dir/Drivers/STM32F4xx_HAL_Driver/Src/stm32f4xx_hal.c.obj
                0x080022d0                HAL_Delay
 .text.ADC_Init
                0x080022f8      0x134 CMakeFiles/omni-infantry.elf.dir/Drivers/STM32F4xx_HAL_Driver/Src/stm32f4xx_hal_adc.c.obj
 .text.HAL_ADC_Init
                0x0800242c       0x56 CMakeFiles/omni-infantry.elf.dir/Drivers/STM32F4xx_HAL_Driver/Src/stm32f4xx_hal_adc.c.obj
                0x0800242c                HAL_ADC_Init
 *fill*         0x08002482        0x2 
 .text.HAL_ADC_Start
                0x08002484      0x144 CMakeFiles/omni-infantry.elf.dir/Drivers/STM32F4xx_HAL_Driver/Src/stm32f4xx_hal_adc.c.obj
                0x08002484                HAL_ADC_Start
 .text.HAL_ADC_PollForConversion
                0x080025c8       0xb8 CMakeFiles/omni-infantry.elf.dir/Drivers/STM32F4xx_HAL_Driver/Src/stm32f4xx_hal_adc.c.obj
                0x080025c8                HAL_ADC_PollForConversion
 .text.HAL_ADC_GetValue
                0x08002680        0x6 CMakeFiles/omni-infantry.elf.dir/Drivers/STM32F4xx_HAL_Driver/Src/stm32f4xx_hal_adc.c.obj
                0x08002680                HAL_ADC_GetValue
 *fill*         0x08002686        0x2 
 .text.HAL_ADC_ConfigChannel
                0x08002688      0x194 CMakeFiles/omni-infantry.elf.dir/Drivers/STM32F4xx_HAL_Driver/Src/stm32f4xx_hal_adc.c.obj
                0x08002688                HAL_ADC_ConfigChannel
 .text.HAL_CAN_Init
                0x0800281c      0x14c CMakeFiles/omni-infantry.elf.dir/Drivers/STM32F4xx_HAL_Driver/Src/stm32f4xx_hal_can.c.obj
                0x0800281c                HAL_CAN_Init
 .text.HAL_CAN_ConfigFilter
                0x08002968      0x138 CMakeFiles/omni-infantry.elf.dir/Drivers/STM32F4xx_HAL_Driver/Src/stm32f4xx_hal_can.c.obj
                0x08002968                HAL_CAN_ConfigFilter
 .text.HAL_CAN_Start
                0x08002aa0       0x5c CMakeFiles/omni-infantry.elf.dir/Drivers/STM32F4xx_HAL_Driver/Src/stm32f4xx_hal_can.c.obj
                0x08002aa0                HAL_CAN_Start
 .text.HAL_CAN_AddTxMessage
                0x08002afc       0xfc CMakeFiles/omni-infantry.elf.dir/Drivers/STM32F4xx_HAL_Driver/Src/stm32f4xx_hal_can.c.obj
                0x08002afc                HAL_CAN_AddTxMessage
 .text.HAL_CAN_GetRxMessage
                0x08002bf8      0x14a CMakeFiles/omni-infantry.elf.dir/Drivers/STM32F4xx_HAL_Driver/Src/stm32f4xx_hal_can.c.obj
                0x08002bf8                HAL_CAN_GetRxMessage
 .text.HAL_CAN_ActivateNotification
                0x08002d42       0x24 CMakeFiles/omni-infantry.elf.dir/Drivers/STM32F4xx_HAL_Driver/Src/stm32f4xx_hal_can.c.obj
                0x08002d42                HAL_CAN_ActivateNotification
 .text.HAL_CAN_TxMailbox0CompleteCallback
                0x08002d66        0x2 CMakeFiles/omni-infantry.elf.dir/Drivers/STM32F4xx_HAL_Driver/Src/stm32f4xx_hal_can.c.obj
                0x08002d66                HAL_CAN_TxMailbox0CompleteCallback
 .text.HAL_CAN_TxMailbox1CompleteCallback
                0x08002d68        0x2 CMakeFiles/omni-infantry.elf.dir/Drivers/STM32F4xx_HAL_Driver/Src/stm32f4xx_hal_can.c.obj
                0x08002d68                HAL_CAN_TxMailbox1CompleteCallback
 .text.HAL_CAN_TxMailbox2CompleteCallback
                0x08002d6a        0x2 CMakeFiles/omni-infantry.elf.dir/Drivers/STM32F4xx_HAL_Driver/Src/stm32f4xx_hal_can.c.obj
                0x08002d6a                HAL_CAN_TxMailbox2CompleteCallback
 .text.HAL_CAN_TxMailbox0AbortCallback
                0x08002d6c        0x2 CMakeFiles/omni-infantry.elf.dir/Drivers/STM32F4xx_HAL_Driver/Src/stm32f4xx_hal_can.c.obj
                0x08002d6c                HAL_CAN_TxMailbox0AbortCallback
 .text.HAL_CAN_TxMailbox1AbortCallback
                0x08002d6e        0x2 CMakeFiles/omni-infantry.elf.dir/Drivers/STM32F4xx_HAL_Driver/Src/stm32f4xx_hal_can.c.obj
                0x08002d6e                HAL_CAN_TxMailbox1AbortCallback
 .text.HAL_CAN_TxMailbox2AbortCallback
                0x08002d70        0x2 CMakeFiles/omni-infantry.elf.dir/Drivers/STM32F4xx_HAL_Driver/Src/stm32f4xx_hal_can.c.obj
                0x08002d70                HAL_CAN_TxMailbox2AbortCallback
 .text.HAL_CAN_RxFifo0FullCallback
                0x08002d72        0x2 CMakeFiles/omni-infantry.elf.dir/Drivers/STM32F4xx_HAL_Driver/Src/stm32f4xx_hal_can.c.obj
                0x08002d72                HAL_CAN_RxFifo0FullCallback
 .text.HAL_CAN_RxFifo1MsgPendingCallback
                0x08002d74        0x2 CMakeFiles/omni-infantry.elf.dir/Drivers/STM32F4xx_HAL_Driver/Src/stm32f4xx_hal_can.c.obj
                0x08002d74                HAL_CAN_RxFifo1MsgPendingCallback
 .text.HAL_CAN_RxFifo1FullCallback
                0x08002d76        0x2 CMakeFiles/omni-infantry.elf.dir/Drivers/STM32F4xx_HAL_Driver/Src/stm32f4xx_hal_can.c.obj
                0x08002d76                HAL_CAN_RxFifo1FullCallback
 .text.HAL_CAN_SleepCallback
                0x08002d78        0x2 CMakeFiles/omni-infantry.elf.dir/Drivers/STM32F4xx_HAL_Driver/Src/stm32f4xx_hal_can.c.obj
                0x08002d78                HAL_CAN_SleepCallback
 .text.HAL_CAN_WakeUpFromRxMsgCallback
                0x08002d7a        0x2 CMakeFiles/omni-infantry.elf.dir/Drivers/STM32F4xx_HAL_Driver/Src/stm32f4xx_hal_can.c.obj
                0x08002d7a                HAL_CAN_WakeUpFromRxMsgCallback
 .text.HAL_CAN_ErrorCallback
                0x08002d7c        0x2 CMakeFiles/omni-infantry.elf.dir/Drivers/STM32F4xx_HAL_Driver/Src/stm32f4xx_hal_can.c.obj
                0x08002d7c                HAL_CAN_ErrorCallback
 .text.HAL_CAN_IRQHandler
                0x08002d7e      0x24a CMakeFiles/omni-infantry.elf.dir/Drivers/STM32F4xx_HAL_Driver/Src/stm32f4xx_hal_can.c.obj
                0x08002d7e                HAL_CAN_IRQHandler
 .text.__NVIC_SetPriority
                0x08002fc8       0x28 CMakeFiles/omni-infantry.elf.dir/Drivers/STM32F4xx_HAL_Driver/Src/stm32f4xx_hal_cortex.c.obj
 .text.NVIC_EncodePriority
                0x08002ff0       0x3e CMakeFiles/omni-infantry.elf.dir/Drivers/STM32F4xx_HAL_Driver/Src/stm32f4xx_hal_cortex.c.obj
 *fill*         0x0800302e        0x2 
 .text.HAL_NVIC_SetPriorityGrouping
                0x08003030       0x24 CMakeFiles/omni-infantry.elf.dir/Drivers/STM32F4xx_HAL_Driver/Src/stm32f4xx_hal_cortex.c.obj
                0x08003030                HAL_NVIC_SetPriorityGrouping
 .text.HAL_NVIC_SetPriority
                0x08003054       0x20 CMakeFiles/omni-infantry.elf.dir/Drivers/STM32F4xx_HAL_Driver/Src/stm32f4xx_hal_cortex.c.obj
                0x08003054                HAL_NVIC_SetPriority
 .text.HAL_NVIC_EnableIRQ
                0x08003074       0x1c CMakeFiles/omni-infantry.elf.dir/Drivers/STM32F4xx_HAL_Driver/Src/stm32f4xx_hal_cortex.c.obj
                0x08003074                HAL_NVIC_EnableIRQ
 .text.HAL_SYSTICK_Config
                0x08003090       0x28 CMakeFiles/omni-infantry.elf.dir/Drivers/STM32F4xx_HAL_Driver/Src/stm32f4xx_hal_cortex.c.obj
                0x08003090                HAL_SYSTICK_Config
 .text.HAL_CRC_Init
                0x080030b8       0x1e CMakeFiles/omni-infantry.elf.dir/Drivers/STM32F4xx_HAL_Driver/Src/stm32f4xx_hal_crc.c.obj
                0x080030b8                HAL_CRC_Init
 *fill*         0x080030d6        0x2 
 .text.DMA_CalcBaseAndBitshift
                0x080030d8       0x44 CMakeFiles/omni-infantry.elf.dir/Drivers/STM32F4xx_HAL_Driver/Src/stm32f4xx_hal_dma.c.obj
 .text.DMA_CheckFifoParam
                0x0800311c       0x8e CMakeFiles/omni-infantry.elf.dir/Drivers/STM32F4xx_HAL_Driver/Src/stm32f4xx_hal_dma.c.obj
 *fill*         0x080031aa        0x2 
 .text.HAL_DMA_Init
                0x080031ac       0xcc CMakeFiles/omni-infantry.elf.dir/Drivers/STM32F4xx_HAL_Driver/Src/stm32f4xx_hal_dma.c.obj
                0x080031ac                HAL_DMA_Init
 .text.HAL_DMA_IRQHandler
                0x08003278      0x1dc CMakeFiles/omni-infantry.elf.dir/Drivers/STM32F4xx_HAL_Driver/Src/stm32f4xx_hal_dma.c.obj
                0x08003278                HAL_DMA_IRQHandler
 .text.FLASH_Program_DoubleWord
                0x08003454       0x30 CMakeFiles/omni-infantry.elf.dir/Drivers/STM32F4xx_HAL_Driver/Src/stm32f4xx_hal_flash.c.obj
 .text.FLASH_Program_Word
                0x08003484       0x24 CMakeFiles/omni-infantry.elf.dir/Drivers/STM32F4xx_HAL_Driver/Src/stm32f4xx_hal_flash.c.obj
 .text.FLASH_Program_HalfWord
                0x080034a8       0x24 CMakeFiles/omni-infantry.elf.dir/Drivers/STM32F4xx_HAL_Driver/Src/stm32f4xx_hal_flash.c.obj
 .text.FLASH_Program_Byte
                0x080034cc       0x20 CMakeFiles/omni-infantry.elf.dir/Drivers/STM32F4xx_HAL_Driver/Src/stm32f4xx_hal_flash.c.obj
 .text.FLASH_SetErrorCode
                0x080034ec       0x8c CMakeFiles/omni-infantry.elf.dir/Drivers/STM32F4xx_HAL_Driver/Src/stm32f4xx_hal_flash.c.obj
 .text.HAL_FLASH_Unlock
                0x08003578       0x30 CMakeFiles/omni-infantry.elf.dir/Drivers/STM32F4xx_HAL_Driver/Src/stm32f4xx_hal_flash.c.obj
                0x08003578                HAL_FLASH_Unlock
 .text.HAL_FLASH_Lock
                0x080035a8       0x14 CMakeFiles/omni-infantry.elf.dir/Drivers/STM32F4xx_HAL_Driver/Src/stm32f4xx_hal_flash.c.obj
                0x080035a8                HAL_FLASH_Lock
 .text.FLASH_WaitForLastOperation
                0x080035bc       0x60 CMakeFiles/omni-infantry.elf.dir/Drivers/STM32F4xx_HAL_Driver/Src/stm32f4xx_hal_flash.c.obj
                0x080035bc                FLASH_WaitForLastOperation
 .text.HAL_FLASH_Program
                0x0800361c       0x7c CMakeFiles/omni-infantry.elf.dir/Drivers/STM32F4xx_HAL_Driver/Src/stm32f4xx_hal_flash.c.obj
                0x0800361c                HAL_FLASH_Program
 .text.FLASH_MassErase
                0x08003698       0x24 CMakeFiles/omni-infantry.elf.dir/Drivers/STM32F4xx_HAL_Driver/Src/stm32f4xx_hal_flash_ex.c.obj
 .text.FLASH_Erase_Sector
                0x080036bc       0x4c CMakeFiles/omni-infantry.elf.dir/Drivers/STM32F4xx_HAL_Driver/Src/stm32f4xx_hal_flash_ex.c.obj
                0x080036bc                FLASH_Erase_Sector
 .text.FLASH_FlushCaches
                0x08003708       0x60 CMakeFiles/omni-infantry.elf.dir/Drivers/STM32F4xx_HAL_Driver/Src/stm32f4xx_hal_flash_ex.c.obj
                0x08003708                FLASH_FlushCaches
 .text.HAL_FLASHEx_Erase
                0x08003768       0x94 CMakeFiles/omni-infantry.elf.dir/Drivers/STM32F4xx_HAL_Driver/Src/stm32f4xx_hal_flash_ex.c.obj
                0x08003768                HAL_FLASHEx_Erase
 .text.HAL_GPIO_Init
                0x080037fc      0x1ec CMakeFiles/omni-infantry.elf.dir/Drivers/STM32F4xx_HAL_Driver/Src/stm32f4xx_hal_gpio.c.obj
                0x080037fc                HAL_GPIO_Init
 .text.HAL_GPIO_WritePin
                0x080039e8        0xc CMakeFiles/omni-infantry.elf.dir/Drivers/STM32F4xx_HAL_Driver/Src/stm32f4xx_hal_gpio.c.obj
                0x080039e8                HAL_GPIO_WritePin
 .text.HAL_GPIO_EXTI_IRQHandler
                0x080039f4       0x1c CMakeFiles/omni-infantry.elf.dir/Drivers/STM32F4xx_HAL_Driver/Src/stm32f4xx_hal_gpio.c.obj
                0x080039f4                HAL_GPIO_EXTI_IRQHandler
 .text.PCD_WriteEmptyTxFifo
                0x08003a10       0xd0 CMakeFiles/omni-infantry.elf.dir/Drivers/STM32F4xx_HAL_Driver/Src/stm32f4xx_hal_pcd.c.obj
 .text.HAL_PCD_Init
                0x08003ae0      0x12e CMakeFiles/omni-infantry.elf.dir/Drivers/STM32F4xx_HAL_Driver/Src/stm32f4xx_hal_pcd.c.obj
                0x08003ae0                HAL_PCD_Init
 .text.HAL_PCD_Start
                0x08003c0e       0x42 CMakeFiles/omni-infantry.elf.dir/Drivers/STM32F4xx_HAL_Driver/Src/stm32f4xx_hal_pcd.c.obj
                0x08003c0e                HAL_PCD_Start
 .text.PCD_EP_OutXfrComplete_int
                0x08003c50      0x104 CMakeFiles/omni-infantry.elf.dir/Drivers/STM32F4xx_HAL_Driver/Src/stm32f4xx_hal_pcd.c.obj
 .text.PCD_EP_OutSetupPacket_int
                0x08003d54       0x50 CMakeFiles/omni-infantry.elf.dir/Drivers/STM32F4xx_HAL_Driver/Src/stm32f4xx_hal_pcd.c.obj
 .text.HAL_PCD_SetAddress
                0x08003da4       0x28 CMakeFiles/omni-infantry.elf.dir/Drivers/STM32F4xx_HAL_Driver/Src/stm32f4xx_hal_pcd.c.obj
                0x08003da4                HAL_PCD_SetAddress
 .text.HAL_PCD_EP_Open
                0x08003dcc       0x8a CMakeFiles/omni-infantry.elf.dir/Drivers/STM32F4xx_HAL_Driver/Src/stm32f4xx_hal_pcd.c.obj
                0x08003dcc                HAL_PCD_EP_Open
 .text.HAL_PCD_EP_Close
                0x08003e56       0x72 CMakeFiles/omni-infantry.elf.dir/Drivers/STM32F4xx_HAL_Driver/Src/stm32f4xx_hal_pcd.c.obj
                0x08003e56                HAL_PCD_EP_Close
 .text.HAL_PCD_EP_Receive
                0x08003ec8       0x5e CMakeFiles/omni-infantry.elf.dir/Drivers/STM32F4xx_HAL_Driver/Src/stm32f4xx_hal_pcd.c.obj
                0x08003ec8                HAL_PCD_EP_Receive
 .text.HAL_PCD_EP_GetRxCount
                0x08003f26       0x12 CMakeFiles/omni-infantry.elf.dir/Drivers/STM32F4xx_HAL_Driver/Src/stm32f4xx_hal_pcd.c.obj
                0x08003f26                HAL_PCD_EP_GetRxCount
 .text.HAL_PCD_EP_Transmit
                0x08003f38       0x5e CMakeFiles/omni-infantry.elf.dir/Drivers/STM32F4xx_HAL_Driver/Src/stm32f4xx_hal_pcd.c.obj
                0x08003f38                HAL_PCD_EP_Transmit
 .text.HAL_PCD_EP_SetStall
                0x08003f96       0x88 CMakeFiles/omni-infantry.elf.dir/Drivers/STM32F4xx_HAL_Driver/Src/stm32f4xx_hal_pcd.c.obj
                0x08003f96                HAL_PCD_EP_SetStall
 .text.HAL_PCD_EP_ClrStall
                0x0800401e       0x76 CMakeFiles/omni-infantry.elf.dir/Drivers/STM32F4xx_HAL_Driver/Src/stm32f4xx_hal_pcd.c.obj
                0x0800401e                HAL_PCD_EP_ClrStall
 .text.HAL_PCD_EP_Abort
                0x08004094       0x34 CMakeFiles/omni-infantry.elf.dir/Drivers/STM32F4xx_HAL_Driver/Src/stm32f4xx_hal_pcd.c.obj
                0x08004094                HAL_PCD_EP_Abort
 .text.HAL_PCD_IRQHandler
                0x080040c8      0x5c4 CMakeFiles/omni-infantry.elf.dir/Drivers/STM32F4xx_HAL_Driver/Src/stm32f4xx_hal_pcd.c.obj
                0x080040c8                HAL_PCD_IRQHandler
 .text.HAL_PCDEx_SetTxFiFo
                0x0800468c       0x4c CMakeFiles/omni-infantry.elf.dir/Drivers/STM32F4xx_HAL_Driver/Src/stm32f4xx_hal_pcd_ex.c.obj
                0x0800468c                HAL_PCDEx_SetTxFiFo
 .text.HAL_PCDEx_SetRxFiFo
                0x080046d8        0x8 CMakeFiles/omni-infantry.elf.dir/Drivers/STM32F4xx_HAL_Driver/Src/stm32f4xx_hal_pcd_ex.c.obj
                0x080046d8                HAL_PCDEx_SetRxFiFo
 .text.HAL_PCDEx_LPM_Callback
                0x080046e0        0x2 CMakeFiles/omni-infantry.elf.dir/Drivers/STM32F4xx_HAL_Driver/Src/stm32f4xx_hal_pcd_ex.c.obj
                0x080046e0                HAL_PCDEx_LPM_Callback
 *fill*         0x080046e2        0x2 
 .text.HAL_RCC_OscConfig
                0x080046e4      0x3f8 CMakeFiles/omni-infantry.elf.dir/Drivers/STM32F4xx_HAL_Driver/Src/stm32f4xx_hal_rcc.c.obj
                0x080046e4                HAL_RCC_OscConfig
 .text.HAL_RCC_GetSysClockFreq
                0x08004adc       0xa8 CMakeFiles/omni-infantry.elf.dir/Drivers/STM32F4xx_HAL_Driver/Src/stm32f4xx_hal_rcc.c.obj
                0x08004adc                HAL_RCC_GetSysClockFreq
 .text.HAL_RCC_ClockConfig
                0x08004b84      0x160 CMakeFiles/omni-infantry.elf.dir/Drivers/STM32F4xx_HAL_Driver/Src/stm32f4xx_hal_rcc.c.obj
                0x08004b84                HAL_RCC_ClockConfig
 .text.HAL_RCC_GetHCLKFreq
                0x08004ce4        0xc CMakeFiles/omni-infantry.elf.dir/Drivers/STM32F4xx_HAL_Driver/Src/stm32f4xx_hal_rcc.c.obj
                0x08004ce4                HAL_RCC_GetHCLKFreq
 .text.HAL_RCC_GetPCLK1Freq
                0x08004cf0       0x20 CMakeFiles/omni-infantry.elf.dir/Drivers/STM32F4xx_HAL_Driver/Src/stm32f4xx_hal_rcc.c.obj
                0x08004cf0                HAL_RCC_GetPCLK1Freq
 .text.HAL_RCC_GetPCLK2Freq
                0x08004d10       0x20 CMakeFiles/omni-infantry.elf.dir/Drivers/STM32F4xx_HAL_Driver/Src/stm32f4xx_hal_rcc.c.obj
                0x08004d10                HAL_RCC_GetPCLK2Freq
 .text.HAL_RNG_Init
                0x08004d30       0x2e CMakeFiles/omni-infantry.elf.dir/Drivers/STM32F4xx_HAL_Driver/Src/stm32f4xx_hal_rng.c.obj
                0x08004d30                HAL_RNG_Init
 *fill*         0x08004d5e        0x2 
 .text.SPI_WaitFlagStateUntilTimeout
                0x08004d60       0xc8 CMakeFiles/omni-infantry.elf.dir/Drivers/STM32F4xx_HAL_Driver/Src/stm32f4xx_hal_spi.c.obj
 .text.SPI_EndRxTxTransaction
                0x08004e28       0x68 CMakeFiles/omni-infantry.elf.dir/Drivers/STM32F4xx_HAL_Driver/Src/stm32f4xx_hal_spi.c.obj
 .text.HAL_SPI_Init
                0x08004e90       0xbe CMakeFiles/omni-infantry.elf.dir/Drivers/STM32F4xx_HAL_Driver/Src/stm32f4xx_hal_spi.c.obj
                0x08004e90                HAL_SPI_Init
 .text.HAL_SPI_TransmitReceive
                0x08004f4e      0x238 CMakeFiles/omni-infantry.elf.dir/Drivers/STM32F4xx_HAL_Driver/Src/stm32f4xx_hal_spi.c.obj
                0x08004f4e                HAL_SPI_TransmitReceive
 *fill*         0x08005186        0x2 
 .text.TIM_OC1_SetConfig
                0x08005188       0x70 CMakeFiles/omni-infantry.elf.dir/Drivers/STM32F4xx_HAL_Driver/Src/stm32f4xx_hal_tim.c.obj
 .text.TIM_OC3_SetConfig
                0x080051f8       0x70 CMakeFiles/omni-infantry.elf.dir/Drivers/STM32F4xx_HAL_Driver/Src/stm32f4xx_hal_tim.c.obj
 .text.TIM_OC4_SetConfig
                0x08005268       0x50 CMakeFiles/omni-infantry.elf.dir/Drivers/STM32F4xx_HAL_Driver/Src/stm32f4xx_hal_tim.c.obj
 .text.TIM_TI1_ConfigInputStage
                0x080052b8       0x26 CMakeFiles/omni-infantry.elf.dir/Drivers/STM32F4xx_HAL_Driver/Src/stm32f4xx_hal_tim.c.obj
 .text.TIM_TI2_ConfigInputStage
                0x080052de       0x28 CMakeFiles/omni-infantry.elf.dir/Drivers/STM32F4xx_HAL_Driver/Src/stm32f4xx_hal_tim.c.obj
 .text.TIM_ITRx_SetConfig
                0x08005306       0x10 CMakeFiles/omni-infantry.elf.dir/Drivers/STM32F4xx_HAL_Driver/Src/stm32f4xx_hal_tim.c.obj
 *fill*         0x08005316        0x2 
 .text.HAL_TIM_Base_Start
                0x08005318       0x7c CMakeFiles/omni-infantry.elf.dir/Drivers/STM32F4xx_HAL_Driver/Src/stm32f4xx_hal_tim.c.obj
                0x08005318                HAL_TIM_Base_Start
 .text.TIM_Base_SetConfig
                0x08005394       0xc8 CMakeFiles/omni-infantry.elf.dir/Drivers/STM32F4xx_HAL_Driver/Src/stm32f4xx_hal_tim.c.obj
                0x08005394                TIM_Base_SetConfig
 .text.HAL_TIM_Base_Init
                0x0800545c       0x58 CMakeFiles/omni-infantry.elf.dir/Drivers/STM32F4xx_HAL_Driver/Src/stm32f4xx_hal_tim.c.obj
                0x0800545c                HAL_TIM_Base_Init
 .text.HAL_TIM_PWM_Init
                0x080054b4       0x58 CMakeFiles/omni-infantry.elf.dir/Drivers/STM32F4xx_HAL_Driver/Src/stm32f4xx_hal_tim.c.obj
                0x080054b4                HAL_TIM_PWM_Init
 .text.TIM_OC2_SetConfig
                0x0800550c       0x70 CMakeFiles/omni-infantry.elf.dir/Drivers/STM32F4xx_HAL_Driver/Src/stm32f4xx_hal_tim.c.obj
                0x0800550c                TIM_OC2_SetConfig
 .text.HAL_TIM_PWM_ConfigChannel
                0x0800557c       0xdc CMakeFiles/omni-infantry.elf.dir/Drivers/STM32F4xx_HAL_Driver/Src/stm32f4xx_hal_tim.c.obj
                0x0800557c                HAL_TIM_PWM_ConfigChannel
 .text.TIM_ETR_SetConfig
                0x08005658       0x1a CMakeFiles/omni-infantry.elf.dir/Drivers/STM32F4xx_HAL_Driver/Src/stm32f4xx_hal_tim.c.obj
                0x08005658                TIM_ETR_SetConfig
 .text.HAL_TIM_ConfigClockSource
                0x08005672       0xfe CMakeFiles/omni-infantry.elf.dir/Drivers/STM32F4xx_HAL_Driver/Src/stm32f4xx_hal_tim.c.obj
                0x08005672                HAL_TIM_ConfigClockSource
 .text.TIM_CCxChannelCmd
                0x08005770       0x1e CMakeFiles/omni-infantry.elf.dir/Drivers/STM32F4xx_HAL_Driver/Src/stm32f4xx_hal_tim.c.obj
                0x08005770                TIM_CCxChannelCmd
 *fill*         0x0800578e        0x2 
 .text.HAL_TIM_PWM_Start
                0x08005790      0x104 CMakeFiles/omni-infantry.elf.dir/Drivers/STM32F4xx_HAL_Driver/Src/stm32f4xx_hal_tim.c.obj
                0x08005790                HAL_TIM_PWM_Start
 .text.HAL_TIMEx_MasterConfigSynchronization
                0x08005894       0x8c CMakeFiles/omni-infantry.elf.dir/Drivers/STM32F4xx_HAL_Driver/Src/stm32f4xx_hal_tim_ex.c.obj
                0x08005894                HAL_TIMEx_MasterConfigSynchronization
 .text.HAL_TIMEx_ConfigBreakDeadTime
                0x08005920       0x52 CMakeFiles/omni-infantry.elf.dir/Drivers/STM32F4xx_HAL_Driver/Src/stm32f4xx_hal_tim_ex.c.obj
                0x08005920                HAL_TIMEx_ConfigBreakDeadTime
 *fill*         0x08005972        0x2 
 .text.UART_SetConfig
                0x08005974      0x110 CMakeFiles/omni-infantry.elf.dir/Drivers/STM32F4xx_HAL_Driver/Src/stm32f4xx_hal_uart.c.obj
 .text.HAL_UART_Init
                0x08005a84       0x5e CMakeFiles/omni-infantry.elf.dir/Drivers/STM32F4xx_HAL_Driver/Src/stm32f4xx_hal_uart.c.obj
                0x08005a84                HAL_UART_Init
 *fill*         0x08005ae2        0x2 
 .text.USB_CoreReset
                0x08005ae4       0x50 CMakeFiles/omni-infantry.elf.dir/Drivers/STM32F4xx_HAL_Driver/Src/stm32f4xx_ll_usb.c.obj
 .text.USB_CoreInit
                0x08005b34       0x8a CMakeFiles/omni-infantry.elf.dir/Drivers/STM32F4xx_HAL_Driver/Src/stm32f4xx_ll_usb.c.obj
                0x08005b34                USB_CoreInit
 *fill*         0x08005bbe        0x2 
 .text.USB_SetTurnaroundTime
                0x08005bc0       0xe4 CMakeFiles/omni-infantry.elf.dir/Drivers/STM32F4xx_HAL_Driver/Src/stm32f4xx_ll_usb.c.obj
                0x08005bc0                USB_SetTurnaroundTime
 .text.USB_EnableGlobalInt
                0x08005ca4        0xc CMakeFiles/omni-infantry.elf.dir/Drivers/STM32F4xx_HAL_Driver/Src/stm32f4xx_ll_usb.c.obj
                0x08005ca4                USB_EnableGlobalInt
 .text.USB_DisableGlobalInt
                0x08005cb0        0xc CMakeFiles/omni-infantry.elf.dir/Drivers/STM32F4xx_HAL_Driver/Src/stm32f4xx_ll_usb.c.obj
                0x08005cb0                USB_DisableGlobalInt
 .text.USB_FlushTxFifo
                0x08005cbc       0x50 CMakeFiles/omni-infantry.elf.dir/Drivers/STM32F4xx_HAL_Driver/Src/stm32f4xx_ll_usb.c.obj
                0x08005cbc                USB_FlushTxFifo
 .text.USB_FlushRxFifo
                0x08005d0c       0x4c CMakeFiles/omni-infantry.elf.dir/Drivers/STM32F4xx_HAL_Driver/Src/stm32f4xx_ll_usb.c.obj
                0x08005d0c                USB_FlushRxFifo
 .text.USB_SetDevSpeed
                0x08005d58        0xe CMakeFiles/omni-infantry.elf.dir/Drivers/STM32F4xx_HAL_Driver/Src/stm32f4xx_ll_usb.c.obj
                0x08005d58                USB_SetDevSpeed
 *fill*         0x08005d66        0x2 
 .text.USB_DevInit
                0x08005d68      0x190 CMakeFiles/omni-infantry.elf.dir/Drivers/STM32F4xx_HAL_Driver/Src/stm32f4xx_ll_usb.c.obj
                0x08005d68                USB_DevInit
 .text.USB_GetDevSpeed
                0x08005ef8       0x22 CMakeFiles/omni-infantry.elf.dir/Drivers/STM32F4xx_HAL_Driver/Src/stm32f4xx_ll_usb.c.obj
                0x08005ef8                USB_GetDevSpeed
 .text.USB_ActivateEndpoint
                0x08005f1a       0x9a CMakeFiles/omni-infantry.elf.dir/Drivers/STM32F4xx_HAL_Driver/Src/stm32f4xx_ll_usb.c.obj
                0x08005f1a                USB_ActivateEndpoint
 .text.USB_DeactivateEndpoint
                0x08005fb4       0xe0 CMakeFiles/omni-infantry.elf.dir/Drivers/STM32F4xx_HAL_Driver/Src/stm32f4xx_ll_usb.c.obj
                0x08005fb4                USB_DeactivateEndpoint
 .text.USB_EP0StartXfer
                0x08006094      0x124 CMakeFiles/omni-infantry.elf.dir/Drivers/STM32F4xx_HAL_Driver/Src/stm32f4xx_ll_usb.c.obj
                0x08006094                USB_EP0StartXfer
 .text.USB_EPStopXfer
                0x080061b8       0xbe CMakeFiles/omni-infantry.elf.dir/Drivers/STM32F4xx_HAL_Driver/Src/stm32f4xx_ll_usb.c.obj
                0x080061b8                USB_EPStopXfer
 .text.USB_WritePacket
                0x08006276       0x2e CMakeFiles/omni-infantry.elf.dir/Drivers/STM32F4xx_HAL_Driver/Src/stm32f4xx_ll_usb.c.obj
                0x08006276                USB_WritePacket
 .text.USB_EPStartXfer
                0x080062a4      0x234 CMakeFiles/omni-infantry.elf.dir/Drivers/STM32F4xx_HAL_Driver/Src/stm32f4xx_ll_usb.c.obj
                0x080062a4                USB_EPStartXfer
 .text.USB_ReadPacket
                0x080064d8       0x46 CMakeFiles/omni-infantry.elf.dir/Drivers/STM32F4xx_HAL_Driver/Src/stm32f4xx_ll_usb.c.obj
                0x080064d8                USB_ReadPacket
 .text.USB_EPSetStall
                0x0800651e       0x5a CMakeFiles/omni-infantry.elf.dir/Drivers/STM32F4xx_HAL_Driver/Src/stm32f4xx_ll_usb.c.obj
                0x0800651e                USB_EPSetStall
 .text.USB_EPClearStall
                0x08006578       0x5c CMakeFiles/omni-infantry.elf.dir/Drivers/STM32F4xx_HAL_Driver/Src/stm32f4xx_ll_usb.c.obj
                0x08006578                USB_EPClearStall
 .text.USB_SetDevAddress
                0x080065d4       0x20 CMakeFiles/omni-infantry.elf.dir/Drivers/STM32F4xx_HAL_Driver/Src/stm32f4xx_ll_usb.c.obj
                0x080065d4                USB_SetDevAddress
 .text.USB_DevConnect
                0x080065f4       0x1c CMakeFiles/omni-infantry.elf.dir/Drivers/STM32F4xx_HAL_Driver/Src/stm32f4xx_ll_usb.c.obj
                0x080065f4                USB_DevConnect
 .text.USB_DevDisconnect
                0x08006610       0x1c CMakeFiles/omni-infantry.elf.dir/Drivers/STM32F4xx_HAL_Driver/Src/stm32f4xx_ll_usb.c.obj
                0x08006610                USB_DevDisconnect
 .text.USB_ReadInterrupts
                0x0800662c        0x8 CMakeFiles/omni-infantry.elf.dir/Drivers/STM32F4xx_HAL_Driver/Src/stm32f4xx_ll_usb.c.obj
                0x0800662c                USB_ReadInterrupts
 .text.USB_ReadDevAllOutEpInterrupt
                0x08006634       0x10 CMakeFiles/omni-infantry.elf.dir/Drivers/STM32F4xx_HAL_Driver/Src/stm32f4xx_ll_usb.c.obj
                0x08006634                USB_ReadDevAllOutEpInterrupt
 .text.USB_ReadDevAllInEpInterrupt
                0x08006644       0x10 CMakeFiles/omni-infantry.elf.dir/Drivers/STM32F4xx_HAL_Driver/Src/stm32f4xx_ll_usb.c.obj
                0x08006644                USB_ReadDevAllInEpInterrupt
 .text.USB_ReadDevOutEPInterrupt
                0x08006654       0x12 CMakeFiles/omni-infantry.elf.dir/Drivers/STM32F4xx_HAL_Driver/Src/stm32f4xx_ll_usb.c.obj
                0x08006654                USB_ReadDevOutEPInterrupt
 .text.USB_ReadDevInEPInterrupt
                0x08006666       0x24 CMakeFiles/omni-infantry.elf.dir/Drivers/STM32F4xx_HAL_Driver/Src/stm32f4xx_ll_usb.c.obj
                0x08006666                USB_ReadDevInEPInterrupt
 .text.USB_GetMode
                0x0800668a        0x8 CMakeFiles/omni-infantry.elf.dir/Drivers/STM32F4xx_HAL_Driver/Src/stm32f4xx_ll_usb.c.obj
                0x0800668a                USB_GetMode
 .text.USB_SetCurrentMode
                0x08006692       0x62 CMakeFiles/omni-infantry.elf.dir/Drivers/STM32F4xx_HAL_Driver/Src/stm32f4xx_ll_usb.c.obj
                0x08006692                USB_SetCurrentMode
 .text.USB_ActivateSetup
                0x080066f4       0x20 CMakeFiles/omni-infantry.elf.dir/Drivers/STM32F4xx_HAL_Driver/Src/stm32f4xx_ll_usb.c.obj
                0x080066f4                USB_ActivateSetup
 .text.USB_EP0_OutStart
                0x08006714       0x60 CMakeFiles/omni-infantry.elf.dir/Drivers/STM32F4xx_HAL_Driver/Src/stm32f4xx_ll_usb.c.obj
                0x08006714                USB_EP0_OutStart
 .text.USBD_CDC_EP0_RxReady
                0x08006774       0x40 CMakeFiles/omni-infantry.elf.dir/Middlewares/ST/STM32_USB_Device_Library/Class/CDC/Src/usbd_cdc.c.obj
 .text.USBD_CDC_GetDeviceQualifierDescriptor
                0x080067b4        0xc CMakeFiles/omni-infantry.elf.dir/Middlewares/ST/STM32_USB_Device_Library/Class/CDC/Src/usbd_cdc.c.obj
                0x080067b4                USBD_CDC_GetDeviceQualifierDescriptor
 .text.USBD_CDC_GetOtherSpeedCfgDesc
                0x080067c0       0x48 CMakeFiles/omni-infantry.elf.dir/Middlewares/ST/STM32_USB_Device_Library/Class/CDC/Src/usbd_cdc.c.obj
 .text.USBD_CDC_GetFSCfgDesc
                0x08006808       0x48 CMakeFiles/omni-infantry.elf.dir/Middlewares/ST/STM32_USB_Device_Library/Class/CDC/Src/usbd_cdc.c.obj
 .text.USBD_CDC_GetHSCfgDesc
                0x08006850       0x48 CMakeFiles/omni-infantry.elf.dir/Middlewares/ST/STM32_USB_Device_Library/Class/CDC/Src/usbd_cdc.c.obj
 .text.USBD_CDC_DataOut
                0x08006898       0x38 CMakeFiles/omni-infantry.elf.dir/Middlewares/ST/STM32_USB_Device_Library/Class/CDC/Src/usbd_cdc.c.obj
 .text.USBD_CDC_DataIn
                0x080068d0       0x7c CMakeFiles/omni-infantry.elf.dir/Middlewares/ST/STM32_USB_Device_Library/Class/CDC/Src/usbd_cdc.c.obj
 .text.USBD_CDC_Setup
                0x0800694c      0x11a CMakeFiles/omni-infantry.elf.dir/Middlewares/ST/STM32_USB_Device_Library/Class/CDC/Src/usbd_cdc.c.obj
 .text.USBD_CDC_DeInit
                0x08006a66       0x64 CMakeFiles/omni-infantry.elf.dir/Middlewares/ST/STM32_USB_Device_Library/Class/CDC/Src/usbd_cdc.c.obj
 .text.USBD_CDC_Init
                0x08006aca       0xee CMakeFiles/omni-infantry.elf.dir/Middlewares/ST/STM32_USB_Device_Library/Class/CDC/Src/usbd_cdc.c.obj
 .text.USBD_CDC_RegisterInterface
                0x08006bb8       0x16 CMakeFiles/omni-infantry.elf.dir/Middlewares/ST/STM32_USB_Device_Library/Class/CDC/Src/usbd_cdc.c.obj
                0x08006bb8                USBD_CDC_RegisterInterface
 .text.USBD_CDC_SetTxBuffer
                0x08006bce       0x1c CMakeFiles/omni-infantry.elf.dir/Middlewares/ST/STM32_USB_Device_Library/Class/CDC/Src/usbd_cdc.c.obj
                0x08006bce                USBD_CDC_SetTxBuffer
 .text.USBD_CDC_SetRxBuffer
                0x08006bea       0x18 CMakeFiles/omni-infantry.elf.dir/Middlewares/ST/STM32_USB_Device_Library/Class/CDC/Src/usbd_cdc.c.obj
                0x08006bea                USBD_CDC_SetRxBuffer
 .text.USBD_CDC_ReceivePacket
                0x08006c02       0x38 CMakeFiles/omni-infantry.elf.dir/Middlewares/ST/STM32_USB_Device_Library/Class/CDC/Src/usbd_cdc.c.obj
                0x08006c02                USBD_CDC_ReceivePacket
 .text.USBD_Init
                0x08006c3a       0x2e CMakeFiles/omni-infantry.elf.dir/Middlewares/ST/STM32_USB_Device_Library/Core/Src/usbd_core.c.obj
                0x08006c3a                USBD_Init
 .text.USBD_RegisterClass
                0x08006c68       0x34 CMakeFiles/omni-infantry.elf.dir/Middlewares/ST/STM32_USB_Device_Library/Core/Src/usbd_core.c.obj
                0x08006c68                USBD_RegisterClass
 .text.USBD_Start
                0x08006c9c        0x8 CMakeFiles/omni-infantry.elf.dir/Middlewares/ST/STM32_USB_Device_Library/Core/Src/usbd_core.c.obj
                0x08006c9c                USBD_Start
 .text.USBD_SetClassConfig
                0x08006ca4       0x12 CMakeFiles/omni-infantry.elf.dir/Middlewares/ST/STM32_USB_Device_Library/Core/Src/usbd_core.c.obj
                0x08006ca4                USBD_SetClassConfig
 .text.USBD_ClrClassConfig
                0x08006cb6       0x12 CMakeFiles/omni-infantry.elf.dir/Middlewares/ST/STM32_USB_Device_Library/Core/Src/usbd_core.c.obj
                0x08006cb6                USBD_ClrClassConfig
 .text.USBD_LL_SetupStage
                0x08006cc8       0x58 CMakeFiles/omni-infantry.elf.dir/Middlewares/ST/STM32_USB_Device_Library/Core/Src/usbd_core.c.obj
                0x08006cc8                USBD_LL_SetupStage
 .text.USBD_LL_Reset
                0x08006d20       0x64 CMakeFiles/omni-infantry.elf.dir/Middlewares/ST/STM32_USB_Device_Library/Core/Src/usbd_core.c.obj
                0x08006d20                USBD_LL_Reset
 .text.USBD_LL_SetSpeed
                0x08006d84        0x6 CMakeFiles/omni-infantry.elf.dir/Middlewares/ST/STM32_USB_Device_Library/Core/Src/usbd_core.c.obj
                0x08006d84                USBD_LL_SetSpeed
 .text.USBD_LL_Suspend
                0x08006d8a       0x14 CMakeFiles/omni-infantry.elf.dir/Middlewares/ST/STM32_USB_Device_Library/Core/Src/usbd_core.c.obj
                0x08006d8a                USBD_LL_Suspend
 .text.USBD_LL_Resume
                0x08006d9e       0x1a CMakeFiles/omni-infantry.elf.dir/Middlewares/ST/STM32_USB_Device_Library/Core/Src/usbd_core.c.obj
                0x08006d9e                USBD_LL_Resume
 .text.USBD_LL_SOF
                0x08006db8       0x22 CMakeFiles/omni-infantry.elf.dir/Middlewares/ST/STM32_USB_Device_Library/Core/Src/usbd_core.c.obj
                0x08006db8                USBD_LL_SOF
 .text.USBD_LL_IsoINIncomplete
                0x08006dda       0x2e CMakeFiles/omni-infantry.elf.dir/Middlewares/ST/STM32_USB_Device_Library/Core/Src/usbd_core.c.obj
                0x08006dda                USBD_LL_IsoINIncomplete
 .text.USBD_LL_IsoOUTIncomplete
                0x08006e08       0x2e CMakeFiles/omni-infantry.elf.dir/Middlewares/ST/STM32_USB_Device_Library/Core/Src/usbd_core.c.obj
                0x08006e08                USBD_LL_IsoOUTIncomplete
 .text.USBD_LL_DevConnected
                0x08006e36        0x4 CMakeFiles/omni-infantry.elf.dir/Middlewares/ST/STM32_USB_Device_Library/Core/Src/usbd_core.c.obj
                0x08006e36                USBD_LL_DevConnected
 .text.USBD_LL_DevDisconnected
                0x08006e3a       0x20 CMakeFiles/omni-infantry.elf.dir/Middlewares/ST/STM32_USB_Device_Library/Core/Src/usbd_core.c.obj
                0x08006e3a                USBD_LL_DevDisconnected
 .text.USBD_CoreFindIF
                0x08006e5a        0x4 CMakeFiles/omni-infantry.elf.dir/Middlewares/ST/STM32_USB_Device_Library/Core/Src/usbd_core.c.obj
                0x08006e5a                USBD_CoreFindIF
 .text.USBD_CoreFindEP
                0x08006e5e        0x4 CMakeFiles/omni-infantry.elf.dir/Middlewares/ST/STM32_USB_Device_Library/Core/Src/usbd_core.c.obj
                0x08006e5e                USBD_CoreFindEP
 .text.USBD_LL_DataOutStage
                0x08006e62       0xc6 CMakeFiles/omni-infantry.elf.dir/Middlewares/ST/STM32_USB_Device_Library/Core/Src/usbd_core.c.obj
                0x08006e62                USBD_LL_DataOutStage
 .text.USBD_LL_DataInStage
                0x08006f28       0xd6 CMakeFiles/omni-infantry.elf.dir/Middlewares/ST/STM32_USB_Device_Library/Core/Src/usbd_core.c.obj
                0x08006f28                USBD_LL_DataInStage
 .text.USBD_GetNextDesc
                0x08006ffe        0xe CMakeFiles/omni-infantry.elf.dir/Middlewares/ST/STM32_USB_Device_Library/Core/Src/usbd_core.c.obj
                0x08006ffe                USBD_GetNextDesc
 .text.USBD_GetEpDesc
                0x0800700c       0x3e CMakeFiles/omni-infantry.elf.dir/Middlewares/ST/STM32_USB_Device_Library/Core/Src/usbd_core.c.obj
                0x0800700c                USBD_GetEpDesc
 .text.USBD_GetLen
                0x0800704a       0x14 CMakeFiles/omni-infantry.elf.dir/Middlewares/ST/STM32_USB_Device_Library/Core/Src/usbd_ctlreq.c.obj
 .text.USBD_ParseSetupRequest
                0x0800705e       0x28 CMakeFiles/omni-infantry.elf.dir/Middlewares/ST/STM32_USB_Device_Library/Core/Src/usbd_ctlreq.c.obj
                0x0800705e                USBD_ParseSetupRequest
 .text.USBD_CtlError
                0x08007086       0x14 CMakeFiles/omni-infantry.elf.dir/Middlewares/ST/STM32_USB_Device_Library/Core/Src/usbd_ctlreq.c.obj
                0x08007086                USBD_CtlError
 .text.USBD_GetDescriptor
                0x0800709a      0x18a CMakeFiles/omni-infantry.elf.dir/Middlewares/ST/STM32_USB_Device_Library/Core/Src/usbd_ctlreq.c.obj
 .text.USBD_SetAddress
                0x08007224       0x50 CMakeFiles/omni-infantry.elf.dir/Middlewares/ST/STM32_USB_Device_Library/Core/Src/usbd_ctlreq.c.obj
 .text.USBD_SetConfig
                0x08007274       0xcc CMakeFiles/omni-infantry.elf.dir/Middlewares/ST/STM32_USB_Device_Library/Core/Src/usbd_ctlreq.c.obj
 .text.USBD_GetConfig
                0x08007340       0x40 CMakeFiles/omni-infantry.elf.dir/Middlewares/ST/STM32_USB_Device_Library/Core/Src/usbd_ctlreq.c.obj
 .text.USBD_GetStatus
                0x08007380       0x38 CMakeFiles/omni-infantry.elf.dir/Middlewares/ST/STM32_USB_Device_Library/Core/Src/usbd_ctlreq.c.obj
 .text.USBD_SetFeature
                0x080073b8       0x2a CMakeFiles/omni-infantry.elf.dir/Middlewares/ST/STM32_USB_Device_Library/Core/Src/usbd_ctlreq.c.obj
 .text.USBD_ClrFeature
                0x080073e2       0x26 CMakeFiles/omni-infantry.elf.dir/Middlewares/ST/STM32_USB_Device_Library/Core/Src/usbd_ctlreq.c.obj
 .text.USBD_StdDevReq
                0x08007408       0x76 CMakeFiles/omni-infantry.elf.dir/Middlewares/ST/STM32_USB_Device_Library/Core/Src/usbd_ctlreq.c.obj
                0x08007408                USBD_StdDevReq
 .text.USBD_StdItfReq
                0x0800747e       0x84 CMakeFiles/omni-infantry.elf.dir/Middlewares/ST/STM32_USB_Device_Library/Core/Src/usbd_ctlreq.c.obj
                0x0800747e                USBD_StdItfReq
 .text.USBD_StdEPReq
                0x08007502      0x230 CMakeFiles/omni-infantry.elf.dir/Middlewares/ST/STM32_USB_Device_Library/Core/Src/usbd_ctlreq.c.obj
                0x08007502                USBD_StdEPReq
 .text.USBD_GetString
                0x08007732       0x3a CMakeFiles/omni-infantry.elf.dir/Middlewares/ST/STM32_USB_Device_Library/Core/Src/usbd_ctlreq.c.obj
                0x08007732                USBD_GetString
 .text.USBD_CtlSendData
                0x0800776c       0x1a CMakeFiles/omni-infantry.elf.dir/Middlewares/ST/STM32_USB_Device_Library/Core/Src/usbd_ioreq.c.obj
                0x0800776c                USBD_CtlSendData
 .text.USBD_CtlContinueSendData
                0x08007786       0x10 CMakeFiles/omni-infantry.elf.dir/Middlewares/ST/STM32_USB_Device_Library/Core/Src/usbd_ioreq.c.obj
                0x08007786                USBD_CtlContinueSendData
 .text.USBD_CtlPrepareRx
                0x08007796       0x1e CMakeFiles/omni-infantry.elf.dir/Middlewares/ST/STM32_USB_Device_Library/Core/Src/usbd_ioreq.c.obj
                0x08007796                USBD_CtlPrepareRx
 .text.USBD_CtlContinueRx
                0x080077b4       0x10 CMakeFiles/omni-infantry.elf.dir/Middlewares/ST/STM32_USB_Device_Library/Core/Src/usbd_ioreq.c.obj
                0x080077b4                USBD_CtlContinueRx
 .text.USBD_CtlSendStatus
                0x080077c4       0x16 CMakeFiles/omni-infantry.elf.dir/Middlewares/ST/STM32_USB_Device_Library/Core/Src/usbd_ioreq.c.obj
                0x080077c4                USBD_CtlSendStatus
 .text.USBD_CtlReceiveStatus
                0x080077da       0x16 CMakeFiles/omni-infantry.elf.dir/Middlewares/ST/STM32_USB_Device_Library/Core/Src/usbd_ioreq.c.obj
                0x080077da                USBD_CtlReceiveStatus
 .text.makeFreeRtosPriority
                0x080077f0        0xc CMakeFiles/omni-infantry.elf.dir/Middlewares/Third_Party/FreeRTOS/Source/CMSIS_RTOS/cmsis_os.c.obj
 .text.osKernelStart
                0x080077fc        0xa CMakeFiles/omni-infantry.elf.dir/Middlewares/Third_Party/FreeRTOS/Source/CMSIS_RTOS/cmsis_os.c.obj
                0x080077fc                osKernelStart
 .text.osThreadCreate
                0x08007806       0x66 CMakeFiles/omni-infantry.elf.dir/Middlewares/Third_Party/FreeRTOS/Source/CMSIS_RTOS/cmsis_os.c.obj
                0x08007806                osThreadCreate
 .text.osDelay  0x0800786c        0xe CMakeFiles/omni-infantry.elf.dir/Middlewares/Third_Party/FreeRTOS/Source/CMSIS_RTOS/cmsis_os.c.obj
                0x0800786c                osDelay
 .text.vListInitialise
                0x0800787a       0x16 CMakeFiles/omni-infantry.elf.dir/Middlewares/Third_Party/FreeRTOS/Source/list.c.obj
                0x0800787a                vListInitialise
 .text.vListInitialiseItem
                0x08007890        0x6 CMakeFiles/omni-infantry.elf.dir/Middlewares/Third_Party/FreeRTOS/Source/list.c.obj
                0x08007890                vListInitialiseItem
 .text.vListInsertEnd
                0x08007896       0x16 CMakeFiles/omni-infantry.elf.dir/Middlewares/Third_Party/FreeRTOS/Source/list.c.obj
                0x08007896                vListInsertEnd
 .text.vListInsert
                0x080078ac       0x32 CMakeFiles/omni-infantry.elf.dir/Middlewares/Third_Party/FreeRTOS/Source/list.c.obj
                0x080078ac                vListInsert
 .text.uxListRemove
                0x080078de       0x26 CMakeFiles/omni-infantry.elf.dir/Middlewares/Third_Party/FreeRTOS/Source/list.c.obj
                0x080078de                uxListRemove
 .text.prvTaskExitError
                0x08007904       0x40 CMakeFiles/omni-infantry.elf.dir/Middlewares/Third_Party/FreeRTOS/Source/portable/GCC/ARM_CM4F/port.c.obj
 .text.prvPortStartFirstTask
                0x08007944       0x28 CMakeFiles/omni-infantry.elf.dir/Middlewares/Third_Party/FreeRTOS/Source/portable/GCC/ARM_CM4F/port.c.obj
 .text.vPortEnableVFP
                0x0800796c       0x14 CMakeFiles/omni-infantry.elf.dir/Middlewares/Third_Party/FreeRTOS/Source/portable/GCC/ARM_CM4F/port.c.obj
 .text.pxPortInitialiseStack
                0x08007980       0x2c CMakeFiles/omni-infantry.elf.dir/Middlewares/Third_Party/FreeRTOS/Source/portable/GCC/ARM_CM4F/port.c.obj
                0x08007980                pxPortInitialiseStack
 *fill*         0x080079ac        0x4 
 .text.SVC_Handler
                0x080079b0       0x24 CMakeFiles/omni-infantry.elf.dir/Middlewares/Third_Party/FreeRTOS/Source/portable/GCC/ARM_CM4F/port.c.obj
                0x080079b0                SVC_Handler
 .text.vPortEnterCritical
                0x080079d4       0x44 CMakeFiles/omni-infantry.elf.dir/Middlewares/Third_Party/FreeRTOS/Source/portable/GCC/ARM_CM4F/port.c.obj
                0x080079d4                vPortEnterCritical
 .text.vPortExitCritical
                0x08007a18       0x2c CMakeFiles/omni-infantry.elf.dir/Middlewares/Third_Party/FreeRTOS/Source/portable/GCC/ARM_CM4F/port.c.obj
                0x08007a18                vPortExitCritical
 *fill*         0x08007a44        0xc 
 .text.PendSV_Handler
                0x08007a50       0x64 CMakeFiles/omni-infantry.elf.dir/Middlewares/Third_Party/FreeRTOS/Source/portable/GCC/ARM_CM4F/port.c.obj
                0x08007a50                PendSV_Handler
 .text.xPortSysTickHandler
                0x08007ab4       0x2c CMakeFiles/omni-infantry.elf.dir/Middlewares/Third_Party/FreeRTOS/Source/portable/GCC/ARM_CM4F/port.c.obj
                0x08007ab4                xPortSysTickHandler
 .text.vPortSetupTimerInterrupt
                0x08007ae0       0x28 CMakeFiles/omni-infantry.elf.dir/Middlewares/Third_Party/FreeRTOS/Source/portable/GCC/ARM_CM4F/port.c.obj
                0x08007ae0                vPortSetupTimerInterrupt
 .text.xPortStartScheduler
                0x08007b08      0x118 CMakeFiles/omni-infantry.elf.dir/Middlewares/Third_Party/FreeRTOS/Source/portable/GCC/ARM_CM4F/port.c.obj
                0x08007b08                xPortStartScheduler
 .text.vPortValidateInterruptPriority
                0x08007c20       0x5c CMakeFiles/omni-infantry.elf.dir/Middlewares/Third_Party/FreeRTOS/Source/portable/GCC/ARM_CM4F/port.c.obj
                0x08007c20                vPortValidateInterruptPriority
 .text.prvHeapInit
                0x08007c7c       0x64 CMakeFiles/omni-infantry.elf.dir/Middlewares/Third_Party/FreeRTOS/Source/portable/MemMang/heap_4.c.obj
 .text.prvInsertBlockIntoFreeList
                0x08007ce0       0x64 CMakeFiles/omni-infantry.elf.dir/Middlewares/Third_Party/FreeRTOS/Source/portable/MemMang/heap_4.c.obj
 .text.pvPortMalloc
                0x08007d44      0x104 CMakeFiles/omni-infantry.elf.dir/Middlewares/Third_Party/FreeRTOS/Source/portable/MemMang/heap_4.c.obj
                0x08007d44                pvPortMalloc
 .text.vPortFree
                0x08007e48       0x7c CMakeFiles/omni-infantry.elf.dir/Middlewares/Third_Party/FreeRTOS/Source/portable/MemMang/heap_4.c.obj
                0x08007e48                vPortFree
 .text.prvSearchForNameWithinSingleList
                0x08007ec4       0x64 CMakeFiles/omni-infantry.elf.dir/Middlewares/Third_Party/FreeRTOS/Source/tasks.c.obj
 .text.prvResetNextTaskUnblockTime
                0x08007f28       0x2c CMakeFiles/omni-infantry.elf.dir/Middlewares/Third_Party/FreeRTOS/Source/tasks.c.obj
 .text.prvInitialiseNewTask
                0x08007f54       0xa2 CMakeFiles/omni-infantry.elf.dir/Middlewares/Third_Party/FreeRTOS/Source/tasks.c.obj
 *fill*         0x08007ff6        0x2 
 .text.prvInitialiseTaskLists
                0x08007ff8       0x68 CMakeFiles/omni-infantry.elf.dir/Middlewares/Third_Party/FreeRTOS/Source/tasks.c.obj
 .text.prvAddNewTaskToReadyList
                0x08008060       0xa8 CMakeFiles/omni-infantry.elf.dir/Middlewares/Third_Party/FreeRTOS/Source/tasks.c.obj
 .text.prvDeleteTCB
                0x08008108       0x38 CMakeFiles/omni-infantry.elf.dir/Middlewares/Third_Party/FreeRTOS/Source/tasks.c.obj
 .text.prvCheckTasksWaitingTermination
                0x08008140       0x4c CMakeFiles/omni-infantry.elf.dir/Middlewares/Third_Party/FreeRTOS/Source/tasks.c.obj
 .text.prvIdleTask
                0x0800818c       0x28 CMakeFiles/omni-infantry.elf.dir/Middlewares/Third_Party/FreeRTOS/Source/tasks.c.obj
 .text.prvAddCurrentTaskToDelayedList
                0x080081b4       0xa0 CMakeFiles/omni-infantry.elf.dir/Middlewares/Third_Party/FreeRTOS/Source/tasks.c.obj
 .text.xTaskCreateStatic
                0x08008254       0x76 CMakeFiles/omni-infantry.elf.dir/Middlewares/Third_Party/FreeRTOS/Source/tasks.c.obj
                0x08008254                xTaskCreateStatic
 .text.xTaskCreate
                0x080082ca       0x64 CMakeFiles/omni-infantry.elf.dir/Middlewares/Third_Party/FreeRTOS/Source/tasks.c.obj
                0x080082ca                xTaskCreate
 *fill*         0x0800832e        0x2 
 .text.vTaskStartScheduler
                0x08008330       0x74 CMakeFiles/omni-infantry.elf.dir/Middlewares/Third_Party/FreeRTOS/Source/tasks.c.obj
                0x08008330                vTaskStartScheduler
 .text.vTaskSuspendAll
                0x080083a4       0x10 CMakeFiles/omni-infantry.elf.dir/Middlewares/Third_Party/FreeRTOS/Source/tasks.c.obj
                0x080083a4                vTaskSuspendAll
 .text.xTaskGetTickCount
                0x080083b4        0xc CMakeFiles/omni-infantry.elf.dir/Middlewares/Third_Party/FreeRTOS/Source/tasks.c.obj
                0x080083b4                xTaskGetTickCount
 .text.pcTaskGetName
                0x080083c0       0x28 CMakeFiles/omni-infantry.elf.dir/Middlewares/Third_Party/FreeRTOS/Source/tasks.c.obj
                0x080083c0                pcTaskGetName
 .text.xTaskIncrementTick
                0x080083e8      0x118 CMakeFiles/omni-infantry.elf.dir/Middlewares/Third_Party/FreeRTOS/Source/tasks.c.obj
                0x080083e8                xTaskIncrementTick
 .text.xTaskResumeAll
                0x08008500       0xf8 CMakeFiles/omni-infantry.elf.dir/Middlewares/Third_Party/FreeRTOS/Source/tasks.c.obj
                0x08008500                xTaskResumeAll
 .text.vTaskDelay
                0x080085f8       0x4c CMakeFiles/omni-infantry.elf.dir/Middlewares/Third_Party/FreeRTOS/Source/tasks.c.obj
                0x080085f8                vTaskDelay
 .text.xTaskGetHandle
                0x08008644       0x98 CMakeFiles/omni-infantry.elf.dir/Middlewares/Third_Party/FreeRTOS/Source/tasks.c.obj
                0x08008644                xTaskGetHandle
 .text.vTaskSwitchContext
                0x080086dc       0x98 CMakeFiles/omni-infantry.elf.dir/Middlewares/Third_Party/FreeRTOS/Source/tasks.c.obj
                0x080086dc                vTaskSwitchContext
 .text.xTaskGetSchedulerState
                0x08008774       0x20 CMakeFiles/omni-infantry.elf.dir/Middlewares/Third_Party/FreeRTOS/Source/tasks.c.obj
                0x08008774                xTaskGetSchedulerState
 .text.ulTaskNotifyTake
                0x08008794       0x78 CMakeFiles/omni-infantry.elf.dir/Middlewares/Third_Party/FreeRTOS/Source/tasks.c.obj
                0x08008794                ulTaskNotifyTake
 .text.vTaskNotifyGiveFromISR
                0x0800880c       0xd0 CMakeFiles/omni-infantry.elf.dir/Middlewares/Third_Party/FreeRTOS/Source/tasks.c.obj
                0x0800880c                vTaskNotifyGiveFromISR
 .text.MX_USB_DEVICE_Init
                0x080088dc       0x54 CMakeFiles/omni-infantry.elf.dir/USB_DEVICE/App/usb_device.c.obj
                0x080088dc                MX_USB_DEVICE_Init
 .text.CDC_DeInit_FS
                0x08008930        0x4 CMakeFiles/omni-infantry.elf.dir/USB_DEVICE/App/usbd_cdc_if.c.obj
 .text.CDC_Control_FS
                0x08008934        0x4 CMakeFiles/omni-infantry.elf.dir/USB_DEVICE/App/usbd_cdc_if.c.obj
 .text.CDC_TransmitCplt_FS
                0x08008938        0x4 CMakeFiles/omni-infantry.elf.dir/USB_DEVICE/App/usbd_cdc_if.c.obj
 .text.CDC_Receive_FS
                0x0800893c       0x24 CMakeFiles/omni-infantry.elf.dir/USB_DEVICE/App/usbd_cdc_if.c.obj
 .text.CDC_Init_FS
                0x08008960       0x28 CMakeFiles/omni-infantry.elf.dir/USB_DEVICE/App/usbd_cdc_if.c.obj
 .text.USBD_FS_DeviceDescriptor
                0x08008988        0xc CMakeFiles/omni-infantry.elf.dir/USB_DEVICE/App/usbd_desc.c.obj
                0x08008988                USBD_FS_DeviceDescriptor
 .text.USBD_FS_LangIDStrDescriptor
                0x08008994        0xc CMakeFiles/omni-infantry.elf.dir/USB_DEVICE/App/usbd_desc.c.obj
                0x08008994                USBD_FS_LangIDStrDescriptor
 .text.IntToUnicode
                0x080089a0       0x46 CMakeFiles/omni-infantry.elf.dir/USB_DEVICE/App/usbd_desc.c.obj
 *fill*         0x080089e6        0x2 
 .text.Get_SerialNum
                0x080089e8       0x38 CMakeFiles/omni-infantry.elf.dir/USB_DEVICE/App/usbd_desc.c.obj
 .text.USBD_FS_SerialStrDescriptor
                0x08008a20       0x14 CMakeFiles/omni-infantry.elf.dir/USB_DEVICE/App/usbd_desc.c.obj
                0x08008a20                USBD_FS_SerialStrDescriptor
 .text.USBD_FS_ProductStrDescriptor
                0x08008a34       0x24 CMakeFiles/omni-infantry.elf.dir/USB_DEVICE/App/usbd_desc.c.obj
                0x08008a34                USBD_FS_ProductStrDescriptor
 .text.USBD_FS_ManufacturerStrDescriptor
                0x08008a58       0x1c CMakeFiles/omni-infantry.elf.dir/USB_DEVICE/App/usbd_desc.c.obj
                0x08008a58                USBD_FS_ManufacturerStrDescriptor
 .text.USBD_FS_ConfigStrDescriptor
                0x08008a74       0x24 CMakeFiles/omni-infantry.elf.dir/USB_DEVICE/App/usbd_desc.c.obj
                0x08008a74                USBD_FS_ConfigStrDescriptor
 .text.USBD_FS_InterfaceStrDescriptor
                0x08008a98       0x24 CMakeFiles/omni-infantry.elf.dir/USB_DEVICE/App/usbd_desc.c.obj
                0x08008a98                USBD_FS_InterfaceStrDescriptor
 .text.HAL_PCD_MspInit
                0x08008abc       0x84 CMakeFiles/omni-infantry.elf.dir/USB_DEVICE/Target/usbd_conf.c.obj
                0x08008abc                HAL_PCD_MspInit
 .text.HAL_PCD_SetupStageCallback
                0x08008b40       0x10 CMakeFiles/omni-infantry.elf.dir/USB_DEVICE/Target/usbd_conf.c.obj
                0x08008b40                HAL_PCD_SetupStageCallback
 .text.HAL_PCD_DataOutStageCallback
                0x08008b50       0x18 CMakeFiles/omni-infantry.elf.dir/USB_DEVICE/Target/usbd_conf.c.obj
                0x08008b50                HAL_PCD_DataOutStageCallback
 .text.HAL_PCD_DataInStageCallback
                0x08008b68       0x16 CMakeFiles/omni-infantry.elf.dir/USB_DEVICE/Target/usbd_conf.c.obj
                0x08008b68                HAL_PCD_DataInStageCallback
 .text.HAL_PCD_SOFCallback
                0x08008b7e        0xc CMakeFiles/omni-infantry.elf.dir/USB_DEVICE/Target/usbd_conf.c.obj
                0x08008b7e                HAL_PCD_SOFCallback
 .text.HAL_PCD_ResetCallback
                0x08008b8a       0x2c CMakeFiles/omni-infantry.elf.dir/USB_DEVICE/Target/usbd_conf.c.obj
                0x08008b8a                HAL_PCD_ResetCallback
 *fill*         0x08008bb6        0x2 
 .text.HAL_PCD_SuspendCallback
                0x08008bb8       0x30 CMakeFiles/omni-infantry.elf.dir/USB_DEVICE/Target/usbd_conf.c.obj
                0x08008bb8                HAL_PCD_SuspendCallback
 .text.HAL_PCD_ResumeCallback
                0x08008be8        0xc CMakeFiles/omni-infantry.elf.dir/USB_DEVICE/Target/usbd_conf.c.obj
                0x08008be8                HAL_PCD_ResumeCallback
 .text.HAL_PCD_ISOOUTIncompleteCallback
                0x08008bf4        0xc CMakeFiles/omni-infantry.elf.dir/USB_DEVICE/Target/usbd_conf.c.obj
                0x08008bf4                HAL_PCD_ISOOUTIncompleteCallback
 .text.HAL_PCD_ISOINIncompleteCallback
                0x08008c00        0xc CMakeFiles/omni-infantry.elf.dir/USB_DEVICE/Target/usbd_conf.c.obj
                0x08008c00                HAL_PCD_ISOINIncompleteCallback
 .text.HAL_PCD_ConnectCallback
                0x08008c0c        0xc CMakeFiles/omni-infantry.elf.dir/USB_DEVICE/Target/usbd_conf.c.obj
                0x08008c0c                HAL_PCD_ConnectCallback
 .text.HAL_PCD_DisconnectCallback
                0x08008c18        0xc CMakeFiles/omni-infantry.elf.dir/USB_DEVICE/Target/usbd_conf.c.obj
                0x08008c18                HAL_PCD_DisconnectCallback
 .text.USBD_LL_Init
                0x08008c24       0x68 CMakeFiles/omni-infantry.elf.dir/USB_DEVICE/Target/usbd_conf.c.obj
                0x08008c24                USBD_LL_Init
 .text.USBD_LL_IsStallEP
                0x08008c8c       0x2e CMakeFiles/omni-infantry.elf.dir/USB_DEVICE/Target/usbd_conf.c.obj
                0x08008c8c                USBD_LL_IsStallEP
 .text.USBD_LL_GetRxDataSize
                0x08008cba        0xc CMakeFiles/omni-infantry.elf.dir/USB_DEVICE/Target/usbd_conf.c.obj
                0x08008cba                USBD_LL_GetRxDataSize
 *fill*         0x08008cc6        0x2 
 .text.USBD_static_malloc
                0x08008cc8        0x8 CMakeFiles/omni-infantry.elf.dir/USB_DEVICE/Target/usbd_conf.c.obj
                0x08008cc8                USBD_static_malloc
 .text.USBD_static_free
                0x08008cd0        0x2 CMakeFiles/omni-infantry.elf.dir/USB_DEVICE/Target/usbd_conf.c.obj
                0x08008cd0                USBD_static_free
 .text.USBD_Get_USB_Status
                0x08008cd2       0x14 CMakeFiles/omni-infantry.elf.dir/USB_DEVICE/Target/usbd_conf.c.obj
                0x08008cd2                USBD_Get_USB_Status
 .text.USBD_LL_Start
                0x08008ce6       0x10 CMakeFiles/omni-infantry.elf.dir/USB_DEVICE/Target/usbd_conf.c.obj
                0x08008ce6                USBD_LL_Start
 .text.USBD_LL_OpenEP
                0x08008cf6       0x16 CMakeFiles/omni-infantry.elf.dir/USB_DEVICE/Target/usbd_conf.c.obj
                0x08008cf6                USBD_LL_OpenEP
 .text.USBD_LL_CloseEP
                0x08008d0c       0x10 CMakeFiles/omni-infantry.elf.dir/USB_DEVICE/Target/usbd_conf.c.obj
                0x08008d0c                USBD_LL_CloseEP
 .text.USBD_LL_StallEP
                0x08008d1c       0x10 CMakeFiles/omni-infantry.elf.dir/USB_DEVICE/Target/usbd_conf.c.obj
                0x08008d1c                USBD_LL_StallEP
 .text.USBD_LL_ClearStallEP
                0x08008d2c       0x10 CMakeFiles/omni-infantry.elf.dir/USB_DEVICE/Target/usbd_conf.c.obj
                0x08008d2c                USBD_LL_ClearStallEP
 .text.USBD_LL_SetUSBAddress
                0x08008d3c       0x10 CMakeFiles/omni-infantry.elf.dir/USB_DEVICE/Target/usbd_conf.c.obj
                0x08008d3c                USBD_LL_SetUSBAddress
 .text.USBD_LL_Transmit
                0x08008d4c       0x10 CMakeFiles/omni-infantry.elf.dir/USB_DEVICE/Target/usbd_conf.c.obj
                0x08008d4c                USBD_LL_Transmit
 .text.USBD_LL_PrepareReceive
                0x08008d5c       0x10 CMakeFiles/omni-infantry.elf.dir/USB_DEVICE/Target/usbd_conf.c.obj
                0x08008d5c                USBD_LL_PrepareReceive
 .text.imu_cali_slove
                0x08008d6c       0xbc CMakeFiles/omni-infantry.elf.dir/application/Atti.c.obj
 .text.imu_temp_control
                0x08008e28       0xa0 CMakeFiles/omni-infantry.elf.dir/application/Atti.c.obj
 .text.imu_cmd_spi_dma
                0x08008ec8      0x180 CMakeFiles/omni-infantry.elf.dir/application/Atti.c.obj
 .text.INS_task
                0x08009048      0x268 CMakeFiles/omni-infantry.elf.dir/application/Atti.c.obj
                0x08009048                INS_task
 .text.gyro_offset_calc
                0x080092b0       0x54 CMakeFiles/omni-infantry.elf.dir/application/Atti.c.obj
                0x080092b0                gyro_offset_calc
 .text.INS_cali_gyro
                0x08009304       0x48 CMakeFiles/omni-infantry.elf.dir/application/Atti.c.obj
                0x08009304                INS_cali_gyro
 .text.INS_set_cali_gyro
                0x0800934c       0x28 CMakeFiles/omni-infantry.elf.dir/application/Atti.c.obj
                0x0800934c                INS_set_cali_gyro
 .text.HAL_GPIO_EXTI_Callback
                0x08009374       0x94 CMakeFiles/omni-infantry.elf.dir/application/Atti.c.obj
                0x08009374                HAL_GPIO_EXTI_Callback
 .text.DMA2_Stream2_IRQHandler
                0x08009408      0x6b0 CMakeFiles/omni-infantry.elf.dir/application/Atti.c.obj
                0x08009408                DMA2_Stream2_IRQHandler
 .text.cali_gimbal_hook
                0x08009ab8       0x1a CMakeFiles/omni-infantry.elf.dir/application/Calibrate.c.obj
 *fill*         0x08009ad2        0x2 
 .text.cali_gyro_hook
                0x08009ad4       0x58 CMakeFiles/omni-infantry.elf.dir/application/Calibrate.c.obj
 .text.cali_head_hook
                0x08009b2c       0x44 CMakeFiles/omni-infantry.elf.dir/application/Calibrate.c.obj
 .text.RC_cmd_to_calibrate
                0x08009b70      0x304 CMakeFiles/omni-infantry.elf.dir/application/Calibrate.c.obj
 .text.cali_data_write
                0x08009e74       0x70 CMakeFiles/omni-infantry.elf.dir/application/Calibrate.c.obj
 .text.cali_data_read
                0x08009ee4       0x90 CMakeFiles/omni-infantry.elf.dir/application/Calibrate.c.obj
 .text.calibrate_task
                0x08009f74       0xa0 CMakeFiles/omni-infantry.elf.dir/application/Calibrate.c.obj
                0x08009f74                calibrate_task
 .text.get_control_temperature
                0x0800a014        0xc CMakeFiles/omni-infantry.elf.dir/application/Calibrate.c.obj
                0x0800a014                get_control_temperature
 .text.cali_param_init
                0x0800a020       0x78 CMakeFiles/omni-infantry.elf.dir/application/Calibrate.c.obj
                0x0800a020                cali_param_init
 .text.change_current_to_pwm
                0x0800a098       0x48 CMakeFiles/omni-infantry.elf.dir/application/Chassis.c.obj
                0x0800a098                change_current_to_pwm
 .text.chassis_task
                0x0800a0e0      0x208 CMakeFiles/omni-infantry.elf.dir/application/Chassis.c.obj
                0x0800a0e0                chassis_task
 .text.detect_handle
                0x0800a2e8       0x18 CMakeFiles/omni-infantry.elf.dir/application/Detection.c.obj
                0x0800a2e8                detect_handle
 .text.judge_team_client
                0x0800a300      0x178 CMakeFiles/omni-infantry.elf.dir/application/Referee.c.obj
                0x0800a300                judge_team_client
 .text.Referee_read_data
                0x0800a478      0x364 CMakeFiles/omni-infantry.elf.dir/application/Referee.c.obj
 .text.USART6_IRQHandler
                0x0800a7dc       0xb8 CMakeFiles/omni-infantry.elf.dir/application/Referee.c.obj
                0x0800a7dc                USART6_IRQHandler
 .text.can_send_motor_lg
                0x0800a894       0x60 CMakeFiles/omni-infantry.elf.dir/application/can_receive.c.obj
                0x0800a894                can_send_motor_lg
 .text.HAL_CAN_RxFifo0MsgPendingCallback
                0x0800a8f4       0x64 CMakeFiles/omni-infantry.elf.dir/application/can_receive.c.obj
                0x0800a8f4                HAL_CAN_RxFifo0MsgPendingCallback
 .text.sbus_to_rc
                0x0800a958      0x136 CMakeFiles/omni-infantry.elf.dir/application/remote.c.obj
 *fill*         0x0800aa8e        0x2 
 .text.remote_control_init
                0x0800aa90       0x14 CMakeFiles/omni-infantry.elf.dir/application/remote.c.obj
                0x0800aa90                remote_control_init
 .text.USART3_IRQHandler
                0x0800aaa4       0xe4 CMakeFiles/omni-infantry.elf.dir/application/remote.c.obj
                0x0800aaa4                USART3_IRQHandler
 .text.adcx_get_chx_value
                0x0800ab88       0x3c CMakeFiles/omni-infantry.elf.dir/bsp/bsp_adc.c.obj
 .text.get_temprate
                0x0800abc4       0x48 CMakeFiles/omni-infantry.elf.dir/bsp/bsp_adc.c.obj
                0x0800abc4                get_temprate
 .text.buzzer_on
                0x0800ac0c       0x10 CMakeFiles/omni-infantry.elf.dir/bsp/bsp_buzzer.c.obj
                0x0800ac0c                buzzer_on
 .text.buzzer_off
                0x0800ac1c       0x10 CMakeFiles/omni-infantry.elf.dir/bsp/bsp_buzzer.c.obj
                0x0800ac1c                buzzer_off
 .text.can_filter_init
                0x0800ac2c       0x5c CMakeFiles/omni-infantry.elf.dir/bsp/bsp_can.c.obj
                0x0800ac2c                can_filter_init
 .text.delay_init
                0x0800ac88       0x34 CMakeFiles/omni-infantry.elf.dir/bsp/bsp_delay.c.obj
                0x0800ac88                delay_init
 .text.delay_us
                0x0800acbc       0x40 CMakeFiles/omni-infantry.elf.dir/bsp/bsp_delay.c.obj
                0x0800acbc                delay_us
 .text.flash_read
                0x0800acfc       0x10 CMakeFiles/omni-infantry.elf.dir/bsp/bsp_flash.c.obj
                0x0800acfc                flash_read
 .text.ger_sector
                0x0800ad0c       0xc2 CMakeFiles/omni-infantry.elf.dir/bsp/bsp_flash.c.obj
                0x0800ad0c                ger_sector
 .text.flash_erase_address
                0x0800adce       0x2a CMakeFiles/omni-infantry.elf.dir/bsp/bsp_flash.c.obj
                0x0800adce                flash_erase_address
 .text.get_next_flash_address
                0x0800adf8       0xf0 CMakeFiles/omni-infantry.elf.dir/bsp/bsp_flash.c.obj
                0x0800adf8                get_next_flash_address
 .text.flash_write_single_address
                0x0800aee8       0x80 CMakeFiles/omni-infantry.elf.dir/bsp/bsp_flash.c.obj
                0x0800aee8                flash_write_single_address
 .text.imu_pwm_set
                0x0800af68        0xc CMakeFiles/omni-infantry.elf.dir/bsp/bsp_imu_pwm.c.obj
                0x0800af68                imu_pwm_set
 .text.led_init
                0x0800af74       0x68 CMakeFiles/omni-infantry.elf.dir/bsp/bsp_led.c.obj
                0x0800af74                led_init
 .text.RC_Init  0x0800afdc       0x68 CMakeFiles/omni-infantry.elf.dir/bsp/bsp_rc.c.obj
                0x0800afdc                RC_Init
 .text.RC_unable
                0x0800b044       0x14 CMakeFiles/omni-infantry.elf.dir/bsp/bsp_rc.c.obj
                0x0800b044                RC_unable
 .text.RC_restart
                0x0800b058       0x40 CMakeFiles/omni-infantry.elf.dir/bsp/bsp_rc.c.obj
                0x0800b058                RC_restart
 .text.SPI1_DMA_init
                0x0800b098      0x114 CMakeFiles/omni-infantry.elf.dir/bsp/bsp_spi.c.obj
                0x0800b098                SPI1_DMA_init
 .text.SPI1_DMA_enable
                0x0800b1ac     0x1d78 CMakeFiles/omni-infantry.elf.dir/bsp/bsp_spi.c.obj
                0x0800b1ac                SPI1_DMA_enable
 .text.usart6_init
                0x0800cf24       0xd8 CMakeFiles/omni-infantry.elf.dir/bsp/bsp_usart.c.obj
                0x0800cf24                usart6_init
 .text.AHRS_init
                0x0800cffc       0x10 CMakeFiles/omni-infantry.elf.dir/component/algorithm/AHRS.c.obj
                0x0800cffc                AHRS_init
 .text.MahonyAHRSupdateIMU
                0x0800d00c      0x278 CMakeFiles/omni-infantry.elf.dir/component/algorithm/AHRS.c.obj
                0x0800d00c                MahonyAHRSupdateIMU
 .text.MahonyAHRSupdate
                0x0800d284      0x3f4 CMakeFiles/omni-infantry.elf.dir/component/algorithm/AHRS.c.obj
                0x0800d284                MahonyAHRSupdate
 .text.AHRS_update
                0x0800d678       0x2c CMakeFiles/omni-infantry.elf.dir/component/algorithm/AHRS.c.obj
                0x0800d678                AHRS_update
 .text.get_angle
                0x0800d6a4       0xbc CMakeFiles/omni-infantry.elf.dir/component/algorithm/AHRS.c.obj
                0x0800d6a4                get_angle
 .text.AHRS_invSqrt
                0x0800d760       0x10 CMakeFiles/omni-infantry.elf.dir/component/algorithm/AHRS_MiddleWare.c.obj
                0x0800d760                AHRS_invSqrt
 .text.first_Kalman_Create
                0x0800d770       0x1c CMakeFiles/omni-infantry.elf.dir/component/algorithm/filter.c.obj
                0x0800d770                first_Kalman_Create
 .text.first_Kalman_Filter
                0x0800d78c       0x5e CMakeFiles/omni-infantry.elf.dir/component/algorithm/filter.c.obj
                0x0800d78c                first_Kalman_Filter
 *fill*         0x0800d7ea        0x2 
 .text.usb_receiver
                0x0800d7ec       0x14 CMakeFiles/omni-infantry.elf.dir/component/comunication/decode.c.obj
                0x0800d7ec                usb_receiver
 .text.abs_limit
                0x0800d800       0x2a CMakeFiles/omni-infantry.elf.dir/component/controller/PID.c.obj
 .text.pid_init